<!doctype html public "-//w3c//dtd html 4.0 transitional//en">
<html><head>
<title>Static Call Graph - [..\OBJ\Template.axf]</title></head>
<body><HR>
<H1>Static Call Graph for image ..\OBJ\Template.axf</H1><HR>
<BR><P>#&#060CALLGRAPH&#062# ARM Linker, 5050106: Last Updated: Mon Jan 09 17:36:50 2017
<BR><P>
<H3>Maximum Stack Usage =        728 bytes + Unknown(Functions without stacksize, Cycles, Untraceable Function Pointers)</H3><H3>
Call chain for Maximum Stack Depth:</H3>
tcpip_thread &rArr; ethernet_input &rArr; ip_input &rArr; tcp_input &rArr; tcp_listen_input &rArr; tcp_alloc &rArr; tcp_kill_prio &rArr; tcp_abort &rArr; tcp_abandon &rArr; tcp_pcb_remove &rArr; tcp_output &rArr; tcp_output_segment &rArr; ip_output &rArr; ip_output_if &rArr; ip_frag &rArr; pbuf_alloc &rArr; pbuf_free &rArr; mem_free &rArr; plug_holes &rArr; __2printf &rArr; _printf_char_file &rArr; _printf_char_common &rArr; __printf
<P>
<H3>
Functions with no stack information
</H3><UL>
 <LI><a href="#[35b]">__user_initial_stackheap</a>
 <LI><a href="#[c0]">OS_CPU_SR_Save</a>
 <LI><a href="#[c2]">OS_CPU_SR_Restore</a>
 <LI><a href="#[30b]">OSStartHighRdy</a>
 <LI><a href="#[30a]">OSCtxSw</a>
 <LI><a href="#[308]">OSIntCtxSw</a>
 <LI><a href="#[c]">PendSV_Handler</a>
</UL>
</UL>
<P>
<H3>
Mutually Recursive functions
</H3> <LI><a href="#[a]">SVC_Handler</a>&nbsp;&nbsp;&nbsp;&rArr;&nbsp;&nbsp;&nbsp;<a href="#[a]">SVC_Handler</a><BR>
 <LI><a href="#[20]">ADC_IRQHandler</a>&nbsp;&nbsp;&nbsp;&rArr;&nbsp;&nbsp;&nbsp;<a href="#[20]">ADC_IRQHandler</a><BR>
 <LI><a href="#[2c2]">netconn_drain</a>&nbsp;&nbsp;&nbsp;&rArr;&nbsp;&nbsp;&nbsp;<a href="#[2c2]">netconn_drain</a><BR>
</UL>
<P>
<H3>
Function Pointers
</H3><UL>
 <LI><a href="#[20]">ADC_IRQHandler</a> from startup_stm32f40_41xxx.o(.text) referenced from startup_stm32f40_41xxx.o(RESET)
 <LI><a href="#[60]">App_TaskCAN</a> from main.o(.text) referenced from main.o(.text)
 <LI><a href="#[61]">App_TaskKEY</a> from main.o(.text) referenced from main.o(.text)
 <LI><a href="#[62]">App_TaskLCD</a> from main.o(.text) referenced from main.o(.text)
 <LI><a href="#[63]">App_TaskMB</a> from main.o(.text) referenced from main.o(.text)
 <LI><a href="#[64]">App_TaskNET</a> from main.o(.text) referenced from main.o(.text)
 <LI><a href="#[65]">App_TaskStart</a> from main.o(.text) referenced from main.o(.text)
 <LI><a href="#[9a]">BEEP_CGI_Handler</a> from httpd_cgi_ssi.o(.text) referenced from httpd_cgi_ssi.o(.constdata)
 <LI><a href="#[8]">BusFault_Handler</a> from stm32f4xx_it.o(.text) referenced from startup_stm32f40_41xxx.o(RESET)
 <LI><a href="#[22]">CAN1_RX0_IRQHandler</a> from stm32f4xx_it.o(.text) referenced from startup_stm32f40_41xxx.o(RESET)
 <LI><a href="#[23]">CAN1_RX1_IRQHandler</a> from startup_stm32f40_41xxx.o(.text) referenced from startup_stm32f40_41xxx.o(RESET)
 <LI><a href="#[24]">CAN1_SCE_IRQHandler</a> from startup_stm32f40_41xxx.o(.text) referenced from startup_stm32f40_41xxx.o(RESET)
 <LI><a href="#[21]">CAN1_TX_IRQHandler</a> from startup_stm32f40_41xxx.o(.text) referenced from startup_stm32f40_41xxx.o(RESET)
 <LI><a href="#[4e]">CAN2_RX0_IRQHandler</a> from startup_stm32f40_41xxx.o(.text) referenced from startup_stm32f40_41xxx.o(RESET)
 <LI><a href="#[4f]">CAN2_RX1_IRQHandler</a> from startup_stm32f40_41xxx.o(.text) referenced from startup_stm32f40_41xxx.o(RESET)
 <LI><a href="#[50]">CAN2_SCE_IRQHandler</a> from startup_stm32f40_41xxx.o(.text) referenced from startup_stm32f40_41xxx.o(RESET)
 <LI><a href="#[4d]">CAN2_TX_IRQHandler</a> from startup_stm32f40_41xxx.o(.text) referenced from startup_stm32f40_41xxx.o(RESET)
 <LI><a href="#[5d]">CRYP_IRQHandler</a> from startup_stm32f40_41xxx.o(.text) referenced from startup_stm32f40_41xxx.o(RESET)
 <LI><a href="#[5c]">DCMI_IRQHandler</a> from startup_stm32f40_41xxx.o(.text) referenced from startup_stm32f40_41xxx.o(RESET)
 <LI><a href="#[19]">DMA1_Stream0_IRQHandler</a> from startup_stm32f40_41xxx.o(.text) referenced from startup_stm32f40_41xxx.o(RESET)
 <LI><a href="#[1a]">DMA1_Stream1_IRQHandler</a> from startup_stm32f40_41xxx.o(.text) referenced from startup_stm32f40_41xxx.o(RESET)
 <LI><a href="#[1b]">DMA1_Stream2_IRQHandler</a> from startup_stm32f40_41xxx.o(.text) referenced from startup_stm32f40_41xxx.o(RESET)
 <LI><a href="#[1c]">DMA1_Stream3_IRQHandler</a> from startup_stm32f40_41xxx.o(.text) referenced from startup_stm32f40_41xxx.o(RESET)
 <LI><a href="#[1d]">DMA1_Stream4_IRQHandler</a> from startup_stm32f40_41xxx.o(.text) referenced from startup_stm32f40_41xxx.o(RESET)
 <LI><a href="#[1e]">DMA1_Stream5_IRQHandler</a> from startup_stm32f40_41xxx.o(.text) referenced from startup_stm32f40_41xxx.o(RESET)
 <LI><a href="#[1f]">DMA1_Stream6_IRQHandler</a> from startup_stm32f40_41xxx.o(.text) referenced from startup_stm32f40_41xxx.o(RESET)
 <LI><a href="#[3d]">DMA1_Stream7_IRQHandler</a> from startup_stm32f40_41xxx.o(.text) referenced from startup_stm32f40_41xxx.o(RESET)
 <LI><a href="#[46]">DMA2_Stream0_IRQHandler</a> from startup_stm32f40_41xxx.o(.text) referenced from startup_stm32f40_41xxx.o(RESET)
 <LI><a href="#[47]">DMA2_Stream1_IRQHandler</a> from startup_stm32f40_41xxx.o(.text) referenced from startup_stm32f40_41xxx.o(RESET)
 <LI><a href="#[48]">DMA2_Stream2_IRQHandler</a> from startup_stm32f40_41xxx.o(.text) referenced from startup_stm32f40_41xxx.o(RESET)
 <LI><a href="#[49]">DMA2_Stream3_IRQHandler</a> from startup_stm32f40_41xxx.o(.text) referenced from startup_stm32f40_41xxx.o(RESET)
 <LI><a href="#[4a]">DMA2_Stream4_IRQHandler</a> from startup_stm32f40_41xxx.o(.text) referenced from startup_stm32f40_41xxx.o(RESET)
 <LI><a href="#[52]">DMA2_Stream5_IRQHandler</a> from startup_stm32f40_41xxx.o(.text) referenced from startup_stm32f40_41xxx.o(RESET)
 <LI><a href="#[53]">DMA2_Stream6_IRQHandler</a> from startup_stm32f40_41xxx.o(.text) referenced from startup_stm32f40_41xxx.o(RESET)
 <LI><a href="#[54]">DMA2_Stream7_IRQHandler</a> from startup_stm32f40_41xxx.o(.text) referenced from startup_stm32f40_41xxx.o(RESET)
 <LI><a href="#[b]">DebugMon_Handler</a> from stm32f4xx_it.o(.text) referenced from startup_stm32f40_41xxx.o(RESET)
 <LI><a href="#[4b]">ETH_IRQHandler</a> from lan8720.o(.text) referenced from startup_stm32f40_41xxx.o(RESET)
 <LI><a href="#[4c]">ETH_WKUP_IRQHandler</a> from startup_stm32f40_41xxx.o(.text) referenced from startup_stm32f40_41xxx.o(RESET)
 <LI><a href="#[14]">EXTI0_IRQHandler</a> from startup_stm32f40_41xxx.o(.text) referenced from startup_stm32f40_41xxx.o(RESET)
 <LI><a href="#[36]">EXTI15_10_IRQHandler</a> from startup_stm32f40_41xxx.o(.text) referenced from startup_stm32f40_41xxx.o(RESET)
 <LI><a href="#[15]">EXTI1_IRQHandler</a> from startup_stm32f40_41xxx.o(.text) referenced from startup_stm32f40_41xxx.o(RESET)
 <LI><a href="#[16]">EXTI2_IRQHandler</a> from startup_stm32f40_41xxx.o(.text) referenced from startup_stm32f40_41xxx.o(RESET)
 <LI><a href="#[17]">EXTI3_IRQHandler</a> from startup_stm32f40_41xxx.o(.text) referenced from startup_stm32f40_41xxx.o(RESET)
 <LI><a href="#[18]">EXTI4_IRQHandler</a> from startup_stm32f40_41xxx.o(.text) referenced from startup_stm32f40_41xxx.o(RESET)
 <LI><a href="#[25]">EXTI9_5_IRQHandler</a> from startup_stm32f40_41xxx.o(.text) referenced from startup_stm32f40_41xxx.o(RESET)
 <LI><a href="#[12]">FLASH_IRQHandler</a> from startup_stm32f40_41xxx.o(.text) referenced from startup_stm32f40_41xxx.o(RESET)
 <LI><a href="#[5f]">FPU_IRQHandler</a> from startup_stm32f40_41xxx.o(.text) referenced from startup_stm32f40_41xxx.o(RESET)
 <LI><a href="#[3e]">FSMC_IRQHandler</a> from startup_stm32f40_41xxx.o(.text) referenced from startup_stm32f40_41xxx.o(RESET)
 <LI><a href="#[5e]">HASH_RNG_IRQHandler</a> from startup_stm32f40_41xxx.o(.text) referenced from startup_stm32f40_41xxx.o(RESET)
 <LI><a href="#[6]">HardFault_Handler</a> from stm32f4xx_it.o(.text) referenced from startup_stm32f40_41xxx.o(RESET)
 <LI><a href="#[2e]">I2C1_ER_IRQHandler</a> from startup_stm32f40_41xxx.o(.text) referenced from startup_stm32f40_41xxx.o(RESET)
 <LI><a href="#[2d]">I2C1_EV_IRQHandler</a> from startup_stm32f40_41xxx.o(.text) referenced from startup_stm32f40_41xxx.o(RESET)
 <LI><a href="#[30]">I2C2_ER_IRQHandler</a> from startup_stm32f40_41xxx.o(.text) referenced from startup_stm32f40_41xxx.o(RESET)
 <LI><a href="#[2f]">I2C2_EV_IRQHandler</a> from startup_stm32f40_41xxx.o(.text) referenced from startup_stm32f40_41xxx.o(RESET)
 <LI><a href="#[57]">I2C3_ER_IRQHandler</a> from startup_stm32f40_41xxx.o(.text) referenced from startup_stm32f40_41xxx.o(RESET)
 <LI><a href="#[56]">I2C3_EV_IRQHandler</a> from startup_stm32f40_41xxx.o(.text) referenced from startup_stm32f40_41xxx.o(RESET)
 <LI><a href="#[99]">LEDS_CGI_Handler</a> from httpd_cgi_ssi.o(.text) referenced from httpd_cgi_ssi.o(.constdata)
 <LI><a href="#[7]">MemManage_Handler</a> from stm32f4xx_it.o(.text) referenced from startup_stm32f40_41xxx.o(RESET)
 <LI><a href="#[5]">NMI_Handler</a> from stm32f4xx_it.o(.text) referenced from startup_stm32f40_41xxx.o(RESET)
 <LI><a href="#[95]">OSTaskSwHook</a> from os_cpu_c.o(.text) referenced from os_cpu_a.o(.text)
 <LI><a href="#[93]">OSTmr_Task</a> from os_tmr.o(.text) referenced from os_tmr.o(.text)
 <LI><a href="#[2f9]">OS_TaskIdle</a> from os_core.o(.text) referenced from os_core.o(.text)
 <LI><a href="#[94]">OS_TaskReturn</a> from os_task.o(.text) referenced from os_cpu_c.o(.text)
 <LI><a href="#[2f4]">OS_TaskStat</a> from os_core.o(.text) referenced from os_core.o(.text)
 <LI><a href="#[51]">OTG_FS_IRQHandler</a> from startup_stm32f40_41xxx.o(.text) referenced from startup_stm32f40_41xxx.o(RESET)
 <LI><a href="#[38]">OTG_FS_WKUP_IRQHandler</a> from startup_stm32f40_41xxx.o(.text) referenced from startup_stm32f40_41xxx.o(RESET)
 <LI><a href="#[59]">OTG_HS_EP1_IN_IRQHandler</a> from startup_stm32f40_41xxx.o(.text) referenced from startup_stm32f40_41xxx.o(RESET)
 <LI><a href="#[58]">OTG_HS_EP1_OUT_IRQHandler</a> from startup_stm32f40_41xxx.o(.text) referenced from startup_stm32f40_41xxx.o(RESET)
 <LI><a href="#[5b]">OTG_HS_IRQHandler</a> from startup_stm32f40_41xxx.o(.text) referenced from startup_stm32f40_41xxx.o(RESET)
 <LI><a href="#[5a]">OTG_HS_WKUP_IRQHandler</a> from startup_stm32f40_41xxx.o(.text) referenced from startup_stm32f40_41xxx.o(RESET)
 <LI><a href="#[f]">PVD_IRQHandler</a> from startup_stm32f40_41xxx.o(.text) referenced from startup_stm32f40_41xxx.o(RESET)
 <LI><a href="#[c]">PendSV_Handler</a> from os_cpu_a.o(.text) referenced from startup_stm32f40_41xxx.o(RESET)
 <LI><a href="#[13]">RCC_IRQHandler</a> from startup_stm32f40_41xxx.o(.text) referenced from startup_stm32f40_41xxx.o(RESET)
 <LI><a href="#[37]">RTC_Alarm_IRQHandler</a> from startup_stm32f40_41xxx.o(.text) referenced from startup_stm32f40_41xxx.o(RESET)
 <LI><a href="#[11]">RTC_WKUP_IRQHandler</a> from startup_stm32f40_41xxx.o(.text) referenced from startup_stm32f40_41xxx.o(RESET)
 <LI><a href="#[4]">Reset_Handler</a> from startup_stm32f40_41xxx.o(.text) referenced from startup_stm32f40_41xxx.o(RESET)
 <LI><a href="#[3f]">SDIO_IRQHandler</a> from startup_stm32f40_41xxx.o(.text) referenced from startup_stm32f40_41xxx.o(RESET)
 <LI><a href="#[31]">SPI1_IRQHandler</a> from startup_stm32f40_41xxx.o(.text) referenced from startup_stm32f40_41xxx.o(RESET)
 <LI><a href="#[32]">SPI2_IRQHandler</a> from startup_stm32f40_41xxx.o(.text) referenced from startup_stm32f40_41xxx.o(RESET)
 <LI><a href="#[41]">SPI3_IRQHandler</a> from startup_stm32f40_41xxx.o(.text) referenced from startup_stm32f40_41xxx.o(RESET)
 <LI><a href="#[6f]">SSIHandler</a> from httpd_cgi_ssi.o(.text) referenced from httpd_cgi_ssi.o(.text)
 <LI><a href="#[a]">SVC_Handler</a> from startup_stm32f40_41xxx.o(.text) referenced from startup_stm32f40_41xxx.o(RESET)
 <LI><a href="#[d]">SysTick_Handler</a> from delay.o(.text) referenced from startup_stm32f40_41xxx.o(RESET)
 <LI><a href="#[66]">SystemInit</a> from system_stm32f4xx.o(.text) referenced from startup_stm32f40_41xxx.o(.text)
 <LI><a href="#[10]">TAMP_STAMP_IRQHandler</a> from startup_stm32f40_41xxx.o(.text) referenced from startup_stm32f40_41xxx.o(RESET)
 <LI><a href="#[26]">TIM1_BRK_TIM9_IRQHandler</a> from startup_stm32f40_41xxx.o(.text) referenced from startup_stm32f40_41xxx.o(RESET)
 <LI><a href="#[29]">TIM1_CC_IRQHandler</a> from startup_stm32f40_41xxx.o(.text) referenced from startup_stm32f40_41xxx.o(RESET)
 <LI><a href="#[28]">TIM1_TRG_COM_TIM11_IRQHandler</a> from startup_stm32f40_41xxx.o(.text) referenced from startup_stm32f40_41xxx.o(RESET)
 <LI><a href="#[27]">TIM1_UP_TIM10_IRQHandler</a> from startup_stm32f40_41xxx.o(.text) referenced from startup_stm32f40_41xxx.o(RESET)
 <LI><a href="#[2a]">TIM2_IRQHandler</a> from bsp_lcd_tim.o(.text) referenced from startup_stm32f40_41xxx.o(RESET)
 <LI><a href="#[2b]">TIM3_IRQHandler</a> from timer.o(.text) referenced from startup_stm32f40_41xxx.o(RESET)
 <LI><a href="#[2c]">TIM4_IRQHandler</a> from bsp_mb_timer.o(.text) referenced from startup_stm32f40_41xxx.o(RESET)
 <LI><a href="#[40]">TIM5_IRQHandler</a> from startup_stm32f40_41xxx.o(.text) referenced from startup_stm32f40_41xxx.o(RESET)
 <LI><a href="#[44]">TIM6_DAC_IRQHandler</a> from startup_stm32f40_41xxx.o(.text) referenced from startup_stm32f40_41xxx.o(RESET)
 <LI><a href="#[45]">TIM7_IRQHandler</a> from startup_stm32f40_41xxx.o(.text) referenced from startup_stm32f40_41xxx.o(RESET)
 <LI><a href="#[39]">TIM8_BRK_TIM12_IRQHandler</a> from startup_stm32f40_41xxx.o(.text) referenced from startup_stm32f40_41xxx.o(RESET)
 <LI><a href="#[3c]">TIM8_CC_IRQHandler</a> from startup_stm32f40_41xxx.o(.text) referenced from startup_stm32f40_41xxx.o(RESET)
 <LI><a href="#[3b]">TIM8_TRG_COM_TIM14_IRQHandler</a> from startup_stm32f40_41xxx.o(.text) referenced from startup_stm32f40_41xxx.o(RESET)
 <LI><a href="#[3a]">TIM8_UP_TIM13_IRQHandler</a> from startup_stm32f40_41xxx.o(.text) referenced from startup_stm32f40_41xxx.o(RESET)
 <LI><a href="#[42]">UART4_IRQHandler</a> from startup_stm32f40_41xxx.o(.text) referenced from startup_stm32f40_41xxx.o(RESET)
 <LI><a href="#[43]">UART5_IRQHandler</a> from startup_stm32f40_41xxx.o(.text) referenced from startup_stm32f40_41xxx.o(RESET)
 <LI><a href="#[33]">USART1_IRQHandler</a> from usart.o(.text) referenced from startup_stm32f40_41xxx.o(RESET)
 <LI><a href="#[34]">USART2_IRQHandler</a> from startup_stm32f40_41xxx.o(.text) referenced from startup_stm32f40_41xxx.o(RESET)
 <LI><a href="#[35]">USART3_IRQHandler</a> from bsp_mb_usart.o(.text) referenced from startup_stm32f40_41xxx.o(RESET)
 <LI><a href="#[55]">USART6_IRQHandler</a> from startup_stm32f40_41xxx.o(.text) referenced from startup_stm32f40_41xxx.o(RESET)
 <LI><a href="#[9]">UsageFault_Handler</a> from stm32f4xx_it.o(.text) referenced from startup_stm32f40_41xxx.o(RESET)
 <LI><a href="#[e]">WWDG_IRQHandler</a> from startup_stm32f40_41xxx.o(.text) referenced from startup_stm32f40_41xxx.o(RESET)
 <LI><a href="#[9b]">__main</a> from __main.o(!!!main) referenced from startup_stm32f40_41xxx.o(.text)
 <LI><a href="#[96]">_get_lc_ctype</a> from lc_ctype_c.o(locale$$code) referenced from rt_ctype_table.o(.text)
 <LI><a href="#[98]">_printf_input_char</a> from _printf_char_common.o(.text) referenced from _printf_char_common.o(.text)
 <LI><a href="#[8c]">accept_function</a> from api_msg.o(.text) referenced from api_msg.o(.text)
 <LI><a href="#[77]">arp_timer</a> from timers.o(.text) referenced from timers.o(.text)
 <LI><a href="#[73]">dhcp_recv</a> from dhcp.o(.text) referenced from dhcp.o(.text)
 <LI><a href="#[78]">dhcp_timer_coarse</a> from timers.o(.text) referenced from timers.o(.text)
 <LI><a href="#[79]">dhcp_timer_fine</a> from timers.o(.text) referenced from timers.o(.text)
 <LI><a href="#[7d]">do_bind</a> from api_msg.o(.text) referenced from api_lib.o(.text)
 <LI><a href="#[84]">do_close</a> from api_msg.o(.text) referenced from api_lib.o(.text)
 <LI><a href="#[7e]">do_connect</a> from api_msg.o(.text) referenced from api_lib.o(.text)
 <LI><a href="#[8b]">do_connected</a> from api_msg.o(.text) referenced from api_msg.o(.text)
 <LI><a href="#[7b]">do_delconn</a> from api_msg.o(.text) referenced from api_lib.o(.text)
 <LI><a href="#[7f]">do_disconnect</a> from api_msg.o(.text) referenced from api_lib.o(.text)
 <LI><a href="#[7c]">do_getaddr</a> from api_msg.o(.text) referenced from api_lib.o(.text)
 <LI><a href="#[80]">do_listen</a> from api_msg.o(.text) referenced from api_lib.o(.text)
 <LI><a href="#[7a]">do_newconn</a> from api_msg.o(.text) referenced from api_lib.o(.text)
 <LI><a href="#[81]">do_recv</a> from api_msg.o(.text) referenced from api_lib.o(.text)
 <LI><a href="#[82]">do_send</a> from api_msg.o(.text) referenced from api_lib.o(.text)
 <LI><a href="#[83]">do_write</a> from api_msg.o(.text) referenced from api_lib.o(.text)
 <LI><a href="#[87]">err_tcp</a> from api_msg.o(.text) referenced from api_msg.o(.text)
 <LI><a href="#[70]">etharp_output</a> from etharp.o(.text) referenced from ethernetif.o(.text)
 <LI><a href="#[69]">ethernetif_init</a> from ethernetif.o(.text) referenced from lwip_comm.o(.text)
 <LI><a href="#[8d]">event_callback</a> from sockets.o(.text) referenced 2 times from sockets.o(.text)
 <LI><a href="#[97]">fputc</a> from usart.o(.text) referenced from _printf_char_file.o(.text)
 <LI><a href="#[6e]">http_accept</a> from httpd.o(.text) referenced from httpd.o(.text)
 <LI><a href="#[6c]">http_err</a> from httpd.o(.text) referenced from httpd.o(.text)
 <LI><a href="#[6a]">http_poll</a> from httpd.o(.text) referenced 2 times from httpd.o(.text)
 <LI><a href="#[6b]">http_recv</a> from httpd.o(.text) referenced from httpd.o(.text)
 <LI><a href="#[6d]">http_sent</a> from httpd.o(.text) referenced from httpd.o(.text)
 <LI><a href="#[76]">ip_reass_timer</a> from timers.o(.text) referenced from timers.o(.text)
 <LI><a href="#[72]">ipfrag_free_pbuf_custom</a> from ip_frag.o(.text) referenced from ip_frag.o(.text)
 <LI><a href="#[71]">low_level_output</a> from ethernetif.o(.text) referenced from ethernetif.o(.text)
 <LI><a href="#[194]">lwip_dhcp_task</a> from lwip_comm.o(.text) referenced from lwip_comm.o(.text)
 <LI><a href="#[8e]">lwip_getsockopt_internal</a> from sockets.o(.text) referenced from sockets.o(.text)
 <LI><a href="#[8f]">lwip_setsockopt_internal</a> from sockets.o(.text) referenced from sockets.o(.text)
 <LI><a href="#[92]">mem_free</a> from mem.o(.text) referenced from tcpip.o(.text)
 <LI><a href="#[3]">mem_perused</a> from malloc.o(.text) referenced 2 times from malloc.o(.data)
 <LI><a href="#[2]">mymem_init</a> from malloc.o(.text) referenced 2 times from malloc.o(.data)
 <LI><a href="#[91]">pbuf_free_int</a> from tcpip.o(.text) referenced from tcpip.o(.text)
 <LI><a href="#[86]">poll_tcp</a> from api_msg.o(.text) referenced from api_msg.o(.text)
 <LI><a href="#[89]">recv_raw</a> from api_msg.o(.text) referenced from api_msg.o(.text)
 <LI><a href="#[88]">recv_tcp</a> from api_msg.o(.text) referenced from api_msg.o(.text)
 <LI><a href="#[8a]">recv_udp</a> from api_msg.o(.text) referenced from api_msg.o(.text)
 <LI><a href="#[85]">sent_tcp</a> from api_msg.o(.text) referenced from api_msg.o(.text)
 <LI><a href="#[74]">tcp_accept_null</a> from tcp.o(.text) referenced from tcp.o(.text)
 <LI><a href="#[265]">tcp_recv_null</a> from tcp.o(.text) referenced from tcp.o(.text)
 <LI><a href="#[68]">tcpip_input</a> from tcpip.o(.text) referenced from lwip_comm.o(.text)
 <LI><a href="#[75]">tcpip_tcp_timer</a> from timers.o(.text) referenced from timers.o(.text)
 <LI><a href="#[90]">tcpip_thread</a> from tcpip.o(.text) referenced from tcpip.o(.text)
</UL>
<P>
<H3>
Global Symbols
</H3>
<P><STRONG><a name="[9b]"></a>__main</STRONG> (Thumb, 8 bytes, Stack size 0 bytes, __main.o(!!!main))
<BR><BR>[Calls]<UL><LI><a href="#[9d]">&gt;&gt;</a>&nbsp;&nbsp;&nbsp;__rt_entry
<LI><a href="#[9c]">&gt;&gt;</a>&nbsp;&nbsp;&nbsp;__scatterload
</UL>

<P><STRONG><a name="[9c]"></a>__scatterload</STRONG> (Thumb, 0 bytes, Stack size unknown bytes, __scatter.o(!!!scatter))
<BR><BR>[Called By]<UL><LI><a href="#[9b]">&gt;&gt;</a>&nbsp;&nbsp;&nbsp;__main
</UL>

<P><STRONG><a name="[9e]"></a>__scatterload_rt2</STRONG> (Thumb, 44 bytes, Stack size unknown bytes, __scatter.o(!!!scatter), UNUSED)
<BR><BR>[Calls]<UL><LI><a href="#[9d]">&gt;&gt;</a>&nbsp;&nbsp;&nbsp;__rt_entry
</UL>

<P><STRONG><a name="[35d]"></a>__scatterload_rt2_thumb_only</STRONG> (Thumb, 0 bytes, Stack size unknown bytes, __scatter.o(!!!scatter), UNUSED)

<P><STRONG><a name="[35e]"></a>__scatterload_null</STRONG> (Thumb, 0 bytes, Stack size unknown bytes, __scatter.o(!!!scatter), UNUSED)

<P><STRONG><a name="[35f]"></a>__decompress</STRONG> (Thumb, 90 bytes, Stack size unknown bytes, __dczerorl2.o(!!dczerorl2), UNUSED)

<P><STRONG><a name="[360]"></a>__decompress1</STRONG> (Thumb, 0 bytes, Stack size unknown bytes, __dczerorl2.o(!!dczerorl2), UNUSED)

<P><STRONG><a name="[361]"></a>__scatterload_zeroinit</STRONG> (Thumb, 28 bytes, Stack size unknown bytes, __scatter_zi.o(!!handler_zi), UNUSED)

<P><STRONG><a name="[9f]"></a>_printf_d</STRONG> (Thumb, 0 bytes, Stack size unknown bytes, _printf_d.o(.ARM.Collect$$_printf_percent$$00000009))
<BR><BR>[Stack]<UL><LI>Max Depth = 56 + Unknown Stack Size
<LI>Call Chain = _printf_d &rArr; _printf_int_dec &rArr; _printf_int_common
</UL>
<BR>[Calls]<UL><LI><a href="#[a0]">&gt;&gt;</a>&nbsp;&nbsp;&nbsp;_printf_int_dec
</UL>

<P><STRONG><a name="[350]"></a>_printf_percent</STRONG> (Thumb, 0 bytes, Stack size unknown bytes, _printf_percent.o(.ARM.Collect$$_printf_percent$$00000000))
<BR><BR>[Called By]<UL><LI><a href="#[34f]">&gt;&gt;</a>&nbsp;&nbsp;&nbsp;__printf
</UL>

<P><STRONG><a name="[a1]"></a>_printf_s</STRONG> (Thumb, 0 bytes, Stack size unknown bytes, _printf_s.o(.ARM.Collect$$_printf_percent$$00000014))
<BR><BR>[Stack]<UL><LI>Max Depth = 24 + Unknown Stack Size
<LI>Call Chain = _printf_s &rArr; _printf_string &rArr; _printf_cs_common &rArr; _printf_str
</UL>
<BR>[Calls]<UL><LI><a href="#[a2]">&gt;&gt;</a>&nbsp;&nbsp;&nbsp;_printf_string
</UL>

<P><STRONG><a name="[362]"></a>_printf_percent_end</STRONG> (Thumb, 0 bytes, Stack size unknown bytes, _printf_percent_end.o(.ARM.Collect$$_printf_percent$$00000017))

<P><STRONG><a name="[ab]"></a>__rt_lib_init</STRONG> (Thumb, 0 bytes, Stack size unknown bytes, libinit.o(.ARM.Collect$$libinit$$00000000))
<BR><BR>[Called By]<UL><LI><a href="#[aa]">&gt;&gt;</a>&nbsp;&nbsp;&nbsp;__rt_entry_li
</UL>

<P><STRONG><a name="[a3]"></a>__rt_lib_init_fp_1</STRONG> (Thumb, 0 bytes, Stack size unknown bytes, libinit2.o(.ARM.Collect$$libinit$$00000001))
<BR><BR>[Calls]<UL><LI><a href="#[a4]">&gt;&gt;</a>&nbsp;&nbsp;&nbsp;_fp_init
</UL>

<P><STRONG><a name="[363]"></a>__rt_lib_init_heap_1</STRONG> (Thumb, 0 bytes, Stack size unknown bytes, libinit2.o(.ARM.Collect$$libinit$$0000000A))

<P><STRONG><a name="[a5]"></a>__rt_lib_init_lc_common</STRONG> (Thumb, 0 bytes, Stack size unknown bytes, libinit2.o(.ARM.Collect$$libinit$$0000000F))
<BR><BR>[Calls]<UL><LI><a href="#[a6]">&gt;&gt;</a>&nbsp;&nbsp;&nbsp;__rt_locale
</UL>

<P><STRONG><a name="[364]"></a>__rt_lib_init_preinit_1</STRONG> (Thumb, 0 bytes, Stack size unknown bytes, libinit2.o(.ARM.Collect$$libinit$$00000004))

<P><STRONG><a name="[365]"></a>__rt_lib_init_rand_1</STRONG> (Thumb, 0 bytes, Stack size unknown bytes, libinit2.o(.ARM.Collect$$libinit$$0000000E))

<P><STRONG><a name="[366]"></a>__rt_lib_init_user_alloc_1</STRONG> (Thumb, 0 bytes, Stack size unknown bytes, libinit2.o(.ARM.Collect$$libinit$$0000000C))

<P><STRONG><a name="[367]"></a>__rt_lib_init_lc_collate_1</STRONG> (Thumb, 0 bytes, Stack size unknown bytes, libinit2.o(.ARM.Collect$$libinit$$00000011))

<P><STRONG><a name="[a7]"></a>__rt_lib_init_lc_ctype_2</STRONG> (Thumb, 0 bytes, Stack size unknown bytes, libinit2.o(.ARM.Collect$$libinit$$00000012))
<BR><BR>[Stack]<UL><LI>Max Depth = 8 + Unknown Stack Size
<LI>Call Chain = __rt_lib_init_lc_ctype_2 &rArr; _get_lc_ctype
</UL>
<BR>[Calls]<UL><LI><a href="#[96]">&gt;&gt;</a>&nbsp;&nbsp;&nbsp;_get_lc_ctype
</UL>

<P><STRONG><a name="[368]"></a>__rt_lib_init_alloca_1</STRONG> (Thumb, 0 bytes, Stack size unknown bytes, libinit2.o(.ARM.Collect$$libinit$$0000002E))

<P><STRONG><a name="[369]"></a>__rt_lib_init_argv_1</STRONG> (Thumb, 0 bytes, Stack size unknown bytes, libinit2.o(.ARM.Collect$$libinit$$0000002C))

<P><STRONG><a name="[36a]"></a>__rt_lib_init_atexit_1</STRONG> (Thumb, 0 bytes, Stack size unknown bytes, libinit2.o(.ARM.Collect$$libinit$$0000001B))

<P><STRONG><a name="[36b]"></a>__rt_lib_init_clock_1</STRONG> (Thumb, 0 bytes, Stack size unknown bytes, libinit2.o(.ARM.Collect$$libinit$$00000021))

<P><STRONG><a name="[36c]"></a>__rt_lib_init_cpp_1</STRONG> (Thumb, 0 bytes, Stack size unknown bytes, libinit2.o(.ARM.Collect$$libinit$$00000032))

<P><STRONG><a name="[36d]"></a>__rt_lib_init_exceptions_1</STRONG> (Thumb, 0 bytes, Stack size unknown bytes, libinit2.o(.ARM.Collect$$libinit$$00000030))

<P><STRONG><a name="[36e]"></a>__rt_lib_init_fp_trap_1</STRONG> (Thumb, 0 bytes, Stack size unknown bytes, libinit2.o(.ARM.Collect$$libinit$$0000001F))

<P><STRONG><a name="[36f]"></a>__rt_lib_init_getenv_1</STRONG> (Thumb, 0 bytes, Stack size unknown bytes, libinit2.o(.ARM.Collect$$libinit$$00000023))

<P><STRONG><a name="[370]"></a>__rt_lib_init_lc_ctype_1</STRONG> (Thumb, 0 bytes, Stack size unknown bytes, libinit2.o(.ARM.Collect$$libinit$$00000013))

<P><STRONG><a name="[371]"></a>__rt_lib_init_lc_monetary_1</STRONG> (Thumb, 0 bytes, Stack size unknown bytes, libinit2.o(.ARM.Collect$$libinit$$00000015))

<P><STRONG><a name="[372]"></a>__rt_lib_init_lc_numeric_1</STRONG> (Thumb, 0 bytes, Stack size unknown bytes, libinit2.o(.ARM.Collect$$libinit$$00000017))

<P><STRONG><a name="[373]"></a>__rt_lib_init_lc_time_1</STRONG> (Thumb, 0 bytes, Stack size unknown bytes, libinit2.o(.ARM.Collect$$libinit$$00000019))

<P><STRONG><a name="[374]"></a>__rt_lib_init_return</STRONG> (Thumb, 0 bytes, Stack size unknown bytes, libinit2.o(.ARM.Collect$$libinit$$00000033))

<P><STRONG><a name="[375]"></a>__rt_lib_init_signal_1</STRONG> (Thumb, 0 bytes, Stack size unknown bytes, libinit2.o(.ARM.Collect$$libinit$$0000001D))

<P><STRONG><a name="[376]"></a>__rt_lib_init_stdio_1</STRONG> (Thumb, 0 bytes, Stack size unknown bytes, libinit2.o(.ARM.Collect$$libinit$$00000025))

<P><STRONG><a name="[b0]"></a>__rt_lib_shutdown</STRONG> (Thumb, 0 bytes, Stack size unknown bytes, libshutdown.o(.ARM.Collect$$libshutdown$$00000000))
<BR><BR>[Called By]<UL><LI><a href="#[af]">&gt;&gt;</a>&nbsp;&nbsp;&nbsp;__rt_exit_ls
</UL>

<P><STRONG><a name="[377]"></a>__rt_lib_shutdown_fp_trap_1</STRONG> (Thumb, 0 bytes, Stack size unknown bytes, libshutdown2.o(.ARM.Collect$$libshutdown$$00000006))

<P><STRONG><a name="[378]"></a>__rt_lib_shutdown_heap_1</STRONG> (Thumb, 0 bytes, Stack size unknown bytes, libshutdown2.o(.ARM.Collect$$libshutdown$$0000000E))

<P><STRONG><a name="[379]"></a>__rt_lib_shutdown_return</STRONG> (Thumb, 0 bytes, Stack size unknown bytes, libshutdown2.o(.ARM.Collect$$libshutdown$$0000000F))

<P><STRONG><a name="[37a]"></a>__rt_lib_shutdown_signal_1</STRONG> (Thumb, 0 bytes, Stack size unknown bytes, libshutdown2.o(.ARM.Collect$$libshutdown$$00000009))

<P><STRONG><a name="[37b]"></a>__rt_lib_shutdown_stdio_1</STRONG> (Thumb, 0 bytes, Stack size unknown bytes, libshutdown2.o(.ARM.Collect$$libshutdown$$00000003))

<P><STRONG><a name="[37c]"></a>__rt_lib_shutdown_user_alloc_1</STRONG> (Thumb, 0 bytes, Stack size unknown bytes, libshutdown2.o(.ARM.Collect$$libshutdown$$0000000B))

<P><STRONG><a name="[9d]"></a>__rt_entry</STRONG> (Thumb, 0 bytes, Stack size unknown bytes, __rtentry.o(.ARM.Collect$$rtentry$$00000000))
<BR><BR>[Called By]<UL><LI><a href="#[9b]">&gt;&gt;</a>&nbsp;&nbsp;&nbsp;__main
<LI><a href="#[9e]">&gt;&gt;</a>&nbsp;&nbsp;&nbsp;__scatterload_rt2
</UL>

<P><STRONG><a name="[37d]"></a>__rt_entry_presh_1</STRONG> (Thumb, 0 bytes, Stack size unknown bytes, __rtentry2.o(.ARM.Collect$$rtentry$$00000002))

<P><STRONG><a name="[a8]"></a>__rt_entry_sh</STRONG> (Thumb, 0 bytes, Stack size unknown bytes, __rtentry4.o(.ARM.Collect$$rtentry$$00000004))
<BR><BR>[Stack]<UL><LI>Max Depth = 8 + Unknown Stack Size
<LI>Call Chain = __rt_entry_sh &rArr; __user_setup_stackheap
</UL>
<BR>[Calls]<UL><LI><a href="#[a9]">&gt;&gt;</a>&nbsp;&nbsp;&nbsp;__user_setup_stackheap
</UL>

<P><STRONG><a name="[aa]"></a>__rt_entry_li</STRONG> (Thumb, 0 bytes, Stack size unknown bytes, __rtentry2.o(.ARM.Collect$$rtentry$$0000000A))
<BR><BR>[Calls]<UL><LI><a href="#[ab]">&gt;&gt;</a>&nbsp;&nbsp;&nbsp;__rt_lib_init
</UL>

<P><STRONG><a name="[37e]"></a>__rt_entry_postsh_1</STRONG> (Thumb, 0 bytes, Stack size unknown bytes, __rtentry2.o(.ARM.Collect$$rtentry$$00000009))

<P><STRONG><a name="[ac]"></a>__rt_entry_main</STRONG> (Thumb, 0 bytes, Stack size unknown bytes, __rtentry2.o(.ARM.Collect$$rtentry$$0000000D))
<BR><BR>[Stack]<UL><LI>Max Depth = 184 + Unknown Stack Size
<LI>Call Chain = __rt_entry_main &rArr; main &rArr; OSInit &rArr; OSTmr_Init &rArr; OSTmr_InitTask &rArr; OSTaskCreateExt &rArr; OS_TCBInit
</UL>
<BR>[Calls]<UL><LI><a href="#[ad]">&gt;&gt;</a>&nbsp;&nbsp;&nbsp;main
<LI><a href="#[ae]">&gt;&gt;</a>&nbsp;&nbsp;&nbsp;exit
</UL>

<P><STRONG><a name="[37f]"></a>__rt_entry_postli_1</STRONG> (Thumb, 0 bytes, Stack size unknown bytes, __rtentry2.o(.ARM.Collect$$rtentry$$0000000C))

<P><STRONG><a name="[35c]"></a>__rt_exit</STRONG> (Thumb, 0 bytes, Stack size unknown bytes, rtexit.o(.ARM.Collect$$rtexit$$00000000))
<BR><BR>[Called By]<UL><LI><a href="#[ae]">&gt;&gt;</a>&nbsp;&nbsp;&nbsp;exit
</UL>

<P><STRONG><a name="[af]"></a>__rt_exit_ls</STRONG> (Thumb, 0 bytes, Stack size unknown bytes, rtexit2.o(.ARM.Collect$$rtexit$$00000003))
<BR><BR>[Calls]<UL><LI><a href="#[b0]">&gt;&gt;</a>&nbsp;&nbsp;&nbsp;__rt_lib_shutdown
</UL>

<P><STRONG><a name="[380]"></a>__rt_exit_prels_1</STRONG> (Thumb, 0 bytes, Stack size unknown bytes, rtexit2.o(.ARM.Collect$$rtexit$$00000002))

<P><STRONG><a name="[b1]"></a>__rt_exit_exit</STRONG> (Thumb, 0 bytes, Stack size unknown bytes, rtexit2.o(.ARM.Collect$$rtexit$$00000004))
<BR><BR>[Calls]<UL><LI><a href="#[b2]">&gt;&gt;</a>&nbsp;&nbsp;&nbsp;_sys_exit
</UL>

<P><STRONG><a name="[ad]"></a>main</STRONG> (Thumb, 92 bytes, Stack size 24 bytes, main.o(.text))
<BR><BR>[Stack]<UL><LI>Max Depth = 184 + Unknown Stack Size
<LI>Call Chain = main &rArr; OSInit &rArr; OSTmr_Init &rArr; OSTmr_InitTask &rArr; OSTaskCreateExt &rArr; OS_TCBInit
</UL>
<BR>[Calls]<UL><LI><a href="#[c5]">&gt;&gt;</a>&nbsp;&nbsp;&nbsp;uart_init
<LI><a href="#[2]">&gt;&gt;</a>&nbsp;&nbsp;&nbsp;mymem_init
<LI><a href="#[c3]">&gt;&gt;</a>&nbsp;&nbsp;&nbsp;delay_init
<LI><a href="#[b9]">&gt;&gt;</a>&nbsp;&nbsp;&nbsp;OSTaskCreateExt
<LI><a href="#[c8]">&gt;&gt;</a>&nbsp;&nbsp;&nbsp;OSStart
<LI><a href="#[c7]">&gt;&gt;</a>&nbsp;&nbsp;&nbsp;OSInit
<LI><a href="#[c4]">&gt;&gt;</a>&nbsp;&nbsp;&nbsp;NVIC_PriorityGroupConfig
<LI><a href="#[c6]">&gt;&gt;</a>&nbsp;&nbsp;&nbsp;FSMC_SRAM_Init
</UL>
<BR>[Called By]<UL><LI><a href="#[ac]">&gt;&gt;</a>&nbsp;&nbsp;&nbsp;__rt_entry_main
</UL>

<P><STRONG><a name="[5]"></a>NMI_Handler</STRONG> (Thumb, 2 bytes, Stack size 0 bytes, stm32f4xx_it.o(.text))
<BR>[Address Reference Count : 1]<UL><LI> startup_stm32f40_41xxx.o(RESET)
</UL>
<P><STRONG><a name="[6]"></a>HardFault_Handler</STRONG> (Thumb, 4 bytes, Stack size 0 bytes, stm32f4xx_it.o(.text))
<BR>[Address Reference Count : 1]<UL><LI> startup_stm32f40_41xxx.o(RESET)
</UL>
<P><STRONG><a name="[7]"></a>MemManage_Handler</STRONG> (Thumb, 4 bytes, Stack size 0 bytes, stm32f4xx_it.o(.text))
<BR>[Address Reference Count : 1]<UL><LI> startup_stm32f40_41xxx.o(RESET)
</UL>
<P><STRONG><a name="[8]"></a>BusFault_Handler</STRONG> (Thumb, 4 bytes, Stack size 0 bytes, stm32f4xx_it.o(.text))
<BR>[Address Reference Count : 1]<UL><LI> startup_stm32f40_41xxx.o(RESET)
</UL>
<P><STRONG><a name="[9]"></a>UsageFault_Handler</STRONG> (Thumb, 4 bytes, Stack size 0 bytes, stm32f4xx_it.o(.text))
<BR>[Address Reference Count : 1]<UL><LI> startup_stm32f40_41xxx.o(RESET)
</UL>
<P><STRONG><a name="[b]"></a>DebugMon_Handler</STRONG> (Thumb, 2 bytes, Stack size 0 bytes, stm32f4xx_it.o(.text))
<BR>[Address Reference Count : 1]<UL><LI> startup_stm32f40_41xxx.o(RESET)
</UL>
<P><STRONG><a name="[22]"></a>CAN1_RX0_IRQHandler</STRONG> (Thumb, 54 bytes, Stack size 8 bytes, stm32f4xx_it.o(.text))
<BR><BR>[Stack]<UL><LI>Max Depth = 16 + Unknown Stack Size
<LI>Call Chain = CAN1_RX0_IRQHandler &rArr; OSIntExit
</UL>
<BR>[Calls]<UL><LI><a href="#[cb]">&gt;&gt;</a>&nbsp;&nbsp;&nbsp;OSIntExit
<LI><a href="#[c9]">&gt;&gt;</a>&nbsp;&nbsp;&nbsp;OSIntEnter
<LI><a href="#[ca]">&gt;&gt;</a>&nbsp;&nbsp;&nbsp;CAN_Receive
</UL>
<BR>[Address Reference Count : 1]<UL><LI> startup_stm32f40_41xxx.o(RESET)
</UL>
<P><STRONG><a name="[66]"></a>SystemInit</STRONG> (Thumb, 88 bytes, Stack size 8 bytes, system_stm32f4xx.o(.text))
<BR><BR>[Stack]<UL><LI>Max Depth = 20<LI>Call Chain = SystemInit &rArr; SetSysClock
</UL>
<BR>[Calls]<UL><LI><a href="#[cc]">&gt;&gt;</a>&nbsp;&nbsp;&nbsp;SetSysClock
</UL>
<BR>[Address Reference Count : 1]<UL><LI> startup_stm32f40_41xxx.o(.text)
</UL>
<P><STRONG><a name="[381]"></a>SystemCoreClockUpdate</STRONG> (Thumb, 174 bytes, Stack size 16 bytes, system_stm32f4xx.o(.text), UNUSED)

<P><STRONG><a name="[b7]"></a>BSP_Vol_Res_Bala</STRONG> (Thumb, 36 bytes, Stack size 8 bytes, ge_pm.o(.text))
<BR><BR>[Stack]<UL><LI>Max Depth = 160 + Unknown Stack Size
<LI>Call Chain = BSP_Vol_Res_Bala &rArr; BSP_sendBala &rArr; BSP_sendBatB &rArr; BSP_findRecDataCmd &rArr; OSTimeDlyHMSM &rArr; OSTimeDly &rArr; OS_Sched
</UL>
<BR>[Calls]<UL><LI><a href="#[da]">&gt;&gt;</a>&nbsp;&nbsp;&nbsp;BSP_I_T_Proc
<LI><a href="#[d9]">&gt;&gt;</a>&nbsp;&nbsp;&nbsp;BSP_Res_Proc
<LI><a href="#[d8]">&gt;&gt;</a>&nbsp;&nbsp;&nbsp;BSP_Voltage_Proc
<LI><a href="#[d7]">&gt;&gt;</a>&nbsp;&nbsp;&nbsp;BSP_getI_T
<LI><a href="#[d5]">&gt;&gt;</a>&nbsp;&nbsp;&nbsp;BSP_sendBala
<LI><a href="#[d4]">&gt;&gt;</a>&nbsp;&nbsp;&nbsp;BSP_getRes
<LI><a href="#[d3]">&gt;&gt;</a>&nbsp;&nbsp;&nbsp;BSP_getVol
<LI><a href="#[cf]">&gt;&gt;</a>&nbsp;&nbsp;&nbsp;BSP_CAN_Detec
</UL>
<BR>[Called By]<UL><LI><a href="#[60]">&gt;&gt;</a>&nbsp;&nbsp;&nbsp;App_TaskCAN
</UL>

<P><STRONG><a name="[b6]"></a>BSP_Key_Proc</STRONG> (Thumb, 454 bytes, Stack size 8 bytes, ge_pm.o(.text))
<BR><BR>[Stack]<UL><LI>Max Depth = 72 + Unknown Stack Size
<LI>Call Chain = BSP_Key_Proc &rArr; Key_Scan &rArr; OSTimeDlyHMSM &rArr; OSTimeDly &rArr; OS_Sched
</UL>
<BR>[Calls]<UL><LI><a href="#[dd]">&gt;&gt;</a>&nbsp;&nbsp;&nbsp;TIM_Cmd
<LI><a href="#[db]">&gt;&gt;</a>&nbsp;&nbsp;&nbsp;Key_Scan
<LI><a href="#[dc]">&gt;&gt;</a>&nbsp;&nbsp;&nbsp;GPIO_SetBits
<LI><a href="#[de]">&gt;&gt;</a>&nbsp;&nbsp;&nbsp;BSP_LCD_Disp_Str_X_Y
<LI><a href="#[df]">&gt;&gt;</a>&nbsp;&nbsp;&nbsp;BKP_WriteBackupRegister
<LI><a href="#[d6]">&gt;&gt;</a>&nbsp;&nbsp;&nbsp;BKP_ReadBackupRegister
<LI><a href="#[b3]">&gt;&gt;</a>&nbsp;&nbsp;&nbsp;OSTimeDlyHMSM
</UL>
<BR>[Called By]<UL><LI><a href="#[61]">&gt;&gt;</a>&nbsp;&nbsp;&nbsp;App_TaskKEY
</UL>

<P><STRONG><a name="[b5]"></a>BSP_LCD_Proc</STRONG> (Thumb, 560 bytes, Stack size 32 bytes, ge_pm.o(.text))
<BR><BR>[Stack]<UL><LI>Max Depth = 152 + Unknown Stack Size
<LI>Call Chain = BSP_LCD_Proc &rArr; BSP_LCD_Disp_Res &rArr; BSP_LCD_Set_X_Y &rArr; BSP_LCD_Write &rArr; BSP_LCD_Delay
</UL>
<BR>[Calls]<UL><LI><a href="#[e0]">&gt;&gt;</a>&nbsp;&nbsp;&nbsp;BSP_Warn_LED
<LI><a href="#[e1]">&gt;&gt;</a>&nbsp;&nbsp;&nbsp;BSP_LCD_Disp_Vol
<LI><a href="#[e3]">&gt;&gt;</a>&nbsp;&nbsp;&nbsp;BSP_LCD_Disp_Res
<LI><a href="#[e6]">&gt;&gt;</a>&nbsp;&nbsp;&nbsp;BSP_LCD_Disp_Current_Tempe
<LI><a href="#[e8]">&gt;&gt;</a>&nbsp;&nbsp;&nbsp;BSP_LCD_Disp_Config_Parameter
<LI><a href="#[e7]">&gt;&gt;</a>&nbsp;&nbsp;&nbsp;BSP_LCD_Disp_CAN_Stat
<LI><a href="#[e2]">&gt;&gt;</a>&nbsp;&nbsp;&nbsp;BSP_LCD_Disp_Bad_Vol
<LI><a href="#[e4]">&gt;&gt;</a>&nbsp;&nbsp;&nbsp;BSP_LCD_Disp_Bad_Res
<LI><a href="#[e5]">&gt;&gt;</a>&nbsp;&nbsp;&nbsp;BSP_LCD_Disp_BAT_Info
<LI><a href="#[b3]">&gt;&gt;</a>&nbsp;&nbsp;&nbsp;OSTimeDlyHMSM
</UL>
<BR>[Called By]<UL><LI><a href="#[62]">&gt;&gt;</a>&nbsp;&nbsp;&nbsp;App_TaskLCD
</UL>

<P><STRONG><a name="[e9]"></a>TIM3_Int_Init</STRONG> (Thumb, 88 bytes, Stack size 32 bytes, timer.o(.text), UNUSED)
<BR><BR>[Calls]<UL><LI><a href="#[eb]">&gt;&gt;</a>&nbsp;&nbsp;&nbsp;TIM_TimeBaseInit
<LI><a href="#[ec]">&gt;&gt;</a>&nbsp;&nbsp;&nbsp;TIM_ITConfig
<LI><a href="#[ea]">&gt;&gt;</a>&nbsp;&nbsp;&nbsp;RCC_APB1PeriphClockCmd
<LI><a href="#[ed]">&gt;&gt;</a>&nbsp;&nbsp;&nbsp;NVIC_Init
<LI><a href="#[dd]">&gt;&gt;</a>&nbsp;&nbsp;&nbsp;TIM_Cmd
</UL>

<P><STRONG><a name="[2b]"></a>TIM3_IRQHandler</STRONG> (Thumb, 20 bytes, Stack size 8 bytes, timer.o(.text))
<BR><BR>[Stack]<UL><LI>Max Depth = 20<LI>Call Chain = TIM3_IRQHandler &rArr; TIM_GetITStatus
</UL>
<BR>[Calls]<UL><LI><a href="#[ee]">&gt;&gt;</a>&nbsp;&nbsp;&nbsp;TIM_GetITStatus
<LI><a href="#[ef]">&gt;&gt;</a>&nbsp;&nbsp;&nbsp;TIM_ClearITPendingBit
</UL>
<BR>[Address Reference Count : 1]<UL><LI> startup_stm32f40_41xxx.o(RESET)
</UL>
<P><STRONG><a name="[f0]"></a>ETH_MACDMA_Config</STRONG> (Thumb, 136 bytes, Stack size 200 bytes, lan8720.o(.text))
<BR><BR>[Stack]<UL><LI>Max Depth = 268<LI>Call Chain = ETH_MACDMA_Config &rArr; ETH_Init &rArr; RCC_GetClocksFreq
</UL>
<BR>[Calls]<UL><LI><a href="#[f1]">&gt;&gt;</a>&nbsp;&nbsp;&nbsp;RCC_AHB1PeriphClockCmd
<LI><a href="#[f5]">&gt;&gt;</a>&nbsp;&nbsp;&nbsp;ETH_StructInit
<LI><a href="#[f3]">&gt;&gt;</a>&nbsp;&nbsp;&nbsp;ETH_SoftwareReset
<LI><a href="#[f6]">&gt;&gt;</a>&nbsp;&nbsp;&nbsp;ETH_Init
<LI><a href="#[f4]">&gt;&gt;</a>&nbsp;&nbsp;&nbsp;ETH_GetSoftwareResetStatus
<LI><a href="#[f2]">&gt;&gt;</a>&nbsp;&nbsp;&nbsp;ETH_DeInit
<LI><a href="#[f7]">&gt;&gt;</a>&nbsp;&nbsp;&nbsp;ETH_DMAITConfig
</UL>
<BR>[Called By]<UL><LI><a href="#[bd]">&gt;&gt;</a>&nbsp;&nbsp;&nbsp;LAN8720_Init
</UL>

<P><STRONG><a name="[bd]"></a>LAN8720_Init</STRONG> (Thumb, 250 bytes, Stack size 16 bytes, lan8720.o(.text))
<BR><BR>[Stack]<UL><LI>Max Depth = 284 + Unknown Stack Size
<LI>Call Chain = LAN8720_Init &rArr; ETH_MACDMA_Config &rArr; ETH_Init &rArr; RCC_GetClocksFreq
</UL>
<BR>[Calls]<UL><LI><a href="#[fd]">&gt;&gt;</a>&nbsp;&nbsp;&nbsp;delay_ms
<LI><a href="#[fa]">&gt;&gt;</a>&nbsp;&nbsp;&nbsp;SYSCFG_ETH_MediaInterfaceConfig
<LI><a href="#[f9]">&gt;&gt;</a>&nbsp;&nbsp;&nbsp;RCC_APB2PeriphClockCmd
<LI><a href="#[f1]">&gt;&gt;</a>&nbsp;&nbsp;&nbsp;RCC_AHB1PeriphClockCmd
<LI><a href="#[fc]">&gt;&gt;</a>&nbsp;&nbsp;&nbsp;GPIO_PinAFConfig
<LI><a href="#[fb]">&gt;&gt;</a>&nbsp;&nbsp;&nbsp;GPIO_Init
<LI><a href="#[f0]">&gt;&gt;</a>&nbsp;&nbsp;&nbsp;ETH_MACDMA_Config
<LI><a href="#[f8]">&gt;&gt;</a>&nbsp;&nbsp;&nbsp;ETHERNET_NVICConfiguration
</UL>
<BR>[Called By]<UL><LI><a href="#[be]">&gt;&gt;</a>&nbsp;&nbsp;&nbsp;lwip_comm_init
<LI><a href="#[65]">&gt;&gt;</a>&nbsp;&nbsp;&nbsp;App_TaskStart
</UL>

<P><STRONG><a name="[fe]"></a>LAN8720_Get_link</STRONG> (Thumb, 18 bytes, Stack size 8 bytes, lan8720.o(.text), UNUSED)
<BR><BR>[Calls]<UL><LI><a href="#[ff]">&gt;&gt;</a>&nbsp;&nbsp;&nbsp;ETH_ReadPHYRegister
</UL>

<P><STRONG><a name="[100]"></a>LAN8720_Get_Speed</STRONG> (Thumb, 18 bytes, Stack size 8 bytes, lan8720.o(.text), UNUSED)
<BR><BR>[Calls]<UL><LI><a href="#[ff]">&gt;&gt;</a>&nbsp;&nbsp;&nbsp;ETH_ReadPHYRegister
</UL>

<P><STRONG><a name="[4b]"></a>ETH_IRQHandler</STRONG> (Thumb, 36 bytes, Stack size 8 bytes, lan8720.o(.text))
<BR><BR>[Stack]<UL><LI>Max Depth = 320 + Unknown Stack Size
<LI>Call Chain = ETH_IRQHandler &rArr; lwip_pkt_handle &rArr; ethernetif_input &rArr; low_level_input &rArr; pbuf_alloc &rArr; pbuf_free &rArr; mem_free &rArr; plug_holes &rArr; __2printf &rArr; _printf_char_file &rArr; _printf_char_common &rArr; __printf
</UL>
<BR>[Calls]<UL><LI><a href="#[101]">&gt;&gt;</a>&nbsp;&nbsp;&nbsp;lwip_pkt_handle
<LI><a href="#[102]">&gt;&gt;</a>&nbsp;&nbsp;&nbsp;ETH_GetRxPktSize
<LI><a href="#[103]">&gt;&gt;</a>&nbsp;&nbsp;&nbsp;ETH_DMAClearITPendingBit
</UL>
<BR>[Address Reference Count : 1]<UL><LI> startup_stm32f40_41xxx.o(RESET)
</UL>
<P><STRONG><a name="[1ef]"></a>ETH_Rx_Packet</STRONG> (Thumb, 148 bytes, Stack size 20 bytes, lan8720.o(.text))
<BR><BR>[Stack]<UL><LI>Max Depth = 20<LI>Call Chain = ETH_Rx_Packet
</UL>
<BR>[Called By]<UL><LI><a href="#[1ee]">&gt;&gt;</a>&nbsp;&nbsp;&nbsp;low_level_input
</UL>

<P><STRONG><a name="[1ed]"></a>ETH_Tx_Packet</STRONG> (Thumb, 94 bytes, Stack size 0 bytes, lan8720.o(.text))
<BR><BR>[Called By]<UL><LI><a href="#[71]">&gt;&gt;</a>&nbsp;&nbsp;&nbsp;low_level_output
</UL>

<P><STRONG><a name="[1ec]"></a>ETH_GetCurrentTxBuffer</STRONG> (Thumb, 8 bytes, Stack size 0 bytes, lan8720.o(.text))
<BR><BR>[Called By]<UL><LI><a href="#[71]">&gt;&gt;</a>&nbsp;&nbsp;&nbsp;low_level_output
</UL>

<P><STRONG><a name="[104]"></a>ETH_Mem_Free</STRONG> (Thumb, 44 bytes, Stack size 8 bytes, lan8720.o(.text))
<BR><BR>[Stack]<UL><LI>Max Depth = 48<LI>Call Chain = ETH_Mem_Free &rArr; myfree &rArr; mymem_free
</UL>
<BR>[Calls]<UL><LI><a href="#[105]">&gt;&gt;</a>&nbsp;&nbsp;&nbsp;myfree
</UL>
<BR>[Called By]<UL><LI><a href="#[106]">&gt;&gt;</a>&nbsp;&nbsp;&nbsp;ETH_Mem_Malloc
</UL>

<P><STRONG><a name="[106]"></a>ETH_Mem_Malloc</STRONG> (Thumb, 90 bytes, Stack size 8 bytes, lan8720.o(.text))
<BR><BR>[Stack]<UL><LI>Max Depth = 56<LI>Call Chain = ETH_Mem_Malloc &rArr; mymalloc &rArr; mymem_malloc
</UL>
<BR>[Calls]<UL><LI><a href="#[107]">&gt;&gt;</a>&nbsp;&nbsp;&nbsp;mymalloc
<LI><a href="#[104]">&gt;&gt;</a>&nbsp;&nbsp;&nbsp;ETH_Mem_Free
</UL>
<BR>[Called By]<UL><LI><a href="#[be]">&gt;&gt;</a>&nbsp;&nbsp;&nbsp;lwip_comm_init
</UL>

<P><STRONG><a name="[c6]"></a>FSMC_SRAM_Init</STRONG> (Thumb, 576 bytes, Stack size 104 bytes, sram.o(.text))
<BR><BR>[Stack]<UL><LI>Max Depth = 124<LI>Call Chain = FSMC_SRAM_Init &rArr; GPIO_PinAFConfig
</UL>
<BR>[Calls]<UL><LI><a href="#[108]">&gt;&gt;</a>&nbsp;&nbsp;&nbsp;FSMC_NORSRAMInit
<LI><a href="#[109]">&gt;&gt;</a>&nbsp;&nbsp;&nbsp;FSMC_NORSRAMCmd
<LI><a href="#[f1]">&gt;&gt;</a>&nbsp;&nbsp;&nbsp;RCC_AHB1PeriphClockCmd
<LI><a href="#[fc]">&gt;&gt;</a>&nbsp;&nbsp;&nbsp;GPIO_PinAFConfig
<LI><a href="#[fb]">&gt;&gt;</a>&nbsp;&nbsp;&nbsp;GPIO_Init
</UL>
<BR>[Called By]<UL><LI><a href="#[ad]">&gt;&gt;</a>&nbsp;&nbsp;&nbsp;main
</UL>

<P><STRONG><a name="[10b]"></a>FSMC_SRAM_WriteBuffer</STRONG> (Thumb, 24 bytes, Stack size 8 bytes, sram.o(.text), UNUSED)
<BR><BR>[Called By]<UL><LI><a href="#[10a]">&gt;&gt;</a>&nbsp;&nbsp;&nbsp;fsmc_sram_test_write
</UL>

<P><STRONG><a name="[10d]"></a>FSMC_SRAM_ReadBuffer</STRONG> (Thumb, 22 bytes, Stack size 0 bytes, sram.o(.text), UNUSED)
<BR><BR>[Called By]<UL><LI><a href="#[10c]">&gt;&gt;</a>&nbsp;&nbsp;&nbsp;fsmc_sram_test_read
</UL>

<P><STRONG><a name="[10a]"></a>fsmc_sram_test_write</STRONG> (Thumb, 16 bytes, Stack size 16 bytes, sram.o(.text), UNUSED)
<BR><BR>[Calls]<UL><LI><a href="#[10b]">&gt;&gt;</a>&nbsp;&nbsp;&nbsp;FSMC_SRAM_WriteBuffer
</UL>

<P><STRONG><a name="[10c]"></a>fsmc_sram_test_read</STRONG> (Thumb, 20 bytes, Stack size 12 bytes, sram.o(.text), UNUSED)
<BR><BR>[Calls]<UL><LI><a href="#[10d]">&gt;&gt;</a>&nbsp;&nbsp;&nbsp;FSMC_SRAM_ReadBuffer
</UL>

<P><STRONG><a name="[bc]"></a>BSP_Init</STRONG> (Thumb, 32 bytes, Stack size 8 bytes, bsp.o(.text))
<BR><BR>[Stack]<UL><LI>Max Depth = 124<LI>Call Chain = BSP_Init &rArr; GE_MB_Init &rArr; GE_MB_USART_Init &rArr; BSP_MB_USART_1_Init &rArr; BSP_MB_USART_1_Mode_Init &rArr; USART_Init &rArr; RCC_GetClocksFreq
</UL>
<BR>[Calls]<UL><LI><a href="#[114]">&gt;&gt;</a>&nbsp;&nbsp;&nbsp;GE_MB_Init
<LI><a href="#[112]">&gt;&gt;</a>&nbsp;&nbsp;&nbsp;BSP_TIM2_Init
<LI><a href="#[10f]">&gt;&gt;</a>&nbsp;&nbsp;&nbsp;BSP_LED_Init
<LI><a href="#[111]">&gt;&gt;</a>&nbsp;&nbsp;&nbsp;BSP_LCD_Init
<LI><a href="#[110]">&gt;&gt;</a>&nbsp;&nbsp;&nbsp;BSP_KEY_Init
<LI><a href="#[113]">&gt;&gt;</a>&nbsp;&nbsp;&nbsp;BSP_CAN_Init
<LI><a href="#[10e]">&gt;&gt;</a>&nbsp;&nbsp;&nbsp;BSP_BAT_DATA_MEM_Init
</UL>
<BR>[Called By]<UL><LI><a href="#[65]">&gt;&gt;</a>&nbsp;&nbsp;&nbsp;App_TaskStart
</UL>

<P><STRONG><a name="[113]"></a>BSP_CAN_Init</STRONG> (Thumb, 20 bytes, Stack size 8 bytes, bsp_can.o(.text))
<BR><BR>[Stack]<UL><LI>Max Depth = 44<LI>Call Chain = BSP_CAN_Init &rArr; CAN_GPIO_Config &rArr; GPIO_PinAFConfig
</UL>
<BR>[Calls]<UL><LI><a href="#[11b]">&gt;&gt;</a>&nbsp;&nbsp;&nbsp;CAN_Filter_Config
<LI><a href="#[117]">&gt;&gt;</a>&nbsp;&nbsp;&nbsp;CAN_Mode_Config
<LI><a href="#[116]">&gt;&gt;</a>&nbsp;&nbsp;&nbsp;CAN_NVIC_Config
<LI><a href="#[115]">&gt;&gt;</a>&nbsp;&nbsp;&nbsp;CAN_GPIO_Config
</UL>
<BR>[Called By]<UL><LI><a href="#[bc]">&gt;&gt;</a>&nbsp;&nbsp;&nbsp;BSP_Init
</UL>

<P><STRONG><a name="[ce]"></a>BSP_CAN_SetTxMsg</STRONG> (Thumb, 36 bytes, Stack size 16 bytes, bsp_can.o(.text))
<BR><BR>[Stack]<UL><LI>Max Depth = 24<LI>Call Chain = BSP_CAN_SetTxMsg &rArr; CAN_Transmit
</UL>
<BR>[Calls]<UL><LI><a href="#[11e]">&gt;&gt;</a>&nbsp;&nbsp;&nbsp;CAN_Transmit
</UL>
<BR>[Called By]<UL><LI><a href="#[cd]">&gt;&gt;</a>&nbsp;&nbsp;&nbsp;BSP_findRecDataCmd
</UL>

<P><STRONG><a name="[db]"></a>Key_Scan</STRONG> (Thumb, 90 bytes, Stack size 16 bytes, bsp_key.o(.text))
<BR><BR>[Stack]<UL><LI>Max Depth = 64 + Unknown Stack Size
<LI>Call Chain = Key_Scan &rArr; OSTimeDlyHMSM &rArr; OSTimeDly &rArr; OS_Sched
</UL>
<BR>[Calls]<UL><LI><a href="#[120]">&gt;&gt;</a>&nbsp;&nbsp;&nbsp;GPIO_ReadInputDataBit
<LI><a href="#[b3]">&gt;&gt;</a>&nbsp;&nbsp;&nbsp;OSTimeDlyHMSM
</UL>
<BR>[Called By]<UL><LI><a href="#[b6]">&gt;&gt;</a>&nbsp;&nbsp;&nbsp;BSP_Key_Proc
</UL>

<P><STRONG><a name="[110]"></a>BSP_KEY_Init</STRONG> (Thumb, 8 bytes, Stack size 8 bytes, bsp_key.o(.text))
<BR><BR>[Stack]<UL><LI>Max Depth = 44<LI>Call Chain = BSP_KEY_Init &rArr; BSP_KEY_GPIO_Config &rArr; GPIO_Init
</UL>
<BR>[Calls]<UL><LI><a href="#[11f]">&gt;&gt;</a>&nbsp;&nbsp;&nbsp;BSP_KEY_GPIO_Config
</UL>
<BR>[Called By]<UL><LI><a href="#[bc]">&gt;&gt;</a>&nbsp;&nbsp;&nbsp;BSP_Init
</UL>

<P><STRONG><a name="[111]"></a>BSP_LCD_Init</STRONG> (Thumb, 12 bytes, Stack size 8 bytes, bsp_lcd.o(.text))
<BR><BR>[Stack]<UL><LI>Max Depth = 44<LI>Call Chain = BSP_LCD_Init &rArr; BSP_LCD_GPIO_Init &rArr; GPIO_Init
</UL>
<BR>[Calls]<UL><LI><a href="#[125]">&gt;&gt;</a>&nbsp;&nbsp;&nbsp;BSP_LCD_Screen_Init
<LI><a href="#[121]">&gt;&gt;</a>&nbsp;&nbsp;&nbsp;BSP_LCD_GPIO_Init
</UL>
<BR>[Called By]<UL><LI><a href="#[bc]">&gt;&gt;</a>&nbsp;&nbsp;&nbsp;BSP_Init
</UL>

<P><STRONG><a name="[126]"></a>BSP_LCD_Clear</STRONG> (Thumb, 12 bytes, Stack size 8 bytes, bsp_lcd.o(.text), UNUSED)
<BR><BR>[Calls]<UL><LI><a href="#[122]">&gt;&gt;</a>&nbsp;&nbsp;&nbsp;BSP_LCD_Write
</UL>

<P><STRONG><a name="[127]"></a>BSP_LCD_Set_X_Y</STRONG> (Thumb, 34 bytes, Stack size 16 bytes, bsp_lcd.o(.text))
<BR><BR>[Stack]<UL><LI>Max Depth = 40<LI>Call Chain = BSP_LCD_Set_X_Y &rArr; BSP_LCD_Write &rArr; BSP_LCD_Delay
</UL>
<BR>[Calls]<UL><LI><a href="#[122]">&gt;&gt;</a>&nbsp;&nbsp;&nbsp;BSP_LCD_Write
</UL>
<BR>[Called By]<UL><LI><a href="#[128]">&gt;&gt;</a>&nbsp;&nbsp;&nbsp;BSP_LCD_Disp_Val_X_Y
<LI><a href="#[de]">&gt;&gt;</a>&nbsp;&nbsp;&nbsp;BSP_LCD_Disp_Str_X_Y
<LI><a href="#[e3]">&gt;&gt;</a>&nbsp;&nbsp;&nbsp;BSP_LCD_Disp_Res
<LI><a href="#[e6]">&gt;&gt;</a>&nbsp;&nbsp;&nbsp;BSP_LCD_Disp_Current_Tempe
<LI><a href="#[e8]">&gt;&gt;</a>&nbsp;&nbsp;&nbsp;BSP_LCD_Disp_Config_Parameter
<LI><a href="#[e5]">&gt;&gt;</a>&nbsp;&nbsp;&nbsp;BSP_LCD_Disp_BAT_Info
</UL>

<P><STRONG><a name="[de]"></a>BSP_LCD_Disp_Str_X_Y</STRONG> (Thumb, 36 bytes, Stack size 16 bytes, bsp_lcd.o(.text))
<BR><BR>[Stack]<UL><LI>Max Depth = 56<LI>Call Chain = BSP_LCD_Disp_Str_X_Y &rArr; BSP_LCD_Set_X_Y &rArr; BSP_LCD_Write &rArr; BSP_LCD_Delay
</UL>
<BR>[Calls]<UL><LI><a href="#[127]">&gt;&gt;</a>&nbsp;&nbsp;&nbsp;BSP_LCD_Set_X_Y
<LI><a href="#[122]">&gt;&gt;</a>&nbsp;&nbsp;&nbsp;BSP_LCD_Write
</UL>
<BR>[Called By]<UL><LI><a href="#[e6]">&gt;&gt;</a>&nbsp;&nbsp;&nbsp;BSP_LCD_Disp_Current_Tempe
<LI><a href="#[e8]">&gt;&gt;</a>&nbsp;&nbsp;&nbsp;BSP_LCD_Disp_Config_Parameter
<LI><a href="#[e7]">&gt;&gt;</a>&nbsp;&nbsp;&nbsp;BSP_LCD_Disp_CAN_Stat
<LI><a href="#[e2]">&gt;&gt;</a>&nbsp;&nbsp;&nbsp;BSP_LCD_Disp_Bad_Vol
<LI><a href="#[e4]">&gt;&gt;</a>&nbsp;&nbsp;&nbsp;BSP_LCD_Disp_Bad_Res
<LI><a href="#[e5]">&gt;&gt;</a>&nbsp;&nbsp;&nbsp;BSP_LCD_Disp_BAT_Info
<LI><a href="#[b6]">&gt;&gt;</a>&nbsp;&nbsp;&nbsp;BSP_Key_Proc
</UL>

<P><STRONG><a name="[128]"></a>BSP_LCD_Disp_Val_X_Y</STRONG> (Thumb, 140 bytes, Stack size 32 bytes, bsp_lcd.o(.text), UNUSED)
<BR><BR>[Calls]<UL><LI><a href="#[127]">&gt;&gt;</a>&nbsp;&nbsp;&nbsp;BSP_LCD_Set_X_Y
<LI><a href="#[122]">&gt;&gt;</a>&nbsp;&nbsp;&nbsp;BSP_LCD_Write
</UL>

<P><STRONG><a name="[e1]"></a>BSP_LCD_Disp_Vol</STRONG> (Thumb, 324 bytes, Stack size 88 bytes, bsp_lcd.o(.text))
<BR><BR>[Stack]<UL><LI>Max Depth = 112<LI>Call Chain = BSP_LCD_Disp_Vol &rArr; BSP_LCD_Write &rArr; BSP_LCD_Delay
</UL>
<BR>[Calls]<UL><LI><a href="#[122]">&gt;&gt;</a>&nbsp;&nbsp;&nbsp;BSP_LCD_Write
</UL>
<BR>[Called By]<UL><LI><a href="#[b5]">&gt;&gt;</a>&nbsp;&nbsp;&nbsp;BSP_LCD_Proc
</UL>

<P><STRONG><a name="[e3]"></a>BSP_LCD_Disp_Res</STRONG> (Thumb, 320 bytes, Stack size 80 bytes, bsp_lcd.o(.text))
<BR><BR>[Stack]<UL><LI>Max Depth = 120<LI>Call Chain = BSP_LCD_Disp_Res &rArr; BSP_LCD_Set_X_Y &rArr; BSP_LCD_Write &rArr; BSP_LCD_Delay
</UL>
<BR>[Calls]<UL><LI><a href="#[127]">&gt;&gt;</a>&nbsp;&nbsp;&nbsp;BSP_LCD_Set_X_Y
<LI><a href="#[122]">&gt;&gt;</a>&nbsp;&nbsp;&nbsp;BSP_LCD_Write
</UL>
<BR>[Called By]<UL><LI><a href="#[b5]">&gt;&gt;</a>&nbsp;&nbsp;&nbsp;BSP_LCD_Proc
</UL>

<P><STRONG><a name="[e2]"></a>BSP_LCD_Disp_Bad_Vol</STRONG> (Thumb, 158 bytes, Stack size 8 bytes, bsp_lcd.o(.text))
<BR><BR>[Stack]<UL><LI>Max Depth = 64<LI>Call Chain = BSP_LCD_Disp_Bad_Vol &rArr; BSP_LCD_Disp_Str_X_Y &rArr; BSP_LCD_Set_X_Y &rArr; BSP_LCD_Write &rArr; BSP_LCD_Delay
</UL>
<BR>[Calls]<UL><LI><a href="#[de]">&gt;&gt;</a>&nbsp;&nbsp;&nbsp;BSP_LCD_Disp_Str_X_Y
</UL>
<BR>[Called By]<UL><LI><a href="#[b5]">&gt;&gt;</a>&nbsp;&nbsp;&nbsp;BSP_LCD_Proc
</UL>

<P><STRONG><a name="[e4]"></a>BSP_LCD_Disp_Bad_Res</STRONG> (Thumb, 158 bytes, Stack size 8 bytes, bsp_lcd.o(.text))
<BR><BR>[Stack]<UL><LI>Max Depth = 64<LI>Call Chain = BSP_LCD_Disp_Bad_Res &rArr; BSP_LCD_Disp_Str_X_Y &rArr; BSP_LCD_Set_X_Y &rArr; BSP_LCD_Write &rArr; BSP_LCD_Delay
</UL>
<BR>[Calls]<UL><LI><a href="#[de]">&gt;&gt;</a>&nbsp;&nbsp;&nbsp;BSP_LCD_Disp_Str_X_Y
</UL>
<BR>[Called By]<UL><LI><a href="#[b5]">&gt;&gt;</a>&nbsp;&nbsp;&nbsp;BSP_LCD_Proc
</UL>

<P><STRONG><a name="[e0]"></a>BSP_Warn_LED</STRONG> (Thumb, 62 bytes, Stack size 8 bytes, bsp_lcd.o(.text))
<BR><BR>[Stack]<UL><LI>Max Depth = 56 + Unknown Stack Size
<LI>Call Chain = BSP_Warn_LED &rArr; OSTimeDlyHMSM &rArr; OSTimeDly &rArr; OS_Sched
</UL>
<BR>[Calls]<UL><LI><a href="#[b3]">&gt;&gt;</a>&nbsp;&nbsp;&nbsp;OSTimeDlyHMSM
</UL>
<BR>[Called By]<UL><LI><a href="#[b5]">&gt;&gt;</a>&nbsp;&nbsp;&nbsp;BSP_LCD_Proc
</UL>

<P><STRONG><a name="[e7]"></a>BSP_LCD_Disp_CAN_Stat</STRONG> (Thumb, 158 bytes, Stack size 8 bytes, bsp_lcd.o(.text))
<BR><BR>[Stack]<UL><LI>Max Depth = 64<LI>Call Chain = BSP_LCD_Disp_CAN_Stat &rArr; BSP_LCD_Disp_Str_X_Y &rArr; BSP_LCD_Set_X_Y &rArr; BSP_LCD_Write &rArr; BSP_LCD_Delay
</UL>
<BR>[Calls]<UL><LI><a href="#[de]">&gt;&gt;</a>&nbsp;&nbsp;&nbsp;BSP_LCD_Disp_Str_X_Y
</UL>
<BR>[Called By]<UL><LI><a href="#[b5]">&gt;&gt;</a>&nbsp;&nbsp;&nbsp;BSP_LCD_Proc
</UL>

<P><STRONG><a name="[e6]"></a>BSP_LCD_Disp_Current_Tempe</STRONG> (Thumb, 326 bytes, Stack size 24 bytes, bsp_lcd.o(.text))
<BR><BR>[Stack]<UL><LI>Max Depth = 80<LI>Call Chain = BSP_LCD_Disp_Current_Tempe &rArr; BSP_LCD_Disp_Str_X_Y &rArr; BSP_LCD_Set_X_Y &rArr; BSP_LCD_Write &rArr; BSP_LCD_Delay
</UL>
<BR>[Calls]<UL><LI><a href="#[127]">&gt;&gt;</a>&nbsp;&nbsp;&nbsp;BSP_LCD_Set_X_Y
<LI><a href="#[122]">&gt;&gt;</a>&nbsp;&nbsp;&nbsp;BSP_LCD_Write
<LI><a href="#[de]">&gt;&gt;</a>&nbsp;&nbsp;&nbsp;BSP_LCD_Disp_Str_X_Y
</UL>
<BR>[Called By]<UL><LI><a href="#[b5]">&gt;&gt;</a>&nbsp;&nbsp;&nbsp;BSP_LCD_Proc
</UL>

<P><STRONG><a name="[e5]"></a>BSP_LCD_Disp_BAT_Info</STRONG> (Thumb, 954 bytes, Stack size 32 bytes, bsp_lcd.o(.text))
<BR><BR>[Stack]<UL><LI>Max Depth = 88<LI>Call Chain = BSP_LCD_Disp_BAT_Info &rArr; BSP_LCD_Disp_Str_X_Y &rArr; BSP_LCD_Set_X_Y &rArr; BSP_LCD_Write &rArr; BSP_LCD_Delay
</UL>
<BR>[Calls]<UL><LI><a href="#[127]">&gt;&gt;</a>&nbsp;&nbsp;&nbsp;BSP_LCD_Set_X_Y
<LI><a href="#[122]">&gt;&gt;</a>&nbsp;&nbsp;&nbsp;BSP_LCD_Write
<LI><a href="#[de]">&gt;&gt;</a>&nbsp;&nbsp;&nbsp;BSP_LCD_Disp_Str_X_Y
</UL>
<BR>[Called By]<UL><LI><a href="#[b5]">&gt;&gt;</a>&nbsp;&nbsp;&nbsp;BSP_LCD_Proc
</UL>

<P><STRONG><a name="[e8]"></a>BSP_LCD_Disp_Config_Parameter</STRONG> (Thumb, 732 bytes, Stack size 32 bytes, bsp_lcd.o(.text))
<BR><BR>[Stack]<UL><LI>Max Depth = 88<LI>Call Chain = BSP_LCD_Disp_Config_Parameter &rArr; BSP_LCD_Disp_Str_X_Y &rArr; BSP_LCD_Set_X_Y &rArr; BSP_LCD_Write &rArr; BSP_LCD_Delay
</UL>
<BR>[Calls]<UL><LI><a href="#[127]">&gt;&gt;</a>&nbsp;&nbsp;&nbsp;BSP_LCD_Set_X_Y
<LI><a href="#[122]">&gt;&gt;</a>&nbsp;&nbsp;&nbsp;BSP_LCD_Write
<LI><a href="#[de]">&gt;&gt;</a>&nbsp;&nbsp;&nbsp;BSP_LCD_Disp_Str_X_Y
<LI><a href="#[d6]">&gt;&gt;</a>&nbsp;&nbsp;&nbsp;BKP_ReadBackupRegister
</UL>
<BR>[Called By]<UL><LI><a href="#[b5]">&gt;&gt;</a>&nbsp;&nbsp;&nbsp;BSP_LCD_Proc
</UL>

<P><STRONG><a name="[129]"></a>TIM2_NVIC_Init</STRONG> (Thumb, 38 bytes, Stack size 8 bytes, bsp_lcd_tim.o(.text))
<BR><BR>[Stack]<UL><LI>Max Depth = 24<LI>Call Chain = TIM2_NVIC_Init &rArr; NVIC_Init
</UL>
<BR>[Calls]<UL><LI><a href="#[ed]">&gt;&gt;</a>&nbsp;&nbsp;&nbsp;NVIC_Init
<LI><a href="#[c4]">&gt;&gt;</a>&nbsp;&nbsp;&nbsp;NVIC_PriorityGroupConfig
</UL>
<BR>[Called By]<UL><LI><a href="#[112]">&gt;&gt;</a>&nbsp;&nbsp;&nbsp;BSP_TIM2_Init
</UL>

<P><STRONG><a name="[112]"></a>BSP_TIM2_Init</STRONG> (Thumb, 68 bytes, Stack size 16 bytes, bsp_lcd_tim.o(.text))
<BR><BR>[Stack]<UL><LI>Max Depth = 40<LI>Call Chain = BSP_TIM2_Init &rArr; TIM2_NVIC_Init &rArr; NVIC_Init
</UL>
<BR>[Calls]<UL><LI><a href="#[129]">&gt;&gt;</a>&nbsp;&nbsp;&nbsp;TIM2_NVIC_Init
<LI><a href="#[eb]">&gt;&gt;</a>&nbsp;&nbsp;&nbsp;TIM_TimeBaseInit
<LI><a href="#[ec]">&gt;&gt;</a>&nbsp;&nbsp;&nbsp;TIM_ITConfig
<LI><a href="#[ea]">&gt;&gt;</a>&nbsp;&nbsp;&nbsp;RCC_APB1PeriphClockCmd
<LI><a href="#[dd]">&gt;&gt;</a>&nbsp;&nbsp;&nbsp;TIM_Cmd
</UL>
<BR>[Called By]<UL><LI><a href="#[bc]">&gt;&gt;</a>&nbsp;&nbsp;&nbsp;BSP_Init
</UL>

<P><STRONG><a name="[2a]"></a>TIM2_IRQHandler</STRONG> (Thumb, 66 bytes, Stack size 8 bytes, bsp_lcd_tim.o(.text))
<BR><BR>[Stack]<UL><LI>Max Depth = 20<LI>Call Chain = TIM2_IRQHandler &rArr; TIM_GetITStatus
</UL>
<BR>[Calls]<UL><LI><a href="#[123]">&gt;&gt;</a>&nbsp;&nbsp;&nbsp;GPIO_ResetBits
<LI><a href="#[ee]">&gt;&gt;</a>&nbsp;&nbsp;&nbsp;TIM_GetITStatus
<LI><a href="#[ef]">&gt;&gt;</a>&nbsp;&nbsp;&nbsp;TIM_ClearITPendingBit
<LI><a href="#[dd]">&gt;&gt;</a>&nbsp;&nbsp;&nbsp;TIM_Cmd
</UL>
<BR>[Address Reference Count : 1]<UL><LI> startup_stm32f40_41xxx.o(RESET)
</UL>
<P><STRONG><a name="[10f]"></a>BSP_LED_Init</STRONG> (Thumb, 174 bytes, Stack size 16 bytes, bsp_led.o(.text))
<BR><BR>[Stack]<UL><LI>Max Depth = 36<LI>Call Chain = BSP_LED_Init &rArr; GPIO_Init
</UL>
<BR>[Calls]<UL><LI><a href="#[f1]">&gt;&gt;</a>&nbsp;&nbsp;&nbsp;RCC_AHB1PeriphClockCmd
<LI><a href="#[fb]">&gt;&gt;</a>&nbsp;&nbsp;&nbsp;GPIO_Init
</UL>
<BR>[Called By]<UL><LI><a href="#[bc]">&gt;&gt;</a>&nbsp;&nbsp;&nbsp;BSP_Init
</UL>

<P><STRONG><a name="[114]"></a>GE_MB_Init</STRONG> (Thumb, 12 bytes, Stack size 8 bytes, bsp_mb.o(.text))
<BR><BR>[Stack]<UL><LI>Max Depth = 116<LI>Call Chain = GE_MB_Init &rArr; GE_MB_USART_Init &rArr; BSP_MB_USART_1_Init &rArr; BSP_MB_USART_1_Mode_Init &rArr; USART_Init &rArr; RCC_GetClocksFreq
</UL>
<BR>[Calls]<UL><LI><a href="#[12a]">&gt;&gt;</a>&nbsp;&nbsp;&nbsp;GE_MB_USART_Init
<LI><a href="#[12b]">&gt;&gt;</a>&nbsp;&nbsp;&nbsp;GE_MB_TIMER_Init
</UL>
<BR>[Called By]<UL><LI><a href="#[bc]">&gt;&gt;</a>&nbsp;&nbsp;&nbsp;BSP_Init
</UL>

<P><STRONG><a name="[12c]"></a>GE_MB_Data_Feedback</STRONG> (Thumb, 140 bytes, Stack size 16 bytes, bsp_mb.o(.text))
<BR><BR>[Stack]<UL><LI>Max Depth = 16<LI>Call Chain = GE_MB_Data_Feedback
</UL>
<BR>[Calls]<UL><LI><a href="#[123]">&gt;&gt;</a>&nbsp;&nbsp;&nbsp;GPIO_ResetBits
<LI><a href="#[dc]">&gt;&gt;</a>&nbsp;&nbsp;&nbsp;GPIO_SetBits
<LI><a href="#[12d]">&gt;&gt;</a>&nbsp;&nbsp;&nbsp;USART_SendData
<LI><a href="#[12e]">&gt;&gt;</a>&nbsp;&nbsp;&nbsp;USART_GetFlagStatus
</UL>
<BR>[Called By]<UL><LI><a href="#[35]">&gt;&gt;</a>&nbsp;&nbsp;&nbsp;USART3_IRQHandler
<LI><a href="#[134]">&gt;&gt;</a>&nbsp;&nbsp;&nbsp;GE_MB_FUNC_READ_MULTIPLE_REGISTERS
<LI><a href="#[133]">&gt;&gt;</a>&nbsp;&nbsp;&nbsp;GE_MB_FUNC_WRITE_SINGLE_REGISTERS
<LI><a href="#[131]">&gt;&gt;</a>&nbsp;&nbsp;&nbsp;GE_MB_FUNC_WRITE_MULTIPLE_REGISTERS
<LI><a href="#[12f]">&gt;&gt;</a>&nbsp;&nbsp;&nbsp;GE_MB_WarningFunCode_Feedback
</UL>

<P><STRONG><a name="[12f]"></a>GE_MB_WarningFunCode_Feedback</STRONG> (Thumb, 52 bytes, Stack size 16 bytes, bsp_mb.o(.text))
<BR><BR>[Stack]<UL><LI>Max Depth = 32<LI>Call Chain = GE_MB_WarningFunCode_Feedback &rArr; GE_BSP_MB_CRC
</UL>
<BR>[Calls]<UL><LI><a href="#[130]">&gt;&gt;</a>&nbsp;&nbsp;&nbsp;GE_BSP_MB_CRC
<LI><a href="#[12c]">&gt;&gt;</a>&nbsp;&nbsp;&nbsp;GE_MB_Data_Feedback
</UL>
<BR>[Called By]<UL><LI><a href="#[b4]">&gt;&gt;</a>&nbsp;&nbsp;&nbsp;GE_MB_Protocol
<LI><a href="#[134]">&gt;&gt;</a>&nbsp;&nbsp;&nbsp;GE_MB_FUNC_READ_MULTIPLE_REGISTERS
<LI><a href="#[133]">&gt;&gt;</a>&nbsp;&nbsp;&nbsp;GE_MB_FUNC_WRITE_SINGLE_REGISTERS
<LI><a href="#[131]">&gt;&gt;</a>&nbsp;&nbsp;&nbsp;GE_MB_FUNC_WRITE_MULTIPLE_REGISTERS
</UL>

<P><STRONG><a name="[131]"></a>GE_MB_FUNC_WRITE_MULTIPLE_REGISTERS</STRONG> (Thumb, 256 bytes, Stack size 16 bytes, bsp_mb.o(.text))
<BR><BR>[Stack]<UL><LI>Max Depth = 108<LI>Call Chain = GE_MB_FUNC_WRITE_MULTIPLE_REGISTERS &rArr; BSP_MB_USART_1_Mode_Init &rArr; USART_Init &rArr; RCC_GetClocksFreq
</UL>
<BR>[Calls]<UL><LI><a href="#[df]">&gt;&gt;</a>&nbsp;&nbsp;&nbsp;BKP_WriteBackupRegister
<LI><a href="#[d6]">&gt;&gt;</a>&nbsp;&nbsp;&nbsp;BKP_ReadBackupRegister
<LI><a href="#[130]">&gt;&gt;</a>&nbsp;&nbsp;&nbsp;GE_BSP_MB_CRC
<LI><a href="#[132]">&gt;&gt;</a>&nbsp;&nbsp;&nbsp;BSP_MB_USART_1_Mode_Init
<LI><a href="#[12f]">&gt;&gt;</a>&nbsp;&nbsp;&nbsp;GE_MB_WarningFunCode_Feedback
<LI><a href="#[12c]">&gt;&gt;</a>&nbsp;&nbsp;&nbsp;GE_MB_Data_Feedback
</UL>
<BR>[Called By]<UL><LI><a href="#[b4]">&gt;&gt;</a>&nbsp;&nbsp;&nbsp;GE_MB_Protocol
</UL>

<P><STRONG><a name="[133]"></a>GE_MB_FUNC_WRITE_SINGLE_REGISTERS</STRONG> (Thumb, 114 bytes, Stack size 16 bytes, bsp_mb.o(.text))
<BR><BR>[Stack]<UL><LI>Max Depth = 108<LI>Call Chain = GE_MB_FUNC_WRITE_SINGLE_REGISTERS &rArr; BSP_MB_USART_1_Mode_Init &rArr; USART_Init &rArr; RCC_GetClocksFreq
</UL>
<BR>[Calls]<UL><LI><a href="#[df]">&gt;&gt;</a>&nbsp;&nbsp;&nbsp;BKP_WriteBackupRegister
<LI><a href="#[d6]">&gt;&gt;</a>&nbsp;&nbsp;&nbsp;BKP_ReadBackupRegister
<LI><a href="#[132]">&gt;&gt;</a>&nbsp;&nbsp;&nbsp;BSP_MB_USART_1_Mode_Init
<LI><a href="#[12f]">&gt;&gt;</a>&nbsp;&nbsp;&nbsp;GE_MB_WarningFunCode_Feedback
<LI><a href="#[12c]">&gt;&gt;</a>&nbsp;&nbsp;&nbsp;GE_MB_Data_Feedback
</UL>
<BR>[Called By]<UL><LI><a href="#[b4]">&gt;&gt;</a>&nbsp;&nbsp;&nbsp;GE_MB_Protocol
</UL>

<P><STRONG><a name="[134]"></a>GE_MB_FUNC_READ_MULTIPLE_REGISTERS</STRONG> (Thumb, 534 bytes, Stack size 16 bytes, bsp_mb.o(.text))
<BR><BR>[Stack]<UL><LI>Max Depth = 48<LI>Call Chain = GE_MB_FUNC_READ_MULTIPLE_REGISTERS &rArr; GE_MB_WarningFunCode_Feedback &rArr; GE_BSP_MB_CRC
</UL>
<BR>[Calls]<UL><LI><a href="#[d6]">&gt;&gt;</a>&nbsp;&nbsp;&nbsp;BKP_ReadBackupRegister
<LI><a href="#[130]">&gt;&gt;</a>&nbsp;&nbsp;&nbsp;GE_BSP_MB_CRC
<LI><a href="#[12f]">&gt;&gt;</a>&nbsp;&nbsp;&nbsp;GE_MB_WarningFunCode_Feedback
<LI><a href="#[12c]">&gt;&gt;</a>&nbsp;&nbsp;&nbsp;GE_MB_Data_Feedback
</UL>
<BR>[Called By]<UL><LI><a href="#[b4]">&gt;&gt;</a>&nbsp;&nbsp;&nbsp;GE_MB_Protocol
</UL>

<P><STRONG><a name="[b4]"></a>GE_MB_Protocol</STRONG> (Thumb, 166 bytes, Stack size 8 bytes, bsp_mb.o(.text))
<BR><BR>[Stack]<UL><LI>Max Depth = 116<LI>Call Chain = GE_MB_Protocol &rArr; GE_MB_FUNC_WRITE_SINGLE_REGISTERS &rArr; BSP_MB_USART_1_Mode_Init &rArr; USART_Init &rArr; RCC_GetClocksFreq
</UL>
<BR>[Calls]<UL><LI><a href="#[d6]">&gt;&gt;</a>&nbsp;&nbsp;&nbsp;BKP_ReadBackupRegister
<LI><a href="#[130]">&gt;&gt;</a>&nbsp;&nbsp;&nbsp;GE_BSP_MB_CRC
<LI><a href="#[134]">&gt;&gt;</a>&nbsp;&nbsp;&nbsp;GE_MB_FUNC_READ_MULTIPLE_REGISTERS
<LI><a href="#[133]">&gt;&gt;</a>&nbsp;&nbsp;&nbsp;GE_MB_FUNC_WRITE_SINGLE_REGISTERS
<LI><a href="#[131]">&gt;&gt;</a>&nbsp;&nbsp;&nbsp;GE_MB_FUNC_WRITE_MULTIPLE_REGISTERS
<LI><a href="#[12f]">&gt;&gt;</a>&nbsp;&nbsp;&nbsp;GE_MB_WarningFunCode_Feedback
</UL>
<BR>[Called By]<UL><LI><a href="#[63]">&gt;&gt;</a>&nbsp;&nbsp;&nbsp;App_TaskMB
</UL>

<P><STRONG><a name="[130]"></a>GE_BSP_MB_CRC</STRONG> (Thumb, 48 bytes, Stack size 16 bytes, bsp_mb_crc.o(.text))
<BR><BR>[Stack]<UL><LI>Max Depth = 16<LI>Call Chain = GE_BSP_MB_CRC
</UL>
<BR>[Called By]<UL><LI><a href="#[b4]">&gt;&gt;</a>&nbsp;&nbsp;&nbsp;GE_MB_Protocol
<LI><a href="#[35]">&gt;&gt;</a>&nbsp;&nbsp;&nbsp;USART3_IRQHandler
<LI><a href="#[134]">&gt;&gt;</a>&nbsp;&nbsp;&nbsp;GE_MB_FUNC_READ_MULTIPLE_REGISTERS
<LI><a href="#[131]">&gt;&gt;</a>&nbsp;&nbsp;&nbsp;GE_MB_FUNC_WRITE_MULTIPLE_REGISTERS
<LI><a href="#[12f]">&gt;&gt;</a>&nbsp;&nbsp;&nbsp;GE_MB_WarningFunCode_Feedback
</UL>

<P><STRONG><a name="[135]"></a>BSP_MB_TIMER_1_NVIC_Init</STRONG> (Thumb, 60 bytes, Stack size 8 bytes, bsp_mb_timer.o(.text))
<BR><BR>[Stack]<UL><LI>Max Depth = 24<LI>Call Chain = BSP_MB_TIMER_1_NVIC_Init &rArr; NVIC_Init
</UL>
<BR>[Calls]<UL><LI><a href="#[ec]">&gt;&gt;</a>&nbsp;&nbsp;&nbsp;TIM_ITConfig
<LI><a href="#[ef]">&gt;&gt;</a>&nbsp;&nbsp;&nbsp;TIM_ClearITPendingBit
<LI><a href="#[ed]">&gt;&gt;</a>&nbsp;&nbsp;&nbsp;NVIC_Init
<LI><a href="#[c4]">&gt;&gt;</a>&nbsp;&nbsp;&nbsp;NVIC_PriorityGroupConfig
</UL>
<BR>[Called By]<UL><LI><a href="#[138]">&gt;&gt;</a>&nbsp;&nbsp;&nbsp;BSP_MB_TIMER_1_Init
</UL>

<P><STRONG><a name="[136]"></a>BSP_MB_TIMER_1_Mode_Init</STRONG> (Thumb, 74 bytes, Stack size 24 bytes, bsp_mb_timer.o(.text))
<BR><BR>[Stack]<UL><LI>Max Depth = 24<LI>Call Chain = BSP_MB_TIMER_1_Mode_Init
</UL>
<BR>[Calls]<UL><LI><a href="#[eb]">&gt;&gt;</a>&nbsp;&nbsp;&nbsp;TIM_TimeBaseInit
<LI><a href="#[ea]">&gt;&gt;</a>&nbsp;&nbsp;&nbsp;RCC_APB1PeriphClockCmd
<LI><a href="#[dd]">&gt;&gt;</a>&nbsp;&nbsp;&nbsp;TIM_Cmd
<LI><a href="#[137]">&gt;&gt;</a>&nbsp;&nbsp;&nbsp;TIM_ARRPreloadConfig
</UL>
<BR>[Called By]<UL><LI><a href="#[138]">&gt;&gt;</a>&nbsp;&nbsp;&nbsp;BSP_MB_TIMER_1_Init
</UL>

<P><STRONG><a name="[138]"></a>BSP_MB_TIMER_1_Init</STRONG> (Thumb, 14 bytes, Stack size 8 bytes, bsp_mb_timer.o(.text))
<BR><BR>[Stack]<UL><LI>Max Depth = 32<LI>Call Chain = BSP_MB_TIMER_1_Init &rArr; BSP_MB_TIMER_1_Mode_Init
</UL>
<BR>[Calls]<UL><LI><a href="#[136]">&gt;&gt;</a>&nbsp;&nbsp;&nbsp;BSP_MB_TIMER_1_Mode_Init
<LI><a href="#[135]">&gt;&gt;</a>&nbsp;&nbsp;&nbsp;BSP_MB_TIMER_1_NVIC_Init
</UL>
<BR>[Called By]<UL><LI><a href="#[12b]">&gt;&gt;</a>&nbsp;&nbsp;&nbsp;GE_MB_TIMER_Init
</UL>

<P><STRONG><a name="[12b]"></a>GE_MB_TIMER_Init</STRONG> (Thumb, 8 bytes, Stack size 8 bytes, bsp_mb_timer.o(.text))
<BR><BR>[Stack]<UL><LI>Max Depth = 40<LI>Call Chain = GE_MB_TIMER_Init &rArr; BSP_MB_TIMER_1_Init &rArr; BSP_MB_TIMER_1_Mode_Init
</UL>
<BR>[Calls]<UL><LI><a href="#[138]">&gt;&gt;</a>&nbsp;&nbsp;&nbsp;BSP_MB_TIMER_1_Init
</UL>
<BR>[Called By]<UL><LI><a href="#[114]">&gt;&gt;</a>&nbsp;&nbsp;&nbsp;GE_MB_Init
</UL>

<P><STRONG><a name="[139]"></a>BSP_MB_TIMER_1_Enable</STRONG> (Thumb, 38 bytes, Stack size 8 bytes, bsp_mb_timer.o(.text))
<BR><BR>[Stack]<UL><LI>Max Depth = 8<LI>Call Chain = BSP_MB_TIMER_1_Enable
</UL>
<BR>[Calls]<UL><LI><a href="#[ec]">&gt;&gt;</a>&nbsp;&nbsp;&nbsp;TIM_ITConfig
<LI><a href="#[ef]">&gt;&gt;</a>&nbsp;&nbsp;&nbsp;TIM_ClearITPendingBit
<LI><a href="#[dd]">&gt;&gt;</a>&nbsp;&nbsp;&nbsp;TIM_Cmd
<LI><a href="#[13a]">&gt;&gt;</a>&nbsp;&nbsp;&nbsp;TIM_SetCounter
</UL>
<BR>[Called By]<UL><LI><a href="#[35]">&gt;&gt;</a>&nbsp;&nbsp;&nbsp;USART3_IRQHandler
</UL>

<P><STRONG><a name="[13b]"></a>BSP_MB_TIMER_1_Disable</STRONG> (Thumb, 38 bytes, Stack size 8 bytes, bsp_mb_timer.o(.text), UNUSED)
<BR><BR>[Calls]<UL><LI><a href="#[ec]">&gt;&gt;</a>&nbsp;&nbsp;&nbsp;TIM_ITConfig
<LI><a href="#[ef]">&gt;&gt;</a>&nbsp;&nbsp;&nbsp;TIM_ClearITPendingBit
<LI><a href="#[dd]">&gt;&gt;</a>&nbsp;&nbsp;&nbsp;TIM_Cmd
<LI><a href="#[13a]">&gt;&gt;</a>&nbsp;&nbsp;&nbsp;TIM_SetCounter
</UL>

<P><STRONG><a name="[13c]"></a>BSP_MB_TIMER_2_NVIC_Init</STRONG> (Thumb, 60 bytes, Stack size 8 bytes, bsp_mb_timer.o(.text), UNUSED)
<BR><BR>[Calls]<UL><LI><a href="#[ec]">&gt;&gt;</a>&nbsp;&nbsp;&nbsp;TIM_ITConfig
<LI><a href="#[ef]">&gt;&gt;</a>&nbsp;&nbsp;&nbsp;TIM_ClearITPendingBit
<LI><a href="#[ed]">&gt;&gt;</a>&nbsp;&nbsp;&nbsp;NVIC_Init
<LI><a href="#[c4]">&gt;&gt;</a>&nbsp;&nbsp;&nbsp;NVIC_PriorityGroupConfig
</UL>
<BR>[Called By]<UL><LI><a href="#[13e]">&gt;&gt;</a>&nbsp;&nbsp;&nbsp;BSP_MB_TIMER_2_Init
</UL>

<P><STRONG><a name="[13d]"></a>BSP_MB_TIMER_2_Mode_Init</STRONG> (Thumb, 74 bytes, Stack size 24 bytes, bsp_mb_timer.o(.text), UNUSED)
<BR><BR>[Calls]<UL><LI><a href="#[eb]">&gt;&gt;</a>&nbsp;&nbsp;&nbsp;TIM_TimeBaseInit
<LI><a href="#[ea]">&gt;&gt;</a>&nbsp;&nbsp;&nbsp;RCC_APB1PeriphClockCmd
<LI><a href="#[dd]">&gt;&gt;</a>&nbsp;&nbsp;&nbsp;TIM_Cmd
<LI><a href="#[137]">&gt;&gt;</a>&nbsp;&nbsp;&nbsp;TIM_ARRPreloadConfig
</UL>
<BR>[Called By]<UL><LI><a href="#[13e]">&gt;&gt;</a>&nbsp;&nbsp;&nbsp;BSP_MB_TIMER_2_Init
</UL>

<P><STRONG><a name="[13e]"></a>BSP_MB_TIMER_2_Init</STRONG> (Thumb, 14 bytes, Stack size 8 bytes, bsp_mb_timer.o(.text), UNUSED)
<BR><BR>[Calls]<UL><LI><a href="#[13d]">&gt;&gt;</a>&nbsp;&nbsp;&nbsp;BSP_MB_TIMER_2_Mode_Init
<LI><a href="#[13c]">&gt;&gt;</a>&nbsp;&nbsp;&nbsp;BSP_MB_TIMER_2_NVIC_Init
</UL>

<P><STRONG><a name="[13f]"></a>BSP_MB_TIMER_2_Enable</STRONG> (Thumb, 38 bytes, Stack size 8 bytes, bsp_mb_timer.o(.text), UNUSED)
<BR><BR>[Calls]<UL><LI><a href="#[ec]">&gt;&gt;</a>&nbsp;&nbsp;&nbsp;TIM_ITConfig
<LI><a href="#[ef]">&gt;&gt;</a>&nbsp;&nbsp;&nbsp;TIM_ClearITPendingBit
<LI><a href="#[dd]">&gt;&gt;</a>&nbsp;&nbsp;&nbsp;TIM_Cmd
<LI><a href="#[13a]">&gt;&gt;</a>&nbsp;&nbsp;&nbsp;TIM_SetCounter
</UL>

<P><STRONG><a name="[140]"></a>BSP_MB_TIMER_2_Disable</STRONG> (Thumb, 38 bytes, Stack size 8 bytes, bsp_mb_timer.o(.text), UNUSED)
<BR><BR>[Calls]<UL><LI><a href="#[ec]">&gt;&gt;</a>&nbsp;&nbsp;&nbsp;TIM_ITConfig
<LI><a href="#[ef]">&gt;&gt;</a>&nbsp;&nbsp;&nbsp;TIM_ClearITPendingBit
<LI><a href="#[dd]">&gt;&gt;</a>&nbsp;&nbsp;&nbsp;TIM_Cmd
<LI><a href="#[13a]">&gt;&gt;</a>&nbsp;&nbsp;&nbsp;TIM_SetCounter
</UL>

<P><STRONG><a name="[2c]"></a>TIM4_IRQHandler</STRONG> (Thumb, 22 bytes, Stack size 8 bytes, bsp_mb_timer.o(.text))
<BR><BR>[Stack]<UL><LI>Max Depth = 20<LI>Call Chain = TIM4_IRQHandler &rArr; TIM_GetITStatus
</UL>
<BR>[Calls]<UL><LI><a href="#[ee]">&gt;&gt;</a>&nbsp;&nbsp;&nbsp;TIM_GetITStatus
<LI><a href="#[ef]">&gt;&gt;</a>&nbsp;&nbsp;&nbsp;TIM_ClearITPendingBit
</UL>
<BR>[Address Reference Count : 1]<UL><LI> startup_stm32f40_41xxx.o(RESET)
</UL>
<P><STRONG><a name="[141]"></a>BSP_MB_USART_1_NVIC_Init</STRONG> (Thumb, 42 bytes, Stack size 8 bytes, bsp_mb_usart.o(.text))
<BR><BR>[Stack]<UL><LI>Max Depth = 24<LI>Call Chain = BSP_MB_USART_1_NVIC_Init &rArr; NVIC_Init
</UL>
<BR>[Calls]<UL><LI><a href="#[ed]">&gt;&gt;</a>&nbsp;&nbsp;&nbsp;NVIC_Init
<LI><a href="#[c4]">&gt;&gt;</a>&nbsp;&nbsp;&nbsp;NVIC_PriorityGroupConfig
</UL>
<BR>[Called By]<UL><LI><a href="#[147]">&gt;&gt;</a>&nbsp;&nbsp;&nbsp;BSP_MB_USART_1_Init
</UL>

<P><STRONG><a name="[132]"></a>BSP_MB_USART_1_Mode_Init</STRONG> (Thumb, 86 bytes, Stack size 24 bytes, bsp_mb_usart.o(.text))
<BR><BR>[Stack]<UL><LI>Max Depth = 92<LI>Call Chain = BSP_MB_USART_1_Mode_Init &rArr; USART_Init &rArr; RCC_GetClocksFreq
</UL>
<BR>[Calls]<UL><LI><a href="#[142]">&gt;&gt;</a>&nbsp;&nbsp;&nbsp;USART_Init
<LI><a href="#[143]">&gt;&gt;</a>&nbsp;&nbsp;&nbsp;USART_ITConfig
<LI><a href="#[145]">&gt;&gt;</a>&nbsp;&nbsp;&nbsp;USART_Cmd
<LI><a href="#[144]">&gt;&gt;</a>&nbsp;&nbsp;&nbsp;USART_ClearFlag
</UL>
<BR>[Called By]<UL><LI><a href="#[147]">&gt;&gt;</a>&nbsp;&nbsp;&nbsp;BSP_MB_USART_1_Init
<LI><a href="#[133]">&gt;&gt;</a>&nbsp;&nbsp;&nbsp;GE_MB_FUNC_WRITE_SINGLE_REGISTERS
<LI><a href="#[131]">&gt;&gt;</a>&nbsp;&nbsp;&nbsp;GE_MB_FUNC_WRITE_MULTIPLE_REGISTERS
</UL>

<P><STRONG><a name="[146]"></a>BSP_MB_USART_1_GPIO_Init</STRONG> (Thumb, 126 bytes, Stack size 16 bytes, bsp_mb_usart.o(.text))
<BR><BR>[Stack]<UL><LI>Max Depth = 36<LI>Call Chain = BSP_MB_USART_1_GPIO_Init &rArr; GPIO_PinAFConfig
</UL>
<BR>[Calls]<UL><LI><a href="#[123]">&gt;&gt;</a>&nbsp;&nbsp;&nbsp;GPIO_ResetBits
<LI><a href="#[f9]">&gt;&gt;</a>&nbsp;&nbsp;&nbsp;RCC_APB2PeriphClockCmd
<LI><a href="#[f1]">&gt;&gt;</a>&nbsp;&nbsp;&nbsp;RCC_AHB1PeriphClockCmd
<LI><a href="#[fc]">&gt;&gt;</a>&nbsp;&nbsp;&nbsp;GPIO_PinAFConfig
<LI><a href="#[fb]">&gt;&gt;</a>&nbsp;&nbsp;&nbsp;GPIO_Init
</UL>
<BR>[Called By]<UL><LI><a href="#[147]">&gt;&gt;</a>&nbsp;&nbsp;&nbsp;BSP_MB_USART_1_Init
</UL>

<P><STRONG><a name="[147]"></a>BSP_MB_USART_1_Init</STRONG> (Thumb, 24 bytes, Stack size 8 bytes, bsp_mb_usart.o(.text))
<BR><BR>[Stack]<UL><LI>Max Depth = 100<LI>Call Chain = BSP_MB_USART_1_Init &rArr; BSP_MB_USART_1_Mode_Init &rArr; USART_Init &rArr; RCC_GetClocksFreq
</UL>
<BR>[Calls]<UL><LI><a href="#[d6]">&gt;&gt;</a>&nbsp;&nbsp;&nbsp;BKP_ReadBackupRegister
<LI><a href="#[146]">&gt;&gt;</a>&nbsp;&nbsp;&nbsp;BSP_MB_USART_1_GPIO_Init
<LI><a href="#[141]">&gt;&gt;</a>&nbsp;&nbsp;&nbsp;BSP_MB_USART_1_NVIC_Init
<LI><a href="#[132]">&gt;&gt;</a>&nbsp;&nbsp;&nbsp;BSP_MB_USART_1_Mode_Init
</UL>
<BR>[Called By]<UL><LI><a href="#[12a]">&gt;&gt;</a>&nbsp;&nbsp;&nbsp;GE_MB_USART_Init
</UL>

<P><STRONG><a name="[12a]"></a>GE_MB_USART_Init</STRONG> (Thumb, 8 bytes, Stack size 8 bytes, bsp_mb_usart.o(.text))
<BR><BR>[Stack]<UL><LI>Max Depth = 108<LI>Call Chain = GE_MB_USART_Init &rArr; BSP_MB_USART_1_Init &rArr; BSP_MB_USART_1_Mode_Init &rArr; USART_Init &rArr; RCC_GetClocksFreq
</UL>
<BR>[Calls]<UL><LI><a href="#[147]">&gt;&gt;</a>&nbsp;&nbsp;&nbsp;BSP_MB_USART_1_Init
</UL>
<BR>[Called By]<UL><LI><a href="#[114]">&gt;&gt;</a>&nbsp;&nbsp;&nbsp;GE_MB_Init
</UL>

<P><STRONG><a name="[148]"></a>BSP_MB_USART_2_NVIC_Init</STRONG> (Thumb, 40 bytes, Stack size 8 bytes, bsp_mb_usart.o(.text), UNUSED)
<BR><BR>[Calls]<UL><LI><a href="#[ed]">&gt;&gt;</a>&nbsp;&nbsp;&nbsp;NVIC_Init
<LI><a href="#[c4]">&gt;&gt;</a>&nbsp;&nbsp;&nbsp;NVIC_PriorityGroupConfig
</UL>
<BR>[Called By]<UL><LI><a href="#[14c]">&gt;&gt;</a>&nbsp;&nbsp;&nbsp;BSP_MB_USART_2_Init
</UL>

<P><STRONG><a name="[149]"></a>BSP_MB_USART_2_Mode_Init</STRONG> (Thumb, 96 bytes, Stack size 24 bytes, bsp_mb_usart.o(.text), UNUSED)
<BR><BR>[Calls]<UL><LI><a href="#[142]">&gt;&gt;</a>&nbsp;&nbsp;&nbsp;USART_Init
<LI><a href="#[143]">&gt;&gt;</a>&nbsp;&nbsp;&nbsp;USART_ITConfig
<LI><a href="#[145]">&gt;&gt;</a>&nbsp;&nbsp;&nbsp;USART_Cmd
<LI><a href="#[14a]">&gt;&gt;</a>&nbsp;&nbsp;&nbsp;USART_ClearITPendingBit
<LI><a href="#[144]">&gt;&gt;</a>&nbsp;&nbsp;&nbsp;USART_ClearFlag
</UL>
<BR>[Called By]<UL><LI><a href="#[14c]">&gt;&gt;</a>&nbsp;&nbsp;&nbsp;BSP_MB_USART_2_Init
</UL>

<P><STRONG><a name="[14b]"></a>BSP_MB_USART_2_GPIO_Init</STRONG> (Thumb, 76 bytes, Stack size 16 bytes, bsp_mb_usart.o(.text), UNUSED)
<BR><BR>[Calls]<UL><LI><a href="#[f1]">&gt;&gt;</a>&nbsp;&nbsp;&nbsp;RCC_AHB1PeriphClockCmd
<LI><a href="#[fc]">&gt;&gt;</a>&nbsp;&nbsp;&nbsp;GPIO_PinAFConfig
<LI><a href="#[fb]">&gt;&gt;</a>&nbsp;&nbsp;&nbsp;GPIO_Init
<LI><a href="#[ea]">&gt;&gt;</a>&nbsp;&nbsp;&nbsp;RCC_APB1PeriphClockCmd
</UL>
<BR>[Called By]<UL><LI><a href="#[14c]">&gt;&gt;</a>&nbsp;&nbsp;&nbsp;BSP_MB_USART_2_Init
</UL>

<P><STRONG><a name="[14c]"></a>BSP_MB_USART_2_Init</STRONG> (Thumb, 24 bytes, Stack size 8 bytes, bsp_mb_usart.o(.text), UNUSED)
<BR><BR>[Calls]<UL><LI><a href="#[d6]">&gt;&gt;</a>&nbsp;&nbsp;&nbsp;BKP_ReadBackupRegister
<LI><a href="#[14b]">&gt;&gt;</a>&nbsp;&nbsp;&nbsp;BSP_MB_USART_2_GPIO_Init
<LI><a href="#[149]">&gt;&gt;</a>&nbsp;&nbsp;&nbsp;BSP_MB_USART_2_Mode_Init
<LI><a href="#[148]">&gt;&gt;</a>&nbsp;&nbsp;&nbsp;BSP_MB_USART_2_NVIC_Init
</UL>

<P><STRONG><a name="[35]"></a>USART3_IRQHandler</STRONG> (Thumb, 216 bytes, Stack size 8 bytes, bsp_mb_usart.o(.text))
<BR><BR>[Stack]<UL><LI>Max Depth = 24<LI>Call Chain = USART3_IRQHandler &rArr; USART_GetITStatus
</UL>
<BR>[Calls]<UL><LI><a href="#[14d]">&gt;&gt;</a>&nbsp;&nbsp;&nbsp;USART_GetITStatus
<LI><a href="#[139]">&gt;&gt;</a>&nbsp;&nbsp;&nbsp;BSP_MB_TIMER_1_Enable
<LI><a href="#[130]">&gt;&gt;</a>&nbsp;&nbsp;&nbsp;GE_BSP_MB_CRC
<LI><a href="#[12c]">&gt;&gt;</a>&nbsp;&nbsp;&nbsp;GE_MB_Data_Feedback
</UL>
<BR>[Address Reference Count : 1]<UL><LI> startup_stm32f40_41xxx.o(RESET)
</UL>
<P><STRONG><a name="[df]"></a>BKP_WriteBackupRegister</STRONG> (Thumb, 22 bytes, Stack size 8 bytes, bsp_mem.o(.text))
<BR><BR>[Stack]<UL><LI>Max Depth = 8<LI>Call Chain = BKP_WriteBackupRegister
</UL>
<BR>[Called By]<UL><LI><a href="#[b6]">&gt;&gt;</a>&nbsp;&nbsp;&nbsp;BSP_Key_Proc
<LI><a href="#[14e]">&gt;&gt;</a>&nbsp;&nbsp;&nbsp;BSP_BKPSRAM_Init
<LI><a href="#[133]">&gt;&gt;</a>&nbsp;&nbsp;&nbsp;GE_MB_FUNC_WRITE_SINGLE_REGISTERS
<LI><a href="#[131]">&gt;&gt;</a>&nbsp;&nbsp;&nbsp;GE_MB_FUNC_WRITE_MULTIPLE_REGISTERS
</UL>

<P><STRONG><a name="[d6]"></a>BKP_ReadBackupRegister</STRONG> (Thumb, 24 bytes, Stack size 8 bytes, bsp_mem.o(.text))
<BR><BR>[Stack]<UL><LI>Max Depth = 8<LI>Call Chain = BKP_ReadBackupRegister
</UL>
<BR>[Called By]<UL><LI><a href="#[e8]">&gt;&gt;</a>&nbsp;&nbsp;&nbsp;BSP_LCD_Disp_Config_Parameter
<LI><a href="#[da]">&gt;&gt;</a>&nbsp;&nbsp;&nbsp;BSP_I_T_Proc
<LI><a href="#[d9]">&gt;&gt;</a>&nbsp;&nbsp;&nbsp;BSP_Res_Proc
<LI><a href="#[d8]">&gt;&gt;</a>&nbsp;&nbsp;&nbsp;BSP_Voltage_Proc
<LI><a href="#[d5]">&gt;&gt;</a>&nbsp;&nbsp;&nbsp;BSP_sendBala
<LI><a href="#[b4]">&gt;&gt;</a>&nbsp;&nbsp;&nbsp;GE_MB_Protocol
<LI><a href="#[b6]">&gt;&gt;</a>&nbsp;&nbsp;&nbsp;BSP_Key_Proc
<LI><a href="#[14e]">&gt;&gt;</a>&nbsp;&nbsp;&nbsp;BSP_BKPSRAM_Init
<LI><a href="#[14c]">&gt;&gt;</a>&nbsp;&nbsp;&nbsp;BSP_MB_USART_2_Init
<LI><a href="#[147]">&gt;&gt;</a>&nbsp;&nbsp;&nbsp;BSP_MB_USART_1_Init
<LI><a href="#[134]">&gt;&gt;</a>&nbsp;&nbsp;&nbsp;GE_MB_FUNC_READ_MULTIPLE_REGISTERS
<LI><a href="#[133]">&gt;&gt;</a>&nbsp;&nbsp;&nbsp;GE_MB_FUNC_WRITE_SINGLE_REGISTERS
<LI><a href="#[131]">&gt;&gt;</a>&nbsp;&nbsp;&nbsp;GE_MB_FUNC_WRITE_MULTIPLE_REGISTERS
</UL>

<P><STRONG><a name="[14e]"></a>BSP_BKPSRAM_Init</STRONG> (Thumb, 242 bytes, Stack size 8 bytes, bsp_mem.o(.text))
<BR><BR>[Stack]<UL><LI>Max Depth = 16<LI>Call Chain = BSP_BKPSRAM_Init &rArr; BKP_WriteBackupRegister
</UL>
<BR>[Calls]<UL><LI><a href="#[f1]">&gt;&gt;</a>&nbsp;&nbsp;&nbsp;RCC_AHB1PeriphClockCmd
<LI><a href="#[ea]">&gt;&gt;</a>&nbsp;&nbsp;&nbsp;RCC_APB1PeriphClockCmd
<LI><a href="#[df]">&gt;&gt;</a>&nbsp;&nbsp;&nbsp;BKP_WriteBackupRegister
<LI><a href="#[d6]">&gt;&gt;</a>&nbsp;&nbsp;&nbsp;BKP_ReadBackupRegister
<LI><a href="#[151]">&gt;&gt;</a>&nbsp;&nbsp;&nbsp;PWR_GetFlagStatus
<LI><a href="#[150]">&gt;&gt;</a>&nbsp;&nbsp;&nbsp;PWR_BackupRegulatorCmd
<LI><a href="#[14f]">&gt;&gt;</a>&nbsp;&nbsp;&nbsp;PWR_BackupAccessCmd
</UL>
<BR>[Called By]<UL><LI><a href="#[10e]">&gt;&gt;</a>&nbsp;&nbsp;&nbsp;BSP_BAT_DATA_MEM_Init
</UL>

<P><STRONG><a name="[156]"></a>BSP_BatParamConf_Init</STRONG> (Thumb, 116 bytes, Stack size 0 bytes, bsp_mem.o(.text))
<BR><BR>[Called By]<UL><LI><a href="#[10e]">&gt;&gt;</a>&nbsp;&nbsp;&nbsp;BSP_BAT_DATA_MEM_Init
</UL>

<P><STRONG><a name="[155]"></a>BSP_BatResWarnBit_Init</STRONG> (Thumb, 52 bytes, Stack size 0 bytes, bsp_mem.o(.text))
<BR><BR>[Called By]<UL><LI><a href="#[10e]">&gt;&gt;</a>&nbsp;&nbsp;&nbsp;BSP_BAT_DATA_MEM_Init
</UL>

<P><STRONG><a name="[154]"></a>BSP_BatIntRes_Init</STRONG> (Thumb, 20 bytes, Stack size 0 bytes, bsp_mem.o(.text))
<BR><BR>[Called By]<UL><LI><a href="#[10e]">&gt;&gt;</a>&nbsp;&nbsp;&nbsp;BSP_BAT_DATA_MEM_Init
</UL>

<P><STRONG><a name="[153]"></a>BSP_BatVolWarnBit_Init</STRONG> (Thumb, 52 bytes, Stack size 0 bytes, bsp_mem.o(.text))
<BR><BR>[Called By]<UL><LI><a href="#[10e]">&gt;&gt;</a>&nbsp;&nbsp;&nbsp;BSP_BAT_DATA_MEM_Init
</UL>

<P><STRONG><a name="[152]"></a>BSP_BatVol_Init</STRONG> (Thumb, 20 bytes, Stack size 0 bytes, bsp_mem.o(.text))
<BR><BR>[Called By]<UL><LI><a href="#[10e]">&gt;&gt;</a>&nbsp;&nbsp;&nbsp;BSP_BAT_DATA_MEM_Init
</UL>

<P><STRONG><a name="[10e]"></a>BSP_BAT_DATA_MEM_Init</STRONG> (Thumb, 28 bytes, Stack size 8 bytes, bsp_mem.o(.text))
<BR><BR>[Stack]<UL><LI>Max Depth = 24<LI>Call Chain = BSP_BAT_DATA_MEM_Init &rArr; BSP_BKPSRAM_Init &rArr; BKP_WriteBackupRegister
</UL>
<BR>[Calls]<UL><LI><a href="#[152]">&gt;&gt;</a>&nbsp;&nbsp;&nbsp;BSP_BatVol_Init
<LI><a href="#[153]">&gt;&gt;</a>&nbsp;&nbsp;&nbsp;BSP_BatVolWarnBit_Init
<LI><a href="#[154]">&gt;&gt;</a>&nbsp;&nbsp;&nbsp;BSP_BatIntRes_Init
<LI><a href="#[155]">&gt;&gt;</a>&nbsp;&nbsp;&nbsp;BSP_BatResWarnBit_Init
<LI><a href="#[156]">&gt;&gt;</a>&nbsp;&nbsp;&nbsp;BSP_BatParamConf_Init
<LI><a href="#[14e]">&gt;&gt;</a>&nbsp;&nbsp;&nbsp;BSP_BKPSRAM_Init
</UL>
<BR>[Called By]<UL><LI><a href="#[bc]">&gt;&gt;</a>&nbsp;&nbsp;&nbsp;BSP_Init
</UL>

<P><STRONG><a name="[4]"></a>Reset_Handler</STRONG> (Thumb, 8 bytes, Stack size 0 bytes, startup_stm32f40_41xxx.o(.text))
<BR>[Address Reference Count : 1]<UL><LI> startup_stm32f40_41xxx.o(RESET)
</UL>
<P><STRONG><a name="[a]"></a>SVC_Handler</STRONG> (Thumb, 2 bytes, Stack size 0 bytes, startup_stm32f40_41xxx.o(.text))
<BR><BR>[Calls]<UL><LI><a href="#[a]">&gt;&gt;</a>&nbsp;&nbsp;&nbsp;SVC_Handler
</UL>
<BR>[Called By]<UL><LI><a href="#[a]">&gt;&gt;</a>&nbsp;&nbsp;&nbsp;SVC_Handler
</UL>
<BR>[Address Reference Count : 1]<UL><LI> startup_stm32f40_41xxx.o(RESET)
</UL>
<P><STRONG><a name="[20]"></a>ADC_IRQHandler</STRONG> (Thumb, 0 bytes, Stack size 0 bytes, startup_stm32f40_41xxx.o(.text))
<BR><BR>[Calls]<UL><LI><a href="#[20]">&gt;&gt;</a>&nbsp;&nbsp;&nbsp;ADC_IRQHandler
</UL>
<BR>[Called By]<UL><LI><a href="#[20]">&gt;&gt;</a>&nbsp;&nbsp;&nbsp;ADC_IRQHandler
</UL>
<BR>[Address Reference Count : 1]<UL><LI> startup_stm32f40_41xxx.o(RESET)
</UL>
<P><STRONG><a name="[23]"></a>CAN1_RX1_IRQHandler</STRONG> (Thumb, 0 bytes, Stack size 0 bytes, startup_stm32f40_41xxx.o(.text))
<BR>[Address Reference Count : 1]<UL><LI> startup_stm32f40_41xxx.o(RESET)
</UL>
<P><STRONG><a name="[24]"></a>CAN1_SCE_IRQHandler</STRONG> (Thumb, 0 bytes, Stack size 0 bytes, startup_stm32f40_41xxx.o(.text))
<BR>[Address Reference Count : 1]<UL><LI> startup_stm32f40_41xxx.o(RESET)
</UL>
<P><STRONG><a name="[21]"></a>CAN1_TX_IRQHandler</STRONG> (Thumb, 0 bytes, Stack size 0 bytes, startup_stm32f40_41xxx.o(.text))
<BR>[Address Reference Count : 1]<UL><LI> startup_stm32f40_41xxx.o(RESET)
</UL>
<P><STRONG><a name="[4e]"></a>CAN2_RX0_IRQHandler</STRONG> (Thumb, 0 bytes, Stack size 0 bytes, startup_stm32f40_41xxx.o(.text))
<BR>[Address Reference Count : 1]<UL><LI> startup_stm32f40_41xxx.o(RESET)
</UL>
<P><STRONG><a name="[4f]"></a>CAN2_RX1_IRQHandler</STRONG> (Thumb, 0 bytes, Stack size 0 bytes, startup_stm32f40_41xxx.o(.text))
<BR>[Address Reference Count : 1]<UL><LI> startup_stm32f40_41xxx.o(RESET)
</UL>
<P><STRONG><a name="[50]"></a>CAN2_SCE_IRQHandler</STRONG> (Thumb, 0 bytes, Stack size 0 bytes, startup_stm32f40_41xxx.o(.text))
<BR>[Address Reference Count : 1]<UL><LI> startup_stm32f40_41xxx.o(RESET)
</UL>
<P><STRONG><a name="[4d]"></a>CAN2_TX_IRQHandler</STRONG> (Thumb, 0 bytes, Stack size 0 bytes, startup_stm32f40_41xxx.o(.text))
<BR>[Address Reference Count : 1]<UL><LI> startup_stm32f40_41xxx.o(RESET)
</UL>
<P><STRONG><a name="[5d]"></a>CRYP_IRQHandler</STRONG> (Thumb, 0 bytes, Stack size 0 bytes, startup_stm32f40_41xxx.o(.text))
<BR>[Address Reference Count : 1]<UL><LI> startup_stm32f40_41xxx.o(RESET)
</UL>
[...]
</UL>
<BR>[Calls]<UL><LI><a href="#[196]">&gt;&gt;</a>&nbsp;&nbsp;&nbsp;__2printf
<LI><a href="#[2bc]">&gt;&gt;</a>&nbsp;&nbsp;&nbsp;do_close_internal
<LI><a href="#[2bb]">&gt;&gt;</a>&nbsp;&nbsp;&nbsp;do_writemore
</UL>
<BR>[Address Reference Count : 1]<UL><LI> api_msg.o(.text)
</UL>
<P><STRONG><a name="[2bc]"></a>do_close_internal</STRONG> (Thumb, 452 bytes, Stack size 32 bytes, api_msg.o(.text))
<BR><BR>[Stack]<UL><LI>Max Depth = 576 + Unknown Stack Size
<LI>Call Chain = do_close_internal &rArr; tcp_shutdown &rArr; tcp_close_shutdown &rArr; tcp_pcb_remove &rArr; tcp_output &rArr; tcp_output_segment &rArr; ip_output &rArr; ip_output_if &rArr; ip_frag &rArr; pbuf_alloc &rArr; pbuf_free &rArr; mem_free &rArr; plug_holes &rArr; __2printf &rArr; _printf_char_file &rArr; _printf_char_common &rArr; __printf
</UL>
<BR>[Calls]<UL><LI><a href="#[1b2]">&gt;&gt;</a>&nbsp;&nbsp;&nbsp;tcp_sent
<LI><a href="#[1af]">&gt;&gt;</a>&nbsp;&nbsp;&nbsp;tcp_recv
<LI><a href="#[1b1]">&gt;&gt;</a>&nbsp;&nbsp;&nbsp;tcp_poll
<LI><a href="#[1b0]">&gt;&gt;</a>&nbsp;&nbsp;&nbsp;tcp_err
<LI><a href="#[1b3]">&gt;&gt;</a>&nbsp;&nbsp;&nbsp;tcp_close
<LI><a href="#[1ae]">&gt;&gt;</a>&nbsp;&nbsp;&nbsp;tcp_arg
<LI><a href="#[1c5]">&gt;&gt;</a>&nbsp;&nbsp;&nbsp;tcp_accept
<LI><a href="#[28a]">&gt;&gt;</a>&nbsp;&nbsp;&nbsp;sys_sem_signal
<LI><a href="#[269]">&gt;&gt;</a>&nbsp;&nbsp;&nbsp;tcp_shutdown
<LI><a href="#[196]">&gt;&gt;</a>&nbsp;&nbsp;&nbsp;__2printf
</UL>
<BR>[Called By]<UL><LI><a href="#[7b]">&gt;&gt;</a>&nbsp;&nbsp;&nbsp;do_delconn
<LI><a href="#[84]">&gt;&gt;</a>&nbsp;&nbsp;&nbsp;do_close
<LI><a href="#[86]">&gt;&gt;</a>&nbsp;&nbsp;&nbsp;poll_tcp
<LI><a href="#[85]">&gt;&gt;</a>&nbsp;&nbsp;&nbsp;sent_tcp
</UL>

<P><STRONG><a name="[86]"></a>poll_tcp</STRONG> (Thumb, 132 bytes, Stack size 16 bytes, api_msg.o(.text))
<BR><BR>[Stack]<UL><LI>Max Depth = 592 + Unknown Stack Size
<LI>Call Chain = poll_tcp &rArr; do_close_internal &rArr; tcp_shutdown &rArr; tcp_close_shutdown &rArr; tcp_pcb_remove &rArr; tcp_output &rArr; tcp_output_segment &rArr; ip_output &rArr; ip_output_if &rArr; ip_frag &rArr; pbuf_alloc &rArr; pbuf_free &rArr; mem_free &rArr; plug_holes &rArr; __2printf &rArr; _printf_char_file &rArr; _printf_char_common &rArr; __printf
</UL>
<BR>[Calls]<UL><LI><a href="#[196]">&gt;&gt;</a>&nbsp;&nbsp;&nbsp;__2printf
<LI><a href="#[2bc]">&gt;&gt;</a>&nbsp;&nbsp;&nbsp;do_close_internal
<LI><a href="#[2bb]">&gt;&gt;</a>&nbsp;&nbsp;&nbsp;do_writemore
</UL>
<BR>[Address Reference Count : 1]<UL><LI> api_msg.o(.text)
</UL>
<P><STRONG><a name="[2bd]"></a>setup_tcp</STRONG> (Thumb, 50 bytes, Stack size 16 bytes, api_msg.o(.text))
<BR><BR>[Stack]<UL><LI>Max Depth = 160 + Unknown Stack Size
<LI>Call Chain = setup_tcp &rArr; tcp_sent &rArr; __2printf &rArr; _printf_char_file &rArr; _printf_char_common &rArr; __printf
</UL>
<BR>[Calls]<UL><LI><a href="#[1b2]">&gt;&gt;</a>&nbsp;&nbsp;&nbsp;tcp_sent
<LI><a href="#[1af]">&gt;&gt;</a>&nbsp;&nbsp;&nbsp;tcp_recv
<LI><a href="#[1b1]">&gt;&gt;</a>&nbsp;&nbsp;&nbsp;tcp_poll
<LI><a href="#[1b0]">&gt;&gt;</a>&nbsp;&nbsp;&nbsp;tcp_err
<LI><a href="#[1ae]">&gt;&gt;</a>&nbsp;&nbsp;&nbsp;tcp_arg
</UL>
<BR>[Called By]<UL><LI><a href="#[7e]">&gt;&gt;</a>&nbsp;&nbsp;&nbsp;do_connect
<LI><a href="#[8b]">&gt;&gt;</a>&nbsp;&nbsp;&nbsp;do_connected
<LI><a href="#[2c0]">&gt;&gt;</a>&nbsp;&nbsp;&nbsp;pcb_new
<LI><a href="#[8c]">&gt;&gt;</a>&nbsp;&nbsp;&nbsp;accept_function
</UL>

<P><STRONG><a name="[8c]"></a>accept_function</STRONG> (Thumb, 176 bytes, Stack size 32 bytes, api_msg.o(.text))
<BR><BR>[Stack]<UL><LI>Max Depth = 232 + Unknown Stack Size
<LI>Call Chain = accept_function &rArr; netconn_alloc &rArr; sys_sem_free &rArr; OSSemDel &rArr; __2printf &rArr; _printf_char_file &rArr; _printf_char_common &rArr; __printf
</UL>
<BR>[Calls]<UL><LI><a href="#[1b2]">&gt;&gt;</a>&nbsp;&nbsp;&nbsp;tcp_sent
<LI><a href="#[1af]">&gt;&gt;</a>&nbsp;&nbsp;&nbsp;tcp_recv
<LI><a href="#[1b1]">&gt;&gt;</a>&nbsp;&nbsp;&nbsp;tcp_poll
<LI><a href="#[1b0]">&gt;&gt;</a>&nbsp;&nbsp;&nbsp;tcp_err
<LI><a href="#[1ae]">&gt;&gt;</a>&nbsp;&nbsp;&nbsp;tcp_arg
<LI><a href="#[2a9]">&gt;&gt;</a>&nbsp;&nbsp;&nbsp;netconn_free
<LI><a href="#[2a6]">&gt;&gt;</a>&nbsp;&nbsp;&nbsp;netconn_alloc
<LI><a href="#[2bf]">&gt;&gt;</a>&nbsp;&nbsp;&nbsp;sys_mbox_set_invalid
<LI><a href="#[298]">&gt;&gt;</a>&nbsp;&nbsp;&nbsp;sys_mbox_valid
<LI><a href="#[294]">&gt;&gt;</a>&nbsp;&nbsp;&nbsp;sys_mbox_trypost
<LI><a href="#[290]">&gt;&gt;</a>&nbsp;&nbsp;&nbsp;sys_mbox_free
<LI><a href="#[2bd]">&gt;&gt;</a>&nbsp;&nbsp;&nbsp;setup_tcp
</UL>
<BR>[Address Reference Count : 1]<UL><LI> api_msg.o(.text)
</UL>
<P><STRONG><a name="[2c0]"></a>pcb_new</STRONG> (Thumb, 178 bytes, Stack size 8 bytes, api_msg.o(.text))
<BR><BR>[Stack]<UL><LI>Max Depth = 608 + Unknown Stack Size
<LI>Call Chain = pcb_new &rArr; tcp_new &rArr; tcp_alloc &rArr; tcp_kill_prio &rArr; tcp_abort &rArr; tcp_abandon &rArr; tcp_pcb_remove &rArr; tcp_output &rArr; tcp_output_segment &rArr; ip_output &rArr; ip_output_if &rArr; ip_frag &rArr; pbuf_alloc &rArr; pbuf_free &rArr; mem_free &rArr; plug_holes &rArr; __2printf &rArr; _printf_char_file &rArr; _printf_char_common &rArr; __printf
</UL>
<BR>[Calls]<UL><LI><a href="#[1c2]">&gt;&gt;</a>&nbsp;&nbsp;&nbsp;tcp_new
<LI><a href="#[257]">&gt;&gt;</a>&nbsp;&nbsp;&nbsp;raw_new
<LI><a href="#[2c1]">&gt;&gt;</a>&nbsp;&nbsp;&nbsp;raw_recv
<LI><a href="#[23a]">&gt;&gt;</a>&nbsp;&nbsp;&nbsp;udp_recv
<LI><a href="#[237]">&gt;&gt;</a>&nbsp;&nbsp;&nbsp;udp_new
<LI><a href="#[196]">&gt;&gt;</a>&nbsp;&nbsp;&nbsp;__2printf
<LI><a href="#[2bd]">&gt;&gt;</a>&nbsp;&nbsp;&nbsp;setup_tcp
</UL>
<BR>[Called By]<UL><LI><a href="#[7a]">&gt;&gt;</a>&nbsp;&nbsp;&nbsp;do_newconn
</UL>

<P><STRONG><a name="[2c2]"></a>netconn_drain</STRONG> (Thumb, 204 bytes, Stack size 24 bytes, api_msg.o(.text))
<BR><BR>[Stack]<UL><LI>Max Depth = 576 + Unknown Stack Size
 + In Cycle
<LI>Call Chain = netconn_drain &rArr;  netconn_drain (Cycle)
</UL>
<BR>[Calls]<UL><LI><a href="#[1be]">&gt;&gt;</a>&nbsp;&nbsp;&nbsp;tcp_recved
<LI><a href="#[1bf]">&gt;&gt;</a>&nbsp;&nbsp;&nbsp;pbuf_free
<LI><a href="#[2a9]">&gt;&gt;</a>&nbsp;&nbsp;&nbsp;netconn_free
<LI><a href="#[2bf]">&gt;&gt;</a>&nbsp;&nbsp;&nbsp;sys_mbox_set_invalid
<LI><a href="#[298]">&gt;&gt;</a>&nbsp;&nbsp;&nbsp;sys_mbox_valid
<LI><a href="#[297]">&gt;&gt;</a>&nbsp;&nbsp;&nbsp;sys_arch_mbox_tryfetch
<LI><a href="#[290]">&gt;&gt;</a>&nbsp;&nbsp;&nbsp;sys_mbox_free
<LI><a href="#[247]">&gt;&gt;</a>&nbsp;&nbsp;&nbsp;tcp_abort
<LI><a href="#[196]">&gt;&gt;</a>&nbsp;&nbsp;&nbsp;__2printf
<LI><a href="#[2ba]">&gt;&gt;</a>&nbsp;&nbsp;&nbsp;netbuf_delete
<LI><a href="#[2c2]">&gt;&gt;</a>&nbsp;&nbsp;&nbsp;netconn_drain
</UL>
<BR>[Called By]<UL><LI><a href="#[7b]">&gt;&gt;</a>&nbsp;&nbsp;&nbsp;do_delconn
<LI><a href="#[84]">&gt;&gt;</a>&nbsp;&nbsp;&nbsp;do_close
<LI><a href="#[2c2]">&gt;&gt;</a>&nbsp;&nbsp;&nbsp;netconn_drain
</UL>

<P><STRONG><a name="[8b]"></a>do_connected</STRONG> (Thumb, 212 bytes, Stack size 32 bytes, api_msg.o(.text))
<BR><BR>[Stack]<UL><LI>Max Depth = 192 + Unknown Stack Size
<LI>Call Chain = do_connected &rArr; setup_tcp &rArr; tcp_sent &rArr; __2printf &rArr; _printf_char_file &rArr; _printf_char_common &rArr; __printf
</UL>
<BR>[Calls]<UL><LI><a href="#[c0]">&gt;&gt;</a>&nbsp;&nbsp;&nbsp;OS_CPU_SR_Save
<LI><a href="#[c2]">&gt;&gt;</a>&nbsp;&nbsp;&nbsp;OS_CPU_SR_Restore
<LI><a href="#[28a]">&gt;&gt;</a>&nbsp;&nbsp;&nbsp;sys_sem_signal
<LI><a href="#[196]">&gt;&gt;</a>&nbsp;&nbsp;&nbsp;__2printf
<LI><a href="#[2bd]">&gt;&gt;</a>&nbsp;&nbsp;&nbsp;setup_tcp
</UL>
<BR>[Address Reference Count : 1]<UL><LI> api_msg.o(.text)
</UL>
<P><STRONG><a name="[2d0]"></a>get_socket</STRONG> (Thumb, 44 bytes, Stack size 0 bytes, sockets.o(.text))
<BR><BR>[Called By]<UL><LI><a href="#[2e8]">&gt;&gt;</a>&nbsp;&nbsp;&nbsp;lwip_fcntl
<LI><a href="#[2e7]">&gt;&gt;</a>&nbsp;&nbsp;&nbsp;lwip_ioctl
<LI><a href="#[2e6]">&gt;&gt;</a>&nbsp;&nbsp;&nbsp;lwip_setsockopt
<LI><a href="#[2e4]">&gt;&gt;</a>&nbsp;&nbsp;&nbsp;lwip_getsockopt
<LI><a href="#[2e0]">&gt;&gt;</a>&nbsp;&nbsp;&nbsp;lwip_shutdown
<LI><a href="#[2da]">&gt;&gt;</a>&nbsp;&nbsp;&nbsp;lwip_send
<LI><a href="#[2d9]">&gt;&gt;</a>&nbsp;&nbsp;&nbsp;lwip_sendto
<LI><a href="#[2d6]">&gt;&gt;</a>&nbsp;&nbsp;&nbsp;lwip_recvfrom
<LI><a href="#[2d5]">&gt;&gt;</a>&nbsp;&nbsp;&nbsp;lwip_listen
<LI><a href="#[2d4]">&gt;&gt;</a>&nbsp;&nbsp;&nbsp;lwip_connect
<LI><a href="#[2d3]">&gt;&gt;</a>&nbsp;&nbsp;&nbsp;lwip_close
<LI><a href="#[2d2]">&gt;&gt;</a>&nbsp;&nbsp;&nbsp;lwip_bind
<LI><a href="#[2d1]">&gt;&gt;</a>&nbsp;&nbsp;&nbsp;lwip_accept
<LI><a href="#[2e1]">&gt;&gt;</a>&nbsp;&nbsp;&nbsp;lwip_getaddrname
<LI><a href="#[8d]">&gt;&gt;</a>&nbsp;&nbsp;&nbsp;event_callback
</UL>

<P><STRONG><a name="[2de]"></a>tryget_socket</STRONG> (Thumb, 42 bytes, Stack size 0 bytes, sockets.o(.text), UNUSED)
<BR><BR>[Called By]<UL><LI><a href="#[2df]">&gt;&gt;</a>&nbsp;&nbsp;&nbsp;lwip_select
<LI><a href="#[2dd]">&gt;&gt;</a>&nbsp;&nbsp;&nbsp;lwip_selscan
</UL>

<P><STRONG><a name="[2ce]"></a>alloc_socket</STRONG> (Thumb, 166 bytes, Stack size 24 bytes, sockets.o(.text), UNUSED)
<BR><BR>[Calls]<UL><LI><a href="#[c0]">&gt;&gt;</a>&nbsp;&nbsp;&nbsp;OS_CPU_SR_Save
<LI><a href="#[c2]">&gt;&gt;</a>&nbsp;&nbsp;&nbsp;OS_CPU_SR_Restore
</UL>
<BR>[Called By]<UL><LI><a href="#[2db]">&gt;&gt;</a>&nbsp;&nbsp;&nbsp;lwip_socket
<LI><a href="#[2d1]">&gt;&gt;</a>&nbsp;&nbsp;&nbsp;lwip_accept
</UL>

<P><STRONG><a name="[2cf]"></a>free_socket</STRONG> (Thumb, 56 bytes, Stack size 24 bytes, sockets.o(.text), UNUSED)
<BR><BR>[Calls]<UL><LI><a href="#[c0]">&gt;&gt;</a>&nbsp;&nbsp;&nbsp;OS_CPU_SR_Save
<LI><a href="#[c2]">&gt;&gt;</a>&nbsp;&nbsp;&nbsp;OS_CPU_SR_Restore
<LI><a href="#[1bf]">&gt;&gt;</a>&nbsp;&nbsp;&nbsp;pbuf_free
<LI><a href="#[2ba]">&gt;&gt;</a>&nbsp;&nbsp;&nbsp;netbuf_delete
</UL>
<BR>[Called By]<UL><LI><a href="#[2d3]">&gt;&gt;</a>&nbsp;&nbsp;&nbsp;lwip_close
</UL>

<P><STRONG><a name="[8d]"></a>event_callback</STRONG> (Thumb, 374 bytes, Stack size 40 bytes, sockets.o(.text))
<BR><BR>[Stack]<UL><LI>Max Depth = 168 + Unknown Stack Size
<LI>Call Chain = event_callback &rArr; __2printf &rArr; _printf_char_file &rArr; _printf_char_common &rArr; __printf
</UL>
<BR>[Calls]<UL><LI><a href="#[c0]">&gt;&gt;</a>&nbsp;&nbsp;&nbsp;OS_CPU_SR_Save
<LI><a href="#[c2]">&gt;&gt;</a>&nbsp;&nbsp;&nbsp;OS_CPU_SR_Restore
<LI><a href="#[28a]">&gt;&gt;</a>&nbsp;&nbsp;&nbsp;sys_sem_signal
<LI><a href="#[196]">&gt;&gt;</a>&nbsp;&nbsp;&nbsp;__2printf
<LI><a href="#[2d0]">&gt;&gt;</a>&nbsp;&nbsp;&nbsp;get_socket
</UL>
<BR>[Address Reference Count : 1]<UL><LI> sockets.o(.text)
</UL>
<P><STRONG><a name="[2dd]"></a>lwip_selscan</STRONG> (Thumb, 380 bytes, Stack size 64 bytes, sockets.o(.text), UNUSED)
<BR><BR>[Calls]<UL><LI><a href="#[c0]">&gt;&gt;</a>&nbsp;&nbsp;&nbsp;OS_CPU_SR_Save
<LI><a href="#[c2]">&gt;&gt;</a>&nbsp;&nbsp;&nbsp;OS_CPU_SR_Restore
<LI><a href="#[196]">&gt;&gt;</a>&nbsp;&nbsp;&nbsp;__2printf
<LI><a href="#[2de]">&gt;&gt;</a>&nbsp;&nbsp;&nbsp;tryget_socket
</UL>
<BR>[Called By]<UL><LI><a href="#[2df]">&gt;&gt;</a>&nbsp;&nbsp;&nbsp;lwip_select
</UL>

<P><STRONG><a name="[2e1]"></a>lwip_getaddrname</STRONG> (Thumb, 130 bytes, Stack size 48 bytes, sockets.o(.text), UNUSED)
<BR><BR>[Calls]<UL><LI><a href="#[1da]">&gt;&gt;</a>&nbsp;&nbsp;&nbsp;lwip_htons
<LI><a href="#[2aa]">&gt;&gt;</a>&nbsp;&nbsp;&nbsp;netconn_getaddr
<LI><a href="#[19e]">&gt;&gt;</a>&nbsp;&nbsp;&nbsp;__aeabi_memcpy
<LI><a href="#[2d0]">&gt;&gt;</a>&nbsp;&nbsp;&nbsp;get_socket
</UL>
<BR>[Called By]<UL><LI><a href="#[2e3]">&gt;&gt;</a>&nbsp;&nbsp;&nbsp;lwip_getsockname
<LI><a href="#[2e2]">&gt;&gt;</a>&nbsp;&nbsp;&nbsp;lwip_getpeername
</UL>

<P><STRONG><a name="[8e]"></a>lwip_getsockopt_internal</STRONG> (Thumb, 508 bytes, Stack size 32 bytes, sockets.o(.text))
<BR><BR>[Stack]<UL><LI>Max Depth = 160 + Unknown Stack Size
<LI>Call Chain = lwip_getsockopt_internal &rArr; __2printf &rArr; _printf_char_file &rArr; _printf_char_common &rArr; __printf
</UL>
<BR>[Calls]<UL><LI><a href="#[28a]">&gt;&gt;</a>&nbsp;&nbsp;&nbsp;sys_sem_signal
<LI><a href="#[196]">&gt;&gt;</a>&nbsp;&nbsp;&nbsp;__2printf
</UL>
<BR>[Address Reference Count : 1]<UL><LI> sockets.o(.text)
</UL>
<P><STRONG><a name="[8f]"></a>lwip_setsockopt_internal</STRONG> (Thumb, 438 bytes, Stack size 32 bytes, sockets.o(.text))
<BR><BR>[Stack]<UL><LI>Max Depth = 160 + Unknown Stack Size
<LI>Call Chain = lwip_setsockopt_internal &rArr; __2printf &rArr; _printf_char_file &rArr; _printf_char_common &rArr; __printf
</UL>
<BR>[Calls]<UL><LI><a href="#[28a]">&gt;&gt;</a>&nbsp;&nbsp;&nbsp;sys_sem_signal
<LI><a href="#[196]">&gt;&gt;</a>&nbsp;&nbsp;&nbsp;__2printf
</UL>
<BR>[Address Reference Count : 1]<UL><LI> sockets.o(.text)
</UL>
<P><STRONG><a name="[90]"></a>tcpip_thread</STRONG> (Thumb, 230 bytes, Stack size 8 bytes, tcpip.o(.text))
<BR><BR>[Stack]<UL><LI>Max Depth = 728 + Unknown Stack Size
<LI>Call Chain = tcpip_thread &rArr; ethernet_input &rArr; ip_input &rArr; tcp_input &rArr; tcp_listen_input &rArr; tcp_alloc &rArr; tcp_kill_prio &rArr; tcp_abort &rArr; tcp_abandon &rArr; tcp_pcb_remove &rArr; tcp_output &rArr; tcp_output_segment &rArr; ip_output &rArr; ip_output_if &rArr; ip_frag &rArr; pbuf_alloc &rArr; pbuf_free &rArr; mem_free &rArr; plug_holes &rArr; __2printf &rArr; _printf_char_file &rArr; _printf_char_common &rArr; __printf
</UL>
<BR>[Calls]<UL><LI><a href="#[1e6]">&gt;&gt;</a>&nbsp;&nbsp;&nbsp;ip_input
<LI><a href="#[1e4]">&gt;&gt;</a>&nbsp;&nbsp;&nbsp;ethernet_input
<LI><a href="#[282]">&gt;&gt;</a>&nbsp;&nbsp;&nbsp;sys_timeouts_mbox_fetch
<LI><a href="#[281]">&gt;&gt;</a>&nbsp;&nbsp;&nbsp;sys_untimeout
<LI><a href="#[280]">&gt;&gt;</a>&nbsp;&nbsp;&nbsp;sys_timeout
<LI><a href="#[20b]">&gt;&gt;</a>&nbsp;&nbsp;&nbsp;memp_free
<LI><a href="#[196]">&gt;&gt;</a>&nbsp;&nbsp;&nbsp;__2printf
</UL>
<BR>[Address Reference Count : 1]<UL><LI> tcpip.o(.text)
</UL>
<P><STRONG><a name="[91]"></a>pbuf_free_int</STRONG> (Thumb, 14 bytes, Stack size 16 bytes, tcpip.o(.text))
<BR><BR>[Stack]<UL><LI>Max Depth = 208 + Unknown Stack Size
<LI>Call Chain = pbuf_free_int &rArr; pbuf_free &rArr; mem_free &rArr; plug_holes &rArr; __2printf &rArr; _printf_char_file &rArr; _printf_char_common &rArr; __printf
</UL>
<BR>[Calls]<UL><LI><a href="#[1bf]">&gt;&gt;</a>&nbsp;&nbsp;&nbsp;pbuf_free
</UL>
<BR>[Address Reference Count : 1]<UL><LI> tcpip.o(.text)
</UL>
<P><STRONG><a name="[2f7]"></a>OS_InitTaskStat</STRONG> (Thumb, 52 bytes, Stack size 32 bytes, os_core.o(.text))
<BR><BR>[Stack]<UL><LI>Max Depth = 128 + Unknown Stack Size
<LI>Call Chain = OS_InitTaskStat &rArr; OSTaskCreateExt &rArr; OS_TCBInit
</UL>
<BR>[Calls]<UL><LI><a href="#[b9]">&gt;&gt;</a>&nbsp;&nbsp;&nbsp;OSTaskCreateExt
<LI><a href="#[2f8]">&gt;&gt;</a>&nbsp;&nbsp;&nbsp;OSTaskNameSet
</UL>
<BR>[Called By]<UL><LI><a href="#[c7]">&gt;&gt;</a>&nbsp;&nbsp;&nbsp;OSInit
</UL>

<P><STRONG><a name="[2fb]"></a>OS_InitTaskIdle</STRONG> (Thumb, 52 bytes, Stack size 32 bytes, os_core.o(.text))
<BR><BR>[Stack]<UL><LI>Max Depth = 128 + Unknown Stack Size
<LI>Call Chain = OS_InitTaskIdle &rArr; OSTaskCreateExt &rArr; OS_TCBInit
</UL>
<BR>[Calls]<UL><LI><a href="#[b9]">&gt;&gt;</a>&nbsp;&nbsp;&nbsp;OSTaskCreateExt
<LI><a href="#[2f8]">&gt;&gt;</a>&nbsp;&nbsp;&nbsp;OSTaskNameSet
</UL>
<BR>[Called By]<UL><LI><a href="#[c7]">&gt;&gt;</a>&nbsp;&nbsp;&nbsp;OSInit
</UL>

<P><STRONG><a name="[2fc]"></a>OS_InitEventList</STRONG> (Thumb, 82 bytes, Stack size 16 bytes, os_core.o(.text))
<BR><BR>[Stack]<UL><LI>Max Depth = 16<LI>Call Chain = OS_InitEventList
</UL>
<BR>[Calls]<UL><LI><a href="#[2fd]">&gt;&gt;</a>&nbsp;&nbsp;&nbsp;OS_MemClr
</UL>
<BR>[Called By]<UL><LI><a href="#[c7]">&gt;&gt;</a>&nbsp;&nbsp;&nbsp;OSInit
</UL>

<P><STRONG><a name="[2fe]"></a>OS_InitTCBList</STRONG> (Thumb, 106 bytes, Stack size 16 bytes, os_core.o(.text))
<BR><BR>[Stack]<UL><LI>Max Depth = 16<LI>Call Chain = OS_InitTCBList
</UL>
<BR>[Calls]<UL><LI><a href="#[2fd]">&gt;&gt;</a>&nbsp;&nbsp;&nbsp;OS_MemClr
</UL>
<BR>[Called By]<UL><LI><a href="#[c7]">&gt;&gt;</a>&nbsp;&nbsp;&nbsp;OSInit
</UL>

<P><STRONG><a name="[301]"></a>OS_InitRdyList</STRONG> (Thumb, 44 bytes, Stack size 0 bytes, os_core.o(.text))
<BR><BR>[Called By]<UL><LI><a href="#[c7]">&gt;&gt;</a>&nbsp;&nbsp;&nbsp;OSInit
</UL>

<P><STRONG><a name="[300]"></a>OS_InitMisc</STRONG> (Thumb, 44 bytes, Stack size 0 bytes, os_core.o(.text))
<BR><BR>[Called By]<UL><LI><a href="#[c7]">&gt;&gt;</a>&nbsp;&nbsp;&nbsp;OSInit
</UL>

<P><STRONG><a name="[307]"></a>OS_SchedNew</STRONG> (Thumb, 26 bytes, Stack size 0 bytes, os_core.o(.text))
<BR><BR>[Called By]<UL><LI><a href="#[cb]">&gt;&gt;</a>&nbsp;&nbsp;&nbsp;OSIntExit
<LI><a href="#[c8]">&gt;&gt;</a>&nbsp;&nbsp;&nbsp;OSStart
<LI><a href="#[309]">&gt;&gt;</a>&nbsp;&nbsp;&nbsp;OS_Sched
</UL>

<P><STRONG><a name="[314]"></a>OS_FlagTaskRdy</STRONG> (Thumb, 82 bytes, Stack size 20 bytes, os_flag.o(.text), UNUSED)
<BR><BR>[Calls]<UL><LI><a href="#[315]">&gt;&gt;</a>&nbsp;&nbsp;&nbsp;OS_FlagUnlink
</UL>
<BR>[Called By]<UL><LI><a href="#[31c]">&gt;&gt;</a>&nbsp;&nbsp;&nbsp;OSFlagPost
<LI><a href="#[316]">&gt;&gt;</a>&nbsp;&nbsp;&nbsp;OSFlagDel
</UL>

<P><STRONG><a name="[31a]"></a>OS_FlagBlock</STRONG> (Thumb, 152 bytes, Stack size 20 bytes, os_flag.o(.text), UNUSED)
<BR><BR>[Called By]<UL><LI><a href="#[319]">&gt;&gt;</a>&nbsp;&nbsp;&nbsp;OSFlagPend
</UL>

<P><STRONG><a name="[33e]"></a>OSTmr_Alloc</STRONG> (Thumb, 50 bytes, Stack size 0 bytes, os_tmr.o(.text), UNUSED)
<BR><BR>[Called By]<UL><LI><a href="#[33d]">&gt;&gt;</a>&nbsp;&nbsp;&nbsp;OSTmrCreate
</UL>

<P><STRONG><a name="[341]"></a>OSTmr_Free</STRONG> (Thumb, 58 bytes, Stack size 0 bytes, os_tmr.o(.text), UNUSED)
<BR><BR>[Called By]<UL><LI><a href="#[33f]">&gt;&gt;</a>&nbsp;&nbsp;&nbsp;OSTmrDel
</UL>

<P><STRONG><a name="[340]"></a>OSTmr_Unlink</STRONG> (Thumb, 62 bytes, Stack size 12 bytes, os_tmr.o(.text))
<BR><BR>[Stack]<UL><LI>Max Depth = 12<LI>Call Chain = OSTmr_Unlink
</UL>
<BR>[Called By]<UL><LI><a href="#[347]">&gt;&gt;</a>&nbsp;&nbsp;&nbsp;OSTmrStop
<LI><a href="#[345]">&gt;&gt;</a>&nbsp;&nbsp;&nbsp;OSTmrStart
<LI><a href="#[33f]">&gt;&gt;</a>&nbsp;&nbsp;&nbsp;OSTmrDel
<LI><a href="#[93]">&gt;&gt;</a>&nbsp;&nbsp;&nbsp;OSTmr_Task
</UL>

<P><STRONG><a name="[346]"></a>OSTmr_Link</STRONG> (Thumb, 100 bytes, Stack size 16 bytes, os_tmr.o(.text))
<BR><BR>[Stack]<UL><LI>Max Depth = 16<LI>Call Chain = OSTmr_Link
</UL>
<BR>[Called By]<UL><LI><a href="#[345]">&gt;&gt;</a>&nbsp;&nbsp;&nbsp;OSTmrStart
<LI><a href="#[93]">&gt;&gt;</a>&nbsp;&nbsp;&nbsp;OSTmr_Task
</UL>

<P><STRONG><a name="[93]"></a>OSTmr_Task</STRONG> (Thumb, 114 bytes, Stack size 8 bytes, os_tmr.o(.text))
<BR><BR>[Stack]<UL><LI>Max Depth = 40 + Unknown Stack Size
<LI>Call Chain = OSTmr_Task &rArr; OSSemPend &rArr; OS_EventTaskWait
</UL>
<BR>[Calls]<UL><LI><a href="#[181]">&gt;&gt;</a>&nbsp;&nbsp;&nbsp;OSSchedUnlock
<LI><a href="#[17f]">&gt;&gt;</a>&nbsp;&nbsp;&nbsp;OSSchedLock
<LI><a href="#[29c]">&gt;&gt;</a>&nbsp;&nbsp;&nbsp;OSSemPend
<LI><a href="#[346]">&gt;&gt;</a>&nbsp;&nbsp;&nbsp;OSTmr_Link
<LI><a href="#[340]">&gt;&gt;</a>&nbsp;&nbsp;&nbsp;OSTmr_Unlink
</UL>
<BR>[Address Reference Count : 1]<UL><LI> os_tmr.o(.text)
</UL>
<P><STRONG><a name="[349]"></a>OSTmr_InitTask</STRONG> (Thumb, 50 bytes, Stack size 32 bytes, os_tmr.o(.text))
<BR><BR>[Stack]<UL><LI>Max Depth = 128 + Unknown Stack Size
<LI>Call Chain = OSTmr_InitTask &rArr; OSTaskCreateExt &rArr; OS_TCBInit
</UL>
<BR>[Calls]<UL><LI><a href="#[b9]">&gt;&gt;</a>&nbsp;&nbsp;&nbsp;OSTaskCreateExt
<LI><a href="#[2f8]">&gt;&gt;</a>&nbsp;&nbsp;&nbsp;OSTaskNameSet
</UL>
<BR>[Called By]<UL><LI><a href="#[305]">&gt;&gt;</a>&nbsp;&nbsp;&nbsp;OSTmr_Init
</UL>

<P><STRONG><a name="[98]"></a>_printf_input_char</STRONG> (Thumb, 10 bytes, Stack size 0 bytes, _printf_char_common.o(.text))
<BR>[Address Reference Count : 1]<UL><LI> _printf_char_common.o(.text)
</UL><P>
<H3>
Undefined Global Symbols
</H3><HR></body></html>
