Component: ARM Compiler 5.05 update 1 (build 106) Tool: armlink [4d0efa]

==============================================================================

Section Cross References

    main.o(.text) refers to os_time.o(.text) for OSTimeDlyHMSM
    main.o(.text) refers to bsp_mb.o(.text) for GE_MB_Protocol
    main.o(.text) refers to ge_pm.o(.text) for BSP_LCD_Proc
    main.o(.text) refers to os_task.o(.text) for OSTaskCreateExt
    main.o(.text) refers to os_core.o(.text) for OSStatInit
    main.o(.text) refers to bsp.o(.text) for BSP_Init
    main.o(.text) refers to lan8720.o(.text) for LAN8720_Init
    main.o(.text) refers to lwip_comm.o(.text) for lwip_comm_init
    main.o(.text) refers to httpd.o(.text) for httpd_init
    main.o(.text) refers to os_cpu_a.o(.text) for OS_CPU_SR_Save
    main.o(.text) refers to delay.o(.text) for delay_init
    main.o(.text) refers to misc.o(.text) for NVIC_PriorityGroupConfig
    main.o(.text) refers to usart.o(.text) for uart_init
    main.o(.text) refers to sram.o(.text) for FSMC_SRAM_Init
    main.o(.text) refers to malloc.o(.text) for mymem_init
    main.o(.text) refers to main.o(.bss) for App_TaskCAN_Stk
    stm32f4xx_it.o(.text) refers to os_core.o(.text) for OSIntEnter
    stm32f4xx_it.o(.text) refers to stm32f4xx_can.o(.text) for CAN_Receive
    stm32f4xx_it.o(.text) refers to bsp_can.o(.bss) for RxMessage
    stm32f4xx_it.o(.text) refers to bsp_can.o(.data) for BSP_CAN_Rx_Flag
    system_stm32f4xx.o(.text) refers to system_stm32f4xx.o(.data) for SystemCoreClock
    ge_pm.o(.text) refers to bsp_can.o(.text) for BSP_CAN_SetTxMsg
    ge_pm.o(.text) refers to os_time.o(.text) for OSTimeDlyHMSM
    ge_pm.o(.text) refers to bsp_can.o(.bss) for RxMessage
    ge_pm.o(.text) refers to ge_pm.o(.data) for BSP_CAN_TimOut
    ge_pm.o(.text) refers to bsp_can.o(.data) for BSP_CAN_Rx_Flag
    ge_pm.o(.text) refers to ge_pm.o(.bss) for NoConvBatVol
    ge_pm.o(.text) refers to bsp_mem.o(.ARM.__AT_0x20001300) for BatVolWarnBit000_015
    ge_pm.o(.text) refers to bsp_mem.o(.ARM.__AT_0x20001304) for BatVolWarnBit016_031
    ge_pm.o(.text) refers to bsp_mem.o(.text) for BKP_ReadBackupRegister
    ge_pm.o(.text) refers to bsp_mem.o(.ARM.__AT_0x20001000) for GE_BAT_Vol
    ge_pm.o(.text) refers to bsp_mem.o(.ARM.__AT_0x20001848) for AverageVolVal
    ge_pm.o(.text) refers to bsp_mem.o(.ARM.__AT_0x20001804) for ChargeCurrentVal
    ge_pm.o(.text) refers to bsp_mem.o(.ARM.__AT_0x2000180C) for Temperature
    ge_pm.o(.text) refers to bsp_mem.o(.ARM.__AT_0x20001800) for TotalBatVol
    ge_pm.o(.text) refers to bsp_mem.o(.ARM.__AT_0x20001868) for GroBatWarn
    ge_pm.o(.text) refers to bsp_mem.o(.ARM.__AT_0x20001814) for HigVolBatVal1
    ge_pm.o(.text) refers to bsp_mem.o(.ARM.__AT_0x20001810) for HigVolBatNum1
    ge_pm.o(.text) refers to bsp_mem.o(.ARM.__AT_0x2000181C) for HigVolBatVal2
    ge_pm.o(.text) refers to bsp_mem.o(.ARM.__AT_0x20001818) for HigVolBatNum2
    ge_pm.o(.text) refers to bsp_mem.o(.ARM.__AT_0x20001824) for HigVolBatVal3
    ge_pm.o(.text) refers to bsp_mem.o(.ARM.__AT_0x20001820) for HigVolBatNum3
    ge_pm.o(.text) refers to bsp_mem.o(.ARM.__AT_0x2000182C) for LowVolBatVal1
    ge_pm.o(.text) refers to bsp_mem.o(.ARM.__AT_0x20001828) for LowVolBatNum1
    ge_pm.o(.text) refers to bsp_mem.o(.ARM.__AT_0x20001834) for LowVolBatVal2
    ge_pm.o(.text) refers to bsp_mem.o(.ARM.__AT_0x20001830) for LowVolBatNum2
    ge_pm.o(.text) refers to bsp_mem.o(.ARM.__AT_0x2000183C) for LowVolBatVal3
    ge_pm.o(.text) refers to bsp_mem.o(.ARM.__AT_0x20001838) for LowVolBatNum3
    ge_pm.o(.text) refers to bsp_mem.o(.ARM.__AT_0x2000184C) for MaxVolDiff
    ge_pm.o(.text) refers to bsp_mem.o(.ARM.__AT_0x20001400) for BatIntRes
    ge_pm.o(.text) refers to bsp_key.o(.text) for Key_Scan
    ge_pm.o(.text) refers to stm32f4xx_gpio.o(.text) for GPIO_SetBits
    ge_pm.o(.text) refers to stm32f4xx_tim.o(.text) for TIM_Cmd
    ge_pm.o(.text) refers to bsp_lcd.o(.text) for BSP_LCD_Disp_Str_X_Y
    ge_pm.o(.text) refers to bsp_mem.o(.ARM.__AT_0x20001844) for MaxResBatVal
    ge_pm.o(.text) refers to bsp_mem.o(.ARM.__AT_0x20001840) for MaxResBatNum
    ge_pm.o(.text) refers to bsp_mem.o(.ARM.__AT_0x20001700) for BatResWarnBit000_015
    ge_pm.o(.text) refers to bsp_mem.o(.ARM.__AT_0x20001704) for BatResWarnBit016_031
    ge_pm.o(.text) refers to bsp_lcd_tim.o(.data) for BSP_LCD_ON_TIME
    timer.o(.text) refers to stm32f4xx_rcc.o(.text) for RCC_APB1PeriphClockCmd
    timer.o(.text) refers to stm32f4xx_tim.o(.text) for TIM_TimeBaseInit
    timer.o(.text) refers to misc.o(.text) for NVIC_Init
    lan8720.o(.text) refers to stm32f4xx_rcc.o(.text) for RCC_AHB1PeriphClockCmd
    lan8720.o(.text) refers to stm32f4x7_eth.o(.text) for ETH_DeInit
    lan8720.o(.text) refers to misc.o(.text) for NVIC_Init
    lan8720.o(.text) refers to stm32f4xx_syscfg.o(.text) for SYSCFG_ETH_MediaInterfaceConfig
    lan8720.o(.text) refers to stm32f4xx_gpio.o(.text) for GPIO_Init
[...]
    netif_set_netmask                        0x0800f68b   Thumb Code    16  netif.o(.text)
    netif_set_ipaddr                         0x0800f69b   Thumb Code   124  netif.o(.text)
    netif_set_addr                           0x0800f717   Thumb Code    40  netif.o(.text)
    netif_add                                0x0800f73f   Thumb Code   148  netif.o(.text)
    netif_set_default                        0x0800f7d3   Thumb Code    10  netif.o(.text)
    netif_set_down                           0x0800f7dd   Thumb Code    42  netif.o(.text)
    netif_remove                             0x0800f807   Thumb Code    94  netif.o(.text)
    netif_find                               0x0800f865   Thumb Code    72  netif.o(.text)
    netif_set_up                             0x0800f8ad   Thumb Code    54  netif.o(.text)
    netif_set_link_up                        0x0800f8e3   Thumb Code    66  netif.o(.text)
    netif_set_link_down                      0x0800f925   Thumb Code    24  netif.o(.text)
    pbuf_free                                0x0800f9b9   Thumb Code   272  pbuf.o(.text)
    pbuf_alloc                               0x0800fac9   Thumb Code   652  pbuf.o(.text)
    pbuf_alloced_custom                      0x0800fd55   Thumb Code   656  pbuf.o(.text)
    pbuf_realloc                             0x0800ffe5   Thumb Code   268  pbuf.o(.text)
    pbuf_header                              0x080100f1   Thumb Code   214  pbuf.o(.text)
    pbuf_clen                                0x080101c7   Thumb Code    18  pbuf.o(.text)
    pbuf_ref                                 0x080101d9   Thumb Code    26  pbuf.o(.text)
    pbuf_cat                                 0x080101f3   Thumb Code   138  pbuf.o(.text)
    pbuf_chain                               0x0801027d   Thumb Code    26  pbuf.o(.text)
    pbuf_dechain                             0x08010297   Thumb Code   132  pbuf.o(.text)
    pbuf_copy                                0x0801031b   Thumb Code   790  pbuf.o(.text)
    pbuf_copy_partial                        0x08010631   Thumb Code   190  pbuf.o(.text)
    pbuf_take                                0x080106ef   Thumb Code   210  pbuf.o(.text)
    pbuf_coalesce                            0x080107c1   Thumb Code    84  pbuf.o(.text)
    pbuf_get_at                              0x08010815   Thumb Code    46  pbuf.o(.text)
    pbuf_memcmp                              0x08010843   Thumb Code    96  pbuf.o(.text)
    pbuf_memfind                             0x080108a3   Thumb Code    76  pbuf.o(.text)
    pbuf_strstr                              0x080108ef   Thumb Code    60  pbuf.o(.text)
    raw_input                                0x08010a59   Thumb Code   102  raw.o(.text)
    raw_bind                                 0x08010abf   Thumb Code    16  raw.o(.text)
    raw_connect                              0x08010acf   Thumb Code    16  raw.o(.text)
    raw_recv                                 0x08010adf   Thumb Code     6  raw.o(.text)
    raw_sendto                               0x08010ae5   Thumb Code   190  raw.o(.text)
    raw_send                                 0x08010ba3   Thumb Code    18  raw.o(.text)
    raw_remove                               0x08010bb5   Thumb Code    60  raw.o(.text)
    raw_new                                  0x08010bf1   Thumb Code    46  raw.o(.text)
    tcp_init                                 0x08010ca5   Thumb Code     2  tcp.o(.text)
    tcp_seg_free                             0x08010ca7   Thumb Code    26  tcp.o(.text)
    tcp_segs_free                            0x08010cc1   Thumb Code    24  tcp.o(.text)
    tcp_pcb_purge                            0x08010cd9   Thumb Code    88  tcp.o(.text)
    tcp_slowtmr                              0x08010d31   Thumb Code  1436  tcp.o(.text)
    tcp_pcb_remove                           0x080112cd   Thumb Code   192  tcp.o(.text)
    tcp_close                                0x08011559   Thumb Code    28  tcp.o(.text)
    tcp_update_rcv_ann_wnd                   0x08011575   Thumb Code   106  tcp.o(.text)
    tcp_recved                               0x080115df   Thumb Code   392  tcp.o(.text)
    tcp_recv_null                            0x08011767   Thumb Code    46  tcp.o(.text)
    tcp_process_refused_data                 0x08011795   Thumb Code   148  tcp.o(.text)
    tcp_fasttmr                              0x08011829   Thumb Code   114  tcp.o(.text)
    tcp_tmr                                  0x0801189b   Thumb Code    30  tcp.o(.text)
    tcp_shutdown                             0x080118b9   Thumb Code    98  tcp.o(.text)
    tcp_abandon                              0x0801191b   Thumb Code   168  tcp.o(.text)
    tcp_abort                                0x080119c3   Thumb Code    14  tcp.o(.text)
    tcp_bind                                 0x08011a31   Thumb Code   170  tcp.o(.text)
    tcp_listen_with_backlog                  0x08011ae3   Thumb Code   420  tcp.o(.text)
    tcp_eff_send_mss                         0x08011c87   Thumb Code    46  tcp.o(.text)
    tcp_next_iss                             0x08011cb5   Thumb Code    20  tcp.o(.text)
    tcp_connect                              0x08011cc9   Thumb Code   352  tcp.o(.text)
    tcp_setprio                              0x08011e29   Thumb Code     4  tcp.o(.text)
    tcp_alloc                                0x08011eb3   Thumb Code   182  tcp.o(.text)
    tcp_new                                  0x08011f69   Thumb Code    10  tcp.o(.text)
    tcp_arg                                  0x08011f73   Thumb Code     4  tcp.o(.text)
    tcp_recv                                 0x08011f77   Thumb Code    42  tcp.o(.text)
    tcp_sent                                 0x08011fa1   Thumb Code    42  tcp.o(.text)
    tcp_err                                  0x08011fcb   Thumb Code   258  tcp.o(.text)
    tcp_accept                               0x080120cd   Thumb Code     4  tcp.o(.text)
    tcp_poll                                 0x080120d1   Thumb Code    50  tcp.o(.text)
    tcp_debug_state_str                      0x08012103   Thumb Code    10  tcp.o(.text)
    tcp_input                                0x080132fb   Thumb Code  1674  tcp_in.o(.text)
    tcp_enqueue_flags                        0x08013af5   Thumb Code   418  tcp_out.o(.text)
    tcp_send_fin                             0x08013c97   Thumb Code    74  tcp_out.o(.text)
    tcp_write                                0x08013f7b   Thumb Code  1744  tcp_out.o(.text)
    tcp_send_empty_ack                       0x0801464b   Thumb Code    86  tcp_out.o(.text)
    tcp_output                               0x08014773   Thumb Code   710  tcp_out.o(.text)
    tcp_rst                                  0x08014a39   Thumb Code   162  tcp_out.o(.text)
    tcp_rexmit_rto                           0x08014adb   Thumb Code    58  tcp_out.o(.text)
    tcp_rexmit                               0x08014b15   Thumb Code    90  tcp_out.o(.text)
    tcp_rexmit_fast                          0x08014b6f   Thumb Code   120  tcp_out.o(.text)
    tcp_keepalive                            0x08014be7   Thumb Code    84  tcp_out.o(.text)
    tcp_zero_window_probe                    0x08014c3b   Thumb Code   180  tcp_out.o(.text)
    sys_timeout                              0x08014cf1   Thumb Code   174  timers.o(.text)
    tcp_timer_needed                         0x08014dc7   Thumb Code    38  timers.o(.text)
    sys_timeouts_init                        0x08014e55   Thumb Code    52  timers.o(.text)
    sys_untimeout                            0x08014e89   Thumb Code    90  timers.o(.text)
    sys_timeouts_mbox_fetch                  0x08014ee3   Thumb Code   132  timers.o(.text)
    udp_init                                 0x08015021   Thumb Code     2  udp.o(.text)
    udp_input                                0x08015073   Thumb Code   512  udp.o(.text)
    udp_bind                                 0x08015273   Thumb Code   170  udp.o(.text)
    udp_sendto_if                            0x0801531d   Thumb Code   460  udp.o(.text)
    udp_sendto                               0x080154e9   Thumb Code    54  udp.o(.text)
    udp_send                                 0x0801551f   Thumb Code    20  udp.o(.text)
    udp_connect                              0x08015533   Thumb Code    98  udp.o(.text)
    udp_disconnect                           0x08015595   Thumb Code    16  udp.o(.text)
    udp_recv                                 0x080155a5   Thumb Code     6  udp.o(.text)
    udp_remove                               0x080155ab   Thumb Code    60  udp.o(.text)
    udp_new                                  0x080155e7   Thumb Code    28  udp.o(.text)
    mem_init                                 0x080156e3   Thumb Code   114  mem.o(.text)
    mem_free                                 0x08015755   Thumb Code   182  mem.o(.text)
    mem_trim                                 0x0801580b   Thumb Code   338  mem.o(.text)
    mem_malloc                               0x0801595d   Thumb Code   796  mem.o(.text)
    mem_calloc                               0x08015c79   Thumb Code    34  mem.o(.text)
    sys_mbox_new                             0x08015d4d   Thumb Code   108  sys_arch.o(.text)
    sys_mbox_free                            0x08015db9   Thumb Code    56  sys_arch.o(.text)
    sys_mbox_post                            0x08015df1   Thumb Code    28  sys_arch.o(.text)
    sys_mbox_trypost                         0x08015e0d   Thumb Code    32  sys_arch.o(.text)
    sys_arch_mbox_fetch                      0x08015e2d   Thumb Code   154  sys_arch.o(.text)
    sys_arch_mbox_tryfetch                   0x08015ec7   Thumb Code    18  sys_arch.o(.text)
    sys_mbox_valid                           0x08015ed9   Thumb Code    56  sys_arch.o(.text)
    sys_mbox_set_invalid                     0x08015f11   Thumb Code     6  sys_arch.o(.text)
    sys_sem_new                              0x08015f17   Thumb Code    62  sys_arch.o(.text)
    sys_arch_sem_wait                        0x08015f55   Thumb Code    96  sys_arch.o(.text)
    sys_sem_signal                           0x08015fb5   Thumb Code    12  sys_arch.o(.text)
    sys_sem_free                             0x08015fc1   Thumb Code    52  sys_arch.o(.text)
    sys_sem_valid                            0x08015ff5   Thumb Code    22  sys_arch.o(.text)
    sys_sem_set_invalid                      0x0801600b   Thumb Code     6  sys_arch.o(.text)
    sys_init                                 0x08016011   Thumb Code     2  sys_arch.o(.text)
    sys_thread_new                           0x08016013   Thumb Code    66  sys_arch.o(.text)
    sys_msleep                               0x08016055   Thumb Code    12  sys_arch.o(.text)
    sys_now                                  0x08016061   Thumb Code    26  sys_arch.o(.text)
    netconn_new_with_proto_and_callback      0x08016121   Thumb Code   194  api_lib.o(.text)
    netconn_delete                           0x080161e3   Thumb Code    36  api_lib.o(.text)
    netconn_getaddr                          0x08016207   Thumb Code   160  api_lib.o(.text)
    netconn_bind                             0x080162a7   Thumb Code    98  api_lib.o(.text)
    netconn_connect                          0x08016309   Thumb Code    98  api_lib.o(.text)
    netconn_disconnect                       0x0801636b   Thumb Code    84  api_lib.o(.text)
    netconn_listen_with_backlog              0x080163bf   Thumb Code    86  api_lib.o(.text)
    netconn_accept                           0x08016415   Thumb Code   808  api_lib.o(.text)
    netconn_recv_tcp_pbuf                    0x080168b3   Thumb Code    56  api_lib.o(.text)
    netconn_recv                             0x080168eb   Thumb Code   270  api_lib.o(.text)
    netconn_recved                           0x080169f9   Thumb Code    46  api_lib.o(.text)
    netconn_send                             0x08016a27   Thumb Code    98  api_lib.o(.text)
    netconn_sendto                           0x08016a89   Thumb Code    44  api_lib.o(.text)
    netconn_write_partly                     0x08016ab5   Thumb Code   434  api_lib.o(.text)
    netconn_close                            0x08016cc7   Thumb Code    14  api_lib.o(.text)
    netconn_shutdown                         0x08016cd5   Thumb Code    36  api_lib.o(.text)
    netconn_free                             0x080176f7   Thumb Code   330  api_msg.o(.text)
    netconn_alloc                            0x08017841   Thumb Code   174  api_msg.o(.text)
    do_newconn                               0x08017a51   Thumb Code    32  api_msg.o(.text)
    do_delconn                               0x08017b3d   Thumb Code   636  api_msg.o(.text)
    do_bind                                  0x08017db9   Thumb Code   116  api_msg.o(.text)
    do_connect                               0x08017f01   Thumb Code   230  api_msg.o(.text)
    do_disconnect                            0x08017fe7   Thumb Code    46  api_msg.o(.text)
    do_listen                                0x08018015   Thumb Code   388  api_msg.o(.text)
    do_send                                  0x08018199   Thumb Code   166  api_msg.o(.text)
    do_recv                                  0x0801823f   Thumb Code    72  api_msg.o(.text)
    do_write                                 0x08018287   Thumb Code   166  api_msg.o(.text)
    do_getaddr                               0x0801832d   Thumb Code   198  api_msg.o(.text)
    do_close                                 0x080183f3   Thumb Code   184  api_msg.o(.text)
    netbuf_new                               0x080184dd   Thumb Code    30  netbuf.o(.text)
    netbuf_delete                            0x080184fb   Thumb Code    32  netbuf.o(.text)
    netbuf_alloc                             0x0801851b   Thumb Code   102  netbuf.o(.text)
    netbuf_free                              0x08018581   Thumb Code    48  netbuf.o(.text)
    netbuf_ref                               0x080185b1   Thumb Code    92  netbuf.o(.text)
    netbuf_chain                             0x0801860d   Thumb Code    78  netbuf.o(.text)
    netbuf_data                              0x0801865b   Thumb Code   122  netbuf.o(.text)
    netbuf_next                              0x080186d5   Thumb Code    64  netbuf.o(.text)
    netbuf_first                             0x08018715   Thumb Code    36  netbuf.o(.text)
    lwip_socket_init                         0x0801888d   Thumb Code     2  sockets.o(.text)
    lwip_accept                              0x08018b39   Thumb Code   668  sockets.o(.text)
    lwip_bind                                0x08018dd5   Thumb Code   186  sockets.o(.text)
    lwip_close                               0x08018e8f   Thumb Code    94  sockets.o(.text)
    lwip_connect                             0x08018eed   Thumb Code   206  sockets.o(.text)
    lwip_listen                              0x08018fbb   Thumb Code   136  sockets.o(.text)
    lwip_recvfrom                            0x08019043   Thumb Code   816  sockets.o(.text)
    lwip_read                                0x08019373   Thumb Code    28  sockets.o(.text)
    lwip_recv                                0x0801938f   Thumb Code    34  sockets.o(.text)
    lwip_sendto                              0x080193b1   Thumb Code   278  sockets.o(.text)
    lwip_send                                0x080194c7   Thumb Code   156  sockets.o(.text)
    lwip_socket                              0x08019563   Thumb Code   296  sockets.o(.text)
    lwip_write                               0x0801968b   Thumb Code    22  sockets.o(.text)
    lwip_select                              0x0801981d   Thumb Code   868  sockets.o(.text)
    lwip_shutdown                            0x08019b81   Thumb Code   298  sockets.o(.text)
    lwip_getpeername                         0x08019d2d   Thumb Code    22  sockets.o(.text)
    lwip_getsockname                         0x08019d43   Thumb Code    22  sockets.o(.text)
    lwip_getsockopt                          0x08019f55   Thumb Code   410  sockets.o(.text)
    lwip_setsockopt                          0x0801a2a5   Thumb Code   318  sockets.o(.text)
    lwip_ioctl                               0x0801a3e3   Thumb Code   116  sockets.o(.text)
    lwip_fcntl                               0x0801a457   Thumb Code   142  sockets.o(.text)
    tcpip_input                              0x0801a5cb   Thumb Code    72  tcpip.o(.text)
    tcpip_callback_with_block                0x0801a613   Thumb Code    90  tcpip.o(.text)
    tcpip_timeout                            0x0801a66d   Thumb Code    64  tcpip.o(.text)
    tcpip_untimeout                          0x0801a6ad   Thumb Code    56  tcpip.o(.text)
    tcpip_apimsg                             0x0801a6e5   Thumb Code    60  tcpip.o(.text)
    tcpip_callbackmsg_new                    0x0801a721   Thumb Code    32  tcpip.o(.text)
    tcpip_callbackmsg_delete                 0x0801a741   Thumb Code    14  tcpip.o(.text)
    tcpip_trycallback                        0x0801a74f   Thumb Code    28  tcpip.o(.text)
    tcpip_init                               0x0801a76b   Thumb Code    72  tcpip.o(.text)
    pbuf_free_callback                       0x0801a7c1   Thumb Code    16  tcpip.o(.text)
    mem_free_callback                        0x0801a7d1   Thumb Code    16  tcpip.o(.text)
    OS_StrLen                                0x0801a89d   Thumb Code    20  os_core.o(.text)
    OSEventNameGet                           0x0801a8b1   Thumb Code    98  os_core.o(.text)
    OSEventNameSet                           0x0801a913   Thumb Code    84  os_core.o(.text)
    OS_TaskStatStkChk                        0x0801a967   Thumb Code    54  os_core.o(.text)
    OS_TaskStat                              0x0801a99d   Thumb Code   116  os_core.o(.text)
    OS_TaskIdle                              0x0801aa45   Thumb Code    34  os_core.o(.text)
    OS_MemClr                                0x0801aa9b   Thumb Code    18  os_core.o(.text)
    OSInit                                   0x0801abc1   Thumb Code    52  os_core.o(.text)
    OSIntEnter                               0x0801abf5   Thumb Code    28  os_core.o(.text)
    OSIntExit                                0x0801ac2b   Thumb Code   262  os_core.o(.text)
    OSSchedLock                              0x0801ad31   Thumb Code    50  os_core.o(.text)
    OS_Sched                                 0x0801ad63   Thumb Code    88  os_core.o(.text)
    OSSchedUnlock                            0x0801adbb   Thumb Code    82  os_core.o(.text)
    OSStart                                  0x0801ae0d   Thumb Code    48  os_core.o(.text)
    OSStatInit                               0x0801ae3d   Thumb Code    62  os_core.o(.text)
    OSTimeTick                               0x0801ae7b   Thumb Code   210  os_core.o(.text)
    OSVersion                                0x0801af4d   Thumb Code     6  os_core.o(.text)
    OS_Dummy                                 0x0801af53   Thumb Code     2  os_core.o(.text)
    OS_EventTaskRemove                       0x0801af55   Thumb Code    42  os_core.o(.text)
    OS_EventTaskRdy                          0x0801af7f   Thumb Code   114  os_core.o(.text)
    OS_EventTaskWait                         0x0801aff1   Thumb Code   112  os_core.o(.text)
    OS_EventWaitListInit                     0x0801b061   Thumb Code    28  os_core.o(.text)
    OS_MemCopy                               0x0801b07d   Thumb Code    20  os_core.o(.text)
    OS_TCBInit                               0x0801b091   Thumb Code   360  os_core.o(.text)
    OSFlagAccept                             0x0801b20d   Thumb Code   252  os_flag.o(.text)
    OSFlagCreate                             0x0801b309   Thumb Code    86  os_flag.o(.text)
    OS_FlagUnlink                            0x0801b35f   Thumb Code    36  os_flag.o(.text)
    OSFlagDel                                0x0801b3d5   Thumb Code   214  os_flag.o(.text)
    OSFlagNameGet                            0x0801b4ab   Thumb Code    80  os_flag.o(.text)
    OSFlagNameSet                            0x0801b4fb   Thumb Code    66  os_flag.o(.text)
    OSFlagPend                               0x0801b5d5   Thumb Code   614  os_flag.o(.text)
    OSFlagPendGetFlagsRdy                    0x0801b83b   Thumb Code    26  os_flag.o(.text)
    OSFlagPost                               0x0801b855   Thumb Code   312  os_flag.o(.text)
    OSFlagQuery                              0x0801b98d   Thumb Code    48  os_flag.o(.text)
    OS_FlagInit                              0x0801b9bd   Thumb Code    78  os_flag.o(.text)
    OSMemCreate                              0x0801ba19   Thumb Code   118  os_mem.o(.text)
    OSMemGet                                 0x0801ba8f   Thumb Code    62  os_mem.o(.text)
    OSMemNameGet                             0x0801bacd   Thumb Code    60  os_mem.o(.text)
    OSMemNameSet                             0x0801bb09   Thumb Code    48  os_mem.o(.text)
    OSMemPut                                 0x0801bb39   Thumb Code    54  os_mem.o(.text)
    OSMemQuery                               0x0801bb6f   Thumb Code    52  os_mem.o(.text)
    OS_MemInit                               0x0801bba3   Thumb Code    74  os_mem.o(.text)
    OSQAccept                                0x0801bbfd   Thumb Code    88  os_q.o(.text)
    OSQCreate                                0x0801bc55   Thumb Code   144  os_q.o(.text)
    OSQDel                                   0x0801bce5   Thumb Code   244  os_q.o(.text)
    OSQFlush                                 0x0801bdd9   Thumb Code    36  os_q.o(.text)
    OSQPend                                  0x0801bdfd   Thumb Code   272  os_q.o(.text)
    OSQPendAbort                             0x0801bf0d   Thumb Code   128  os_q.o(.text)
    OSQPost                                  0x0801bf8d   Thumb Code   114  os_q.o(.text)
    OSQPostFront                             0x0801bfff   Thumb Code   140  os_q.o(.text)
    OSQPostOpt                               0x0801c08b   Thumb Code   182  os_q.o(.text)
    OSQQuery                                 0x0801c141   Thumb Code    98  os_q.o(.text)
    OS_QInit                                 0x0801c1a3   Thumb Code    72  os_q.o(.text)
    OSSemAccept                              0x0801c1f5   Thumb Code    42  os_sem.o(.text)
    OSSemCreate                              0x0801c21f   Thumb Code    72  os_sem.o(.text)
    OSSemDel                                 0x0801c267   Thumb Code   230  os_sem.o(.text)
    OSSemPend                                0x0801c34d   Thumb Code   222  os_sem.o(.text)
    OSSemPendAbort                           0x0801c42b   Thumb Code   128  os_sem.o(.text)
    OSSemPost                                0x0801c4ab   Thumb Code    88  os_sem.o(.text)
    OSSemQuery                               0x0801c503   Thumb Code    76  os_sem.o(.text)
    OSSemSet                                 0x0801c54f   Thumb Code    66  os_sem.o(.text)
    OSTaskChangePrio                         0x0801c5d1   Thumb Code   308  os_task.o(.text)
    OSTaskCreate                             0x0801c705   Thumb Code   148  os_task.o(.text)
    OS_TaskStkClr                            0x0801c799   Thumb Code    26  os_task.o(.text)
    OSTaskCreateExt                          0x0801c7b3   Thumb Code   170  os_task.o(.text)
    OSTaskDel                                0x0801c85d   Thumb Code   294  os_task.o(.text)
    OSTaskDelReq                             0x0801c983   Thumb Code   144  os_task.o(.text)
    OSTaskNameGet                            0x0801ca13   Thumb Code   114  os_task.o(.text)
    OSTaskNameSet                            0x0801ca85   Thumb Code    98  os_task.o(.text)
    OSTaskResume                             0x0801cae7   Thumb Code   154  os_task.o(.text)
    OSTaskStkChk                             0x0801cb81   Thumb Code   132  os_task.o(.text)
    OSTaskSuspend                            0x0801cc05   Thumb Code   152  os_task.o(.text)
    OSTaskQuery                              0x0801cc9d   Thumb Code    82  os_task.o(.text)
    OSTaskRegGet                             0x0801ccef   Thumb Code    60  os_task.o(.text)
    OSTaskRegSet                             0x0801cd2b   Thumb Code    62  os_task.o(.text)
    OS_TaskReturn                            0x0801cd69   Thumb Code    18  os_task.o(.text)
    OSTimeDly                                0x0801cd95   Thumb Code   100  os_time.o(.text)
    OSTimeDlyHMSM                            0x0801cdf9   Thumb Code    86  os_time.o(.text)
    OSTimeDlyResume                          0x0801ce4f   Thumb Code   168  os_time.o(.text)
    OSTimeGet                                0x0801cef7   Thumb Code    24  os_time.o(.text)
    OSTimeSet                                0x0801cf0f   Thumb Code    24  os_time.o(.text)
    OSTmrCreate                              0x0801cf77   Thumb Code    96  os_tmr.o(.text)
    OSTmrDel                                 0x0801d04f   Thumb Code   124  os_tmr.o(.text)
    OSTmrNameGet                             0x0801d0cb   Thumb Code   114  os_tmr.o(.text)
    OSTmrRemainGet                           0x0801d13d   Thumb Code   164  os_tmr.o(.text)
    OSTmrStateGet                            0x0801d1e1   Thumb Code    86  os_tmr.o(.text)
    OSTmrStart                               0x0801d29b   Thumb Code   128  os_tmr.o(.text)
    OSTmrStop                                0x0801d31b   Thumb Code   210  os_tmr.o(.text)
    OSTmrSignal                              0x0801d3ed   Thumb Code    16  os_tmr.o(.text)
    OSTmr_Init                               0x0801d4a1   Thumb Code   172  os_tmr.o(.text)
    OSInitHookBegin                          0x0801d5b5   Thumb Code     8  os_cpu_c.o(.text)
    OSInitHookEnd                            0x0801d5bd   Thumb Code     2  os_cpu_c.o(.text)
    OSTaskCreateHook                         0x0801d5bf   Thumb Code     2  os_cpu_c.o(.text)
    OSTaskDelHook                            0x0801d5c1   Thumb Code     2  os_cpu_c.o(.text)
    OSTaskIdleHook                           0x0801d5c3   Thumb Code     2  os_cpu_c.o(.text)
    OSTaskStatHook                           0x0801d5c5   Thumb Code     2  os_cpu_c.o(.text)
    OSTaskStkInit                            0x0801d5c7   Thumb Code   426  os_cpu_c.o(.text)
    OSTaskSwHook                             0x0801d771   Thumb Code     2  os_cpu_c.o(.text)
    OSTCBInitHook                            0x0801d773   Thumb Code     2  os_cpu_c.o(.text)
    OSTimeTickHook                           0x0801d775   Thumb Code    30  os_cpu_c.o(.text)
    OSTaskReturnHook                         0x0801d793   Thumb Code     2  os_cpu_c.o(.text)
    OS_CPU_SR_Save                           0x0801d79d   Thumb Code     0  os_cpu_a.o(.text)
    OS_CPU_SR_Restore                        0x0801d7a5   Thumb Code     0  os_cpu_a.o(.text)
    OSStartHighRdy                           0x0801d7ab   Thumb Code     0  os_cpu_a.o(.text)
    OSCtxSw                                  0x0801d7cf   Thumb Code     0  os_cpu_a.o(.text)
    OSIntCtxSw                               0x0801d7dd   Thumb Code     0  os_cpu_a.o(.text)
    PendSV_Handler                           0x0801d7ed   Thumb Code     0  os_cpu_a.o(.text)
    mymemcpy                                 0x0801d865   Thumb Code    26  malloc.o(.text)
    mymemset                                 0x0801d87f   Thumb Code    20  malloc.o(.text)
    mymem_init                               0x0801d893   Thumb Code    54  malloc.o(.text)
    mem_perused                              0x0801d8c9   Thumb Code    54  malloc.o(.text)
    mymem_malloc                             0x0801d8ff   Thumb Code   162  malloc.o(.text)
    mymem_free                               0x0801d9a1   Thumb Code    94  malloc.o(.text)
    myfree                                   0x0801d9ff   Thumb Code    32  malloc.o(.text)
    mymalloc                                 0x0801da1f   Thumb Code    36  malloc.o(.text)
    myrealloc                                0x0801da43   Thumb Code    68  malloc.o(.text)
    __use_no_semihosting                     0x0801da99   Thumb Code     2  use_no_semi_2.o(.text)
    __rt_ctype_table                         0x0801da9d   Thumb Code    16  rt_ctype_table.o(.text)
    __2printf                                0x0801daad   Thumb Code    20  noretval__2printf.o(.text)
    __printf                                 0x0801dac5   Thumb Code   104  __printf.o(.text)
    _printf_str                              0x0801db2d   Thumb Code    82  _printf_str.o(.text)
    _printf_int_dec                          0x0801db81   Thumb Code   104  _printf_dec.o(.text)
    strchr                                   0x0801dbf9   Thumb Code    20  strchr.o(.text)
    strstr                                   0x0801dc0d   Thumb Code    36  strstr.o(.text)
    memcmp                                   0x0801dc31   Thumb Code    88  memcmp.o(.text)
    strlen                                   0x0801dc89   Thumb Code    62  strlen.o(.text)
    strncmp                                  0x0801dcc7   Thumb Code   150  strncmp.o(.text)
    __aeabi_memcpy                           0x0801dd5d   Thumb Code     0  rt_memcpy_v6.o(.text)
    __rt_memcpy                              0x0801dd5d   Thumb Code   138  rt_memcpy_v6.o(.text)
    _memcpy_lastbytes                        0x0801ddc3   Thumb Code     0  rt_memcpy_v6.o(.text)
    __aeabi_memcpy4                          0x0801dde7   Thumb Code     0  rt_memcpy_w.o(.text)
    __aeabi_memcpy8                          0x0801dde7   Thumb Code     0  rt_memcpy_w.o(.text)
    __rt_memcpy_w                            0x0801dde7   Thumb Code   100  rt_memcpy_w.o(.text)
    _memcpy_lastbytes_aligned                0x0801de2f   Thumb Code     0  rt_memcpy_w.o(.text)
    __aeabi_memclr                           0x0801de4b   Thumb Code     0  rt_memclr.o(.text)
    __rt_memclr                              0x0801de4b   Thumb Code    68  rt_memclr.o(.text)
    _memset                                  0x0801de4f   Thumb Code     0  rt_memclr.o(.text)
    __aeabi_memclr4                          0x0801de8f   Thumb Code     0  rt_memclr_w.o(.text)
    __aeabi_memclr8                          0x0801de8f   Thumb Code     0  rt_memclr_w.o(.text)
    __rt_memclr_w                            0x0801de8f   Thumb Code    78  rt_memclr_w.o(.text)
    _memset_w                                0x0801de93   Thumb Code     0  rt_memclr_w.o(.text)
    strcmp                                   0x0801dedd   Thumb Code   128  strcmpv7m.o(.text)
    __use_two_region_memory                  0x0801df5d   Thumb Code     2  heapauxi.o(.text)
    __rt_heap_escrow$2region                 0x0801df5f   Thumb Code     2  heapauxi.o(.text)
    __rt_heap_expand$2region                 0x0801df61   Thumb Code     2  heapauxi.o(.text)
    __I$use$semihosting                      0x0801df63   Thumb Code     0  use_no_semi.o(.text)
    __use_no_semihosting_swi                 0x0801df63   Thumb Code     2  use_no_semi.o(.text)
    __rt_locale                              0x0801df65   Thumb Code     8  rt_locale_intlibspace.o(.text)
    _printf_int_common                       0x0801df6d   Thumb Code   178  _printf_intcommon.o(.text)
    _printf_cs_common                        0x0801e01f   Thumb Code    20  _printf_char.o(.text)
    _printf_char                             0x0801e033   Thumb Code    16  _printf_char.o(.text)
    _printf_string                           0x0801e043   Thumb Code     8  _printf_char.o(.text)
    _printf_char_file                        0x0801e04d   Thumb Code    32  _printf_char_file.o(.text)
    __user_libspace                          0x0801e071   Thumb Code     8  libspace.o(.text)
    __user_perproc_libspace                  0x0801e071   Thumb Code     0  libspace.o(.text)
    __user_perthread_libspace                0x0801e071   Thumb Code     0  libspace.o(.text)
    _printf_char_common                      0x0801e083   Thumb Code    32  _printf_char_common.o(.text)
    ferror                                   0x0801e0a9   Thumb Code     8  ferror.o(.text)
    __user_setup_stackheap                   0x0801e0b1   Thumb Code    74  sys_stackheap_outer.o(.text)
    exit                                     0x0801e0fb   Thumb Code    12  exit.o(.text)
    _get_lc_ctype                            0x0801e109   Thumb Code    44  lc_ctype_c.o(locale$$code)
    _fp_init                                 0x0801e135   Thumb Code    10  fpinit.o(x$fpl$fpinit)
    __fplib_config_fpu_vfp                   0x0801e13d   Thumb Code     0  fpinit.o(x$fpl$fpinit)
    __fplib_config_pureend_doubles           0x0801e13d   Thumb Code     0  fpinit.o(x$fpl$fpinit)
    FSMC_DefaultTimingStruct                 0x0801e340   Data          28  stm32f4xx_fsmc.o(.constdata)
    file__static_css_bootstrap_min_css       0x08060600   Data          20  fs.o(.constdata)
    file__static_js_Chart_js                 0x08060614   Data          20  fs.o(.constdata)
    file__config_shtml                       0x08060628   Data          20  fs.o(.constdata)
    file__configChk_shtml                    0x0806063c   Data          20  fs.o(.constdata)
    file__connect_shtml                      0x08060650   Data          20  fs.o(.constdata)
    file__data_shtml                         0x08060664   Data          20  fs.o(.constdata)
    file__help_shtml                         0x08060678   Data          20  fs.o(.constdata)
    file__history_shtml                      0x0806068c   Data          20  fs.o(.constdata)
    file__index_shtml                        0x080606a0   Data          20  fs.o(.constdata)
    file__status_shtml                       0x080606b4   Data          20  fs.o(.constdata)
    file__userinfo_shtml                     0x080606c8   Data          20  fs.o(.constdata)
    file__warning_shtml                      0x080606dc   Data          20  fs.o(.constdata)
    g_psDefaultFilenames                     0x080606f0   Data          40  httpd.o(.constdata)
    g_pcTagLeadIn                            0x08060718   Data           4  httpd.o(.constdata)
    g_pcTagLeadOut                           0x0806071c   Data           4  httpd.o(.constdata)
    ethbroadcast                             0x08060730   Data           6  etharp.o(.constdata)
    ethzero                                  0x08060736   Data           6  etharp.o(.constdata)
    ip_addr_any                              0x0806073c   Data           4  ip_addr.o(.constdata)
    ip_addr_broadcast                        0x08060740   Data           4  ip_addr.o(.constdata)
    tcp_state_str                            0x0806077c   Data          44  tcp.o(.constdata)
    tcp_backoff                              0x080607a8   Data          13  tcp.o(.constdata)
    tcp_persist_backoff                      0x080607b5   Data           7  tcp.o(.constdata)
    tcp_pcb_lists                            0x080607bc   Data          16  tcp.o(.constdata)
    pvNullPointer                            0x080607cc   Data           4  sys_arch.o(.constdata)
    OSUnMapTbl                               0x08060810   Data         256  os_core.o(.constdata)
    memtblsize                               0x08060910   Data          12  malloc.o(.constdata)
    memblksize                               0x0806091c   Data          12  malloc.o(.constdata)
    memsize                                  0x08060928   Data          12  malloc.o(.constdata)
    Region$$Table$$Base                      0x08060c00   Number         0  anon$$obj.o(Region$$Table)
    Region$$Table$$Limit                     0x08060c20   Number         0  anon$$obj.o(Region$$Table)
    __ctype                                  0x08060c2d   Data           0  lc_ctype_c.o(locale$$data)
    mem3base                                 0x10000000   Data       61440  malloc.o(.ARM.__AT_0x10000000)
    mem3mapbase                              0x1000f000   Data        3840  malloc.o(.ARM.__AT_0x1000F000)
    SystemCoreClock                          0x20000000   Data           4  system_stm32f4xx.o(.data)
    AHBPrescTable                            0x20000004   Data          16  system_stm32f4xx.o(.data)
    BSP_CAN_A_ID                             0x20000014   Data           4  ge_pm.o(.data)
    BSP_CAN_B_ID                             0x20000018   Data           4  ge_pm.o(.data)
    BSP_CAN_C_ID                             0x2000001c   Data           4  ge_pm.o(.data)
    BSP_CAN_D_ID                             0x20000020   Data           4  ge_pm.o(.data)
    BSP_CAN_E_ID                             0x20000024   Data           4  ge_pm.o(.data)
    BSP_CAN_TimOut                           0x20000028   Data           1  ge_pm.o(.data)
    BAT_Vol_Res_Dect_Flag                    0x20000029   Data           1  ge_pm.o(.data)
    BSP_BAT_Balan_Flag                       0x2000002a   Data           1  ge_pm.o(.data)
    BSP_BAT_CAN_BAD_Num                      0x2000002b   Data           1  ge_pm.o(.data)
    BSP_LCD_DISP_DATA_TYPE_Flag              0x2000002c   Data           1  ge_pm.o(.data)
    BSP_LCD_PAGE_Disp_flag                   0x2000002d   Data           1  ge_pm.o(.data)
    DMARxDscrTab                             0x20000030   Data           4  lan8720.o(.data)
    DMATxDscrTab                             0x20000034   Data           4  lan8720.o(.data)
    Rx_Buff                                  0x20000038   Data           4  lan8720.o(.data)
    Tx_Buff                                  0x2000003c   Data           4  lan8720.o(.data)
    BSP_CAN_Rx_Flag                          0x20000040   Data           1  bsp_can.o(.data)
    BSP_LCD_BAT_X                            0x20000044   Data         100  bsp_lcd.o(.data)
    BSP_LCD_BAT_Y                            0x200000a8   Data         100  bsp_lcd.o(.data)
    BSP_LCD_BAT_NUMBER                       0x2000010c   Data         100  bsp_lcd.o(.data)
    BSP_LCD_ON_TIME                          0x20000170   Data           1  bsp_lcd_tim.o(.data)
    GE_MB_RxCounter                          0x20000174   Data           1  bsp_mb.o(.data)
    GE_MB_FrmeReceiveDone_Flag               0x20000175   Data           1  bsp_mb.o(.data)
    MB_TimeExpireT3_5                        0x20000176   Data           1  bsp_mb.o(.data)
    BuffCounter                              0x20000177   Data           1  bsp_mb.o(.data)
    GE_MB_REQ_STAR_REGISTERS                 0x20000178   Data           4  bsp_mb.o(.data)
    GE_MB_REQ_START_REGISTER_HI              0x2000017c   Data           1  bsp_mb.o(.data)
    GE_MB_REQ_START_REGISTER_LOW             0x2000017d   Data           1  bsp_mb.o(.data)
    GE_MB_REQ_REGISTERS                      0x2000017e   Data           1  bsp_mb.o(.data)
    GE_MB_REQ_REGISTERS_HI                   0x2000017f   Data           1  bsp_mb.o(.data)
    GE_MB_REQ_REGISTERS_LOW                  0x20000180   Data           1  bsp_mb.o(.data)
    MB_Slave_Busy_MB_RxCounter               0x20000181   Data           1  bsp_mb_usart.o(.data)
    BKP_Write_Flag                           0x20000182   Data           1  bsp_mem.o(.data)
    DMATxDescToSet                           0x20000194   Data           4  stm32f4x7_eth.o(.data)
    DMARxDescToGet                           0x20000198   Data           4  stm32f4x7_eth.o(.data)
    DMA_RX_FRAME_infos                       0x2000019c   Data           4  stm32f4x7_eth.o(.data)
    Frame_Rx_index                           0x200001a0   Data           4  stm32f4x7_eth.o(.data)
    __stdout                                 0x200001a8   Data           4  usart.o(.data)
    USART_RX_STA                             0x200001ac   Data           2  usart.o(.data)
    TCPIP_THREAD_TASK_STK                    0x200001b0   Data           4  lwip_comm.o(.data)
    LWIP_DHCP_TASK_STK                       0x200001b4   Data           4  lwip_comm.o(.data)
    g_pcSSIExtensions                        0x200001b8   Data          16  httpd.o(.data)
    g_pfnSSIHandler                          0x200001c8   Data           4  httpd.o(.data)
    g_iNumTags                               0x200001cc   Data           4  httpd.o(.data)
    g_ppcTags                                0x200001d0   Data           4  httpd.o(.data)
    g_pCGIs                                  0x200001d4   Data           4  httpd.o(.data)
    g_iNumCGIs                               0x200001d8   Data           4  httpd.o(.data)
    connStatus                               0x200001dc   Data           2  httpd_cgi_ssi.o(.data)
    current_netif                            0x200001f4   Data           4  ip.o(.data)
    current_header                           0x200001f8   Data           4  ip.o(.data)
    current_iphdr_src                        0x200001fc   Data           4  ip.o(.data)
    current_iphdr_dest                       0x20000200   Data           4  ip.o(.data)
    memp_memory                              0x2000024c   Data           4  memp.o(.data)
    netif_list                               0x20000250   Data           4  netif.o(.data)
    netif_default                            0x20000254   Data           4  netif.o(.data)
    tcp_ticks                                0x20000264   Data           4  tcp.o(.data)
    tcp_bound_pcbs                           0x20000268   Data           4  tcp.o(.data)
    tcp_listen_pcbs                          0x2000026c   Data           4  tcp.o(.data)
    tcp_active_pcbs                          0x20000270   Data           4  tcp.o(.data)
    tcp_tw_pcbs                              0x20000274   Data           4  tcp.o(.data)
    tcp_tmp_pcb                              0x20000278   Data           4  tcp.o(.data)
    tcp_active_pcbs_changed                  0x2000027c   Data           1  tcp.o(.data)
    tcp_input_pcb                            0x200002a0   Data           4  tcp_in.o(.data)
    udp_pcbs                                 0x200002b0   Data           4  udp.o(.data)
    ram_heap                                 0x200002b4   Data           4  mem.o(.data)
    OSCtxSwCtr                               0x200002dc   Data           4  os_core.o(.data)
    OSEventFreeList                          0x200002e0   Data           4  os_core.o(.data)
    OSFlagFreeList                           0x200002e4   Data           4  os_core.o(.data)
    OSCPUUsage                               0x200002e8   Data           1  os_core.o(.data)
    OSIdleCtrMax                             0x200002ec   Data           4  os_core.o(.data)
    OSIdleCtrRun                             0x200002f0   Data           4  os_core.o(.data)
    OSStatRdy                                0x200002f4   Data           1  os_core.o(.data)
    OSIntNesting                             0x200002f5   Data           1  os_core.o(.data)
    OSLockNesting                            0x200002f6   Data           1  os_core.o(.data)
    OSPrioCur                                0x200002f7   Data           1  os_core.o(.data)
    OSPrioHighRdy                            0x200002f8   Data           1  os_core.o(.data)
    OSRdyGrp                                 0x200002f9   Data           1  os_core.o(.data)
    OSRdyTbl                                 0x200002fa   Data           8  os_core.o(.data)
    OSRunning                                0x20000302   Data           1  os_core.o(.data)
    OSTaskCtr                                0x20000303   Data           1  os_core.o(.data)
    OSIdleCtr                                0x20000304   Data           4  os_core.o(.data)
    OSTCBCur                                 0x20000308   Data           4  os_core.o(.data)
    OSTCBFreeList                            0x2000030c   Data           4  os_core.o(.data)
    OSTCBHighRdy                             0x20000310   Data           4  os_core.o(.data)
    OSTCBList                                0x20000314   Data           4  os_core.o(.data)
    OSTickStepState                          0x20000318   Data           1  os_core.o(.data)
    OSMemFreeList                            0x2000031c   Data           4  os_core.o(.data)
    OSQFreeList                              0x20000320   Data           4  os_core.o(.data)
    OSTime                                   0x20000324   Data           4  os_core.o(.data)
    OSTmrFree                                0x20000328   Data           2  os_core.o(.data)
    OSTmrUsed                                0x2000032a   Data           2  os_core.o(.data)
    OSTmrTime                                0x2000032c   Data           4  os_core.o(.data)
    OSTmrSem                                 0x20000330   Data           4  os_core.o(.data)
    OSTmrSemSignal                           0x20000334   Data           4  os_core.o(.data)
    OSTmrFreeList                            0x20000338   Data           4  os_core.o(.data)
    OSInterrputSum                           0x2000033c   Data           4  os_cpu_c.o(.data)
    mallco_dev                               0x20000344   Data          36  malloc.o(.data)
    NoConvBatVol                             0x20000368   Data          48  ge_pm.o(.bss)
    NoConvBatRes                             0x20000398   Data          48  ge_pm.o(.bss)
    BSP_BAT_Vol_Min_To_Max                   0x200003c8   Data          96  ge_pm.o(.bss)
    BSP_BAT_Vol_Min_To_Max_Num               0x20000428   Data          24  ge_pm.o(.bss)
    BSP_BAT_Res_Min_To_Max                   0x20000440   Data          96  ge_pm.o(.bss)
    BSP_BAT_Res_Min_To_Max_Num               0x200004a0   Data          24  ge_pm.o(.bss)
    TxMessage                                0x200004b8   Data          20  bsp_can.o(.bss)
    RxMessage                                0x200004cc   Data          20  bsp_can.o(.bss)
    GE_MB_RxBuffer                           0x200004e0   Data         200  bsp_mb.o(.bss)
    GE_MB_TxBuffer                           0x200005a8   Data         200  bsp_mb.o(.bss)
    MB_Slave_Busy_RxBuffer                   0x20000670   Data         150  bsp_mb_usart.o(.bss)
    MB_Slave_Busy_TxBuffer                   0x20000706   Data         150  bsp_mb_usart.o(.bss)
    RX_Frame_Descriptor                      0x2000079c   Data          12  stm32f4x7_eth.o(.bss)
    USART_RX_BUF                             0x200007a8   Data         200  usart.o(.bss)
    lwipdev                                  0x20000870   Data          23  lwip_comm.o(.bss)
    lwip_netif                               0x20000888   Data          52  lwip_comm.o(.bss)
    fs_memory                                0x200008bc   Data         240  fs.o(.bss)
    dhcp_rx_options_val                      0x20000e84   Data          40  dhcp.o(.bss)
    dhcp_rx_options_given                    0x20000eac   Data          10  dhcp.o(.bss)
    __libspace_start                         0x20000f64   Data          96  libspace.o(.bss)
    __temporary_stack_top$libspace           0x20000fc4   Data           0  libspace.o(.bss)
    GE_BAT_Vol                               0x20001000   Data         768  bsp_mem.o(.ARM.__AT_0x20001000)
    BatVolWarnBit000_015                     0x20001300   Data           4  bsp_mem.o(.ARM.__AT_0x20001300)
    BatVolWarnBit016_031                     0x20001304   Data           4  bsp_mem.o(.ARM.__AT_0x20001304)
    BatVolWarnBit032_047                     0x20001308   Data           4  bsp_mem.o(.ARM.__AT_0x20001308)
    BatVolWarnBit048_063                     0x2000130c   Data           4  bsp_mem.o(.ARM.__AT_0x2000130C)
    BatVolWarnBit064_079                     0x20001310   Data           4  bsp_mem.o(.ARM.__AT_0x20001310)
    BatVolWarnBit080_095                     0x20001314   Data           4  bsp_mem.o(.ARM.__AT_0x20001314)
    BatVolWarnBit096_111                     0x20001318   Data           4  bsp_mem.o(.ARM.__AT_0x20001318)
    BatVolWarnBit112_127                     0x2000131c   Data           4  bsp_mem.o(.ARM.__AT_0x2000131C)
    BatVolWarnBit128_143                     0x20001320   Data           4  bsp_mem.o(.ARM.__AT_0x20001320)
    BatVolWarnBit144_159                     0x20001324   Data           4  bsp_mem.o(.ARM.__AT_0x20001324)
    BatVolWarnBit160_175                     0x20001328   Data           4  bsp_mem.o(.ARM.__AT_0x20001328)
    BatVolWarnBit176_191                     0x2000132c   Data           4  bsp_mem.o(.ARM.__AT_0x2000132C)
    BatIntRes                                0x20001400   Data         768  bsp_mem.o(.ARM.__AT_0x20001400)
    BatResWarnBit000_015                     0x20001700   Data           4  bsp_mem.o(.ARM.__AT_0x20001700)
    BatResWarnBit016_031                     0x20001704   Data           4  bsp_mem.o(.ARM.__AT_0x20001704)
    BatResWarnBit032_047                     0x20001708   Data           4  bsp_mem.o(.ARM.__AT_0x20001708)
    BatResWarnBit048_063                     0x2000170c   Data           4  bsp_mem.o(.ARM.__AT_0x2000170C)
    BatResWarnBit064_079                     0x20001710   Data           4  bsp_mem.o(.ARM.__AT_0x20001710)
    BatResWarnBit080_095                     0x20001714   Data           4  bsp_mem.o(.ARM.__AT_0x20001714)
    BatResWarnBit096_111                     0x20001718   Data           4  bsp_mem.o(.ARM.__AT_0x20001718)
    BatResWarnBit112_127                     0x2000171c   Data           4  bsp_mem.o(.ARM.__AT_0x2000171C)
    BatResWarnBit128_143                     0x20001720   Data           4  bsp_mem.o(.ARM.__AT_0x20001720)
    BatResWarnBit144_159                     0x20001724   Data           4  bsp_mem.o(.ARM.__AT_0x20001724)
    BatResWarnBit160_175                     0x20001728   Data           4  bsp_mem.o(.ARM.__AT_0x20001728)
    BatResWarnBit176_191                     0x2000172c   Data           4  bsp_mem.o(.ARM.__AT_0x2000172C)
    TotalBatVol                              0x20001800   Data           4  bsp_mem.o(.ARM.__AT_0x20001800)
    ChargeCurrentVal                         0x20001804   Data           4  bsp_mem.o(.ARM.__AT_0x20001804)
    FloatCurrentVal                          0x20001808   Data           4  bsp_mem.o(.ARM.__AT_0x20001808)
    Temperature                              0x2000180c   Data           4  bsp_mem.o(.ARM.__AT_0x2000180C)
    HigVolBatNum1                            0x20001810   Data           4  bsp_mem.o(.ARM.__AT_0x20001810)
    HigVolBatVal1                            0x20001814   Data           4  bsp_mem.o(.ARM.__AT_0x20001814)
    HigVolBatNum2                            0x20001818   Data           4  bsp_mem.o(.ARM.__AT_0x20001818)
    HigVolBatVal2                            0x2000181c   Data           4  bsp_mem.o(.ARM.__AT_0x2000181C)
    HigVolBatNum3                            0x20001820   Data           4  bsp_mem.o(.ARM.__AT_0x20001820)
    HigVolBatVal3                            0x20001824   Data           4  bsp_mem.o(.ARM.__AT_0x20001824)
    LowVolBatNum1                            0x20001828   Data           4  bsp_mem.o(.ARM.__AT_0x20001828)
    LowVolBatVal1                            0x2000182c   Data           4  bsp_mem.o(.ARM.__AT_0x2000182C)
    LowVolBatNum2                            0x20001830   Data           4  bsp_mem.o(.ARM.__AT_0x20001830)
    LowVolBatVal2                            0x20001834   Data           4  bsp_mem.o(.ARM.__AT_0x20001834)
    LowVolBatNum3                            0x20001838   Data           4  bsp_mem.o(.ARM.__AT_0x20001838)
    LowVolBatVal3                            0x2000183c   Data           4  bsp_mem.o(.ARM.__AT_0x2000183C)
    MaxResBatNum                             0x20001840   Data           4  bsp_mem.o(.ARM.__AT_0x20001840)
    MaxResBatVal                             0x20001844   Data           4  bsp_mem.o(.ARM.__AT_0x20001844)
    AverageVolVal                            0x20001848   Data           4  bsp_mem.o(.ARM.__AT_0x20001848)
    MaxVolDiff                               0x2000184c   Data           4  bsp_mem.o(.ARM.__AT_0x2000184C)
    ReadTheClkYear                           0x20001850   Data           4  bsp_mem.o(.ARM.__AT_0x20001850)
    ReadTheClkMonth                          0x20001854   Data           4  bsp_mem.o(.ARM.__AT_0x20001854)
    ReadTheClkDay                            0x20001858   Data           4  bsp_mem.o(.ARM.__AT_0x20001858)
    ReadTheClkHour                           0x2000185c   Data           4  bsp_mem.o(.ARM.__AT_0x2000185C)
    ReadTheClkMinu                           0x20001860   Data           4  bsp_mem.o(.ARM.__AT_0x20001860)
    ReadTheClkSeco                           0x20001864   Data           4  bsp_mem.o(.ARM.__AT_0x20001864)
    GroBatWarn                               0x20001868   Data           4  bsp_mem.o(.ARM.__AT_0x20001868)
    BatSOC                                   0x2000186c   Data           4  bsp_mem.o(.ARM.__AT_0x2000186C)
    OSEventTbl                               0x20003c70   Data         240  os_core.o(.bss)
    OSFlagTbl                                0x20003d60   Data          80  os_core.o(.bss)
    OSTaskStatStk                            0x20003db0   Data         512  os_core.o(.bss)
    OSTaskIdleStk                            0x20003fb0   Data         512  os_core.o(.bss)
    OSTCBPrioTbl                             0x200041b0   Data         256  os_core.o(.bss)
    OSTCBTbl                                 0x200042b0   Data        1008  os_core.o(.bss)
    OSMemTbl                                 0x200046a0   Data         120  os_core.o(.bss)
    OSQTbl                                   0x20004718   Data         120  os_core.o(.bss)
    OSTmrTbl                                 0x20004790   Data         640  os_core.o(.bss)
    OSTmrTaskStk                             0x20004a10   Data         512  os_core.o(.bss)
    OSTmrWheelTbl                            0x20004c10   Data          64  os_core.o(.bss)
    mem1base                                 0x20004c50   Data       51200  malloc.o(.bss)
    mem1mapbase                              0x20011450   Data        3200  malloc.o(.bss)
    mem2base                                 0x68000000   Data       204800  malloc.o(.ARM.__AT_0x68000000)
    mem2mapbase                              0x68032000   Data       12800  malloc.o(.ARM.__AT_0x68032000)



==============================================================================

Memory Map of the image

  Image Entry point : 0x08000189

  Load Region LR_IROM1 (Base: 0x08000000, Size: 0x00061098, Max: 0x00080000, ABSOLUTE, COMPRESSED[0x00060e00])

    Execution Region ER_IROM1 (Base: 0x08000000, Size: 0x00060d30, Max: 0x00080000, ABSOLUTE)

    Base Addr    Size         Type   Attr      Idx    E Section Name        Object

    0x08000000   0x00000188   Data   RO          754    RESET               startup_stm32f40_41xxx.o
    0x08000188   0x00000008   Code   RO         2573  * !!!main             c_w.l(__main.o)
    0x08000190   0x00000034   Code   RO         2752    !!!scatter          c_w.l(__scatter.o)
    0x080001c4   0x0000005a   Code   RO         2750    !!dczerorl2         c_w.l(__dczerorl2.o)
    0x0800021e   0x00000002   PAD
    0x08000220   0x0000001c   Code   RO         2754    !!handler_zi        c_w.l(__scatter_zi.o)
    0x0800023c   0x00000000   Code   RO         2550    .ARM.Collect$$_printf_percent$$00000000  c_w.l(_printf_percent.o)
    0x0800023c   0x00000006   Code   RO         2549    .ARM.Collect$$_printf_percent$$00000009  c_w.l(_printf_d.o)
    0x08000242   0x00000006   Code   RO         2548    .ARM.Collect$$_printf_percent$$00000014  c_w.l(_printf_s.o)
    0x08000248   0x00000004   Code   RO         2589    .ARM.Collect$$_printf_percent$$00000017  c_w.l(_printf_percent_end.o)
    0x0800024c   0x00000002   Code   RO         2675    .ARM.Collect$$libinit$$00000000  c_w.l(libinit.o)
    0x0800024e   0x00000004   Code   RO         2617    .ARM.Collect$$libinit$$00000001  c_w.l(libinit2.o)
    0x08000252   0x00000000   Code   RO         2620    .ARM.Collect$$libinit$$00000004  c_w.l(libinit2.o)
    0x08000252   0x00000000   Code   RO         2623    .ARM.Collect$$libinit$$0000000A  c_w.l(libinit2.o)
    0x08000252   0x00000000   Code   RO         2625    .ARM.Collect$$libinit$$0000000C  c_w.l(libinit2.o)
    0x08000252   0x00000000   Code   RO         2627    .ARM.Collect$$libinit$$0000000E  c_w.l(libinit2.o)
    0x08000252   0x00000006   Code   RO         2628    .ARM.Collect$$libinit$$0000000F  c_w.l(libinit2.o)
    0x08000258   0x00000000   Code   RO         2630    .ARM.Collect$$libinit$$00000011  c_w.l(libinit2.o)
    0x08000258   0x0000000c   Code   RO         2631    .ARM.Collect$$libinit$$00000012  c_w.l(libinit2.o)
    0x08000264   0x00000000   Code   RO         2632    .ARM.Collect$$libinit$$00000013  c_w.l(libinit2.o)
    0x08000264   0x00000000   Code   RO         2634    .ARM.Collect$$libinit$$00000015  c_w.l(libinit2.o)
    0x08000264   0x00000000   Code   RO         2636    .ARM.Collect$$libinit$$00000017  c_w.l(libinit2.o)
    0x08000264   0x00000000   Code   RO         2638    .ARM.Collect$$libinit$$00000019  c_w.l(libinit2.o)
    0x08000264   0x00000000   Code   RO         2640    .ARM.Collect$$libinit$$0000001B  c_w.l(libinit2.o)
    0x08000264   0x00000000   Code   RO         2642    .ARM.Collect$$libinit$$0000001D  c_w.l(libinit2.o)
    0x08000264   0x00000000   Code   RO         2644    .ARM.Collect$$libinit$$0000001F  c_w.l(libinit2.o)
    0x08000264   0x00000000   Code   RO         2646    .ARM.Collect$$libinit$$00000021  c_w.l(libinit2.o)
    0x08000264   0x00000000   Code   RO         2648    .ARM.Collect$$libinit$$00000023  c_w.l(libinit2.o)
    0x08000264   0x00000000   Code   RO         2650    .ARM.Collect$$libinit$$00000025  c_w.l(libinit2.o)
    0x08000264   0x00000000   Code   RO         2654    .ARM.Collect$$libinit$$0000002C  c_w.l(libinit2.o)
    0x08000264   0x00000000   Code   RO         2656    .ARM.Collect$$libinit$$0000002E  c_w.l(libinit2.o)
    0x08000264   0x00000000   Code   RO         2658    .ARM.Collect$$libinit$$00000030  c_w.l(libinit2.o)
    0x08000264   0x00000000   Code   RO         2660    .ARM.Collect$$libinit$$00000032  c_w.l(libinit2.o)
    0x08000264   0x00000002   Code   RO         2661    .ARM.Collect$$libinit$$00000033  c_w.l(libinit2.o)
    0x08000266   0x00000002   Code   RO         2708    .ARM.Collect$$libshutdown$$00000000  c_w.l(libshutdown.o)
    0x08000268   0x00000000   Code   RO         2715    .ARM.Collect$$libshutdown$$00000003  c_w.l(libshutdown2.o)
    0x08000268   0x00000000   Code   RO         2718    .ARM.Collect$$libshutdown$$00000006  c_w.l(libshutdown2.o)
    0x08000268   0x00000000   Code   RO         2721    .ARM.Collect$$libshutdown$$00000009  c_w.l(libshutdown2.o)
    0x08000268   0x00000000   Code   RO         2723    .ARM.Collect$$libshutdown$$0000000B  c_w.l(libshutdown2.o)
    0x08000268   0x00000000   Code   RO         2726    .ARM.Collect$$libshutdown$$0000000E  c_w.l(libshutdown2.o)
    0x08000268   0x00000002   Code   RO         2727    .ARM.Collect$$libshutdown$$0000000F  c_w.l(libshutdown2.o)
    0x0800026a   0x00000000   Code   RO         2577    .ARM.Collect$$rtentry$$00000000  c_w.l(__rtentry.o)
    0x0800026a   0x00000000   Code   RO         2597    .ARM.Collect$$rtentry$$00000002  c_w.l(__rtentry2.o)
    0x0800026a   0x00000006   Code   RO         2609    .ARM.Collect$$rtentry$$00000004  c_w.l(__rtentry4.o)
    0x08000270   0x00000000   Code   RO         2599    .ARM.Collect$$rtentry$$00000009  c_w.l(__rtentry2.o)
    0x08000270   0x00000004   Code   RO         2600    .ARM.Collect$$rtentry$$0000000A  c_w.l(__rtentry2.o)
    0x08000274   0x00000000   Code   RO         2602    .ARM.Collect$$rtentry$$0000000C  c_w.l(__rtentry2.o)
    0x08000274   0x00000008   Code   RO         2603    .ARM.Collect$$rtentry$$0000000D  c_w.l(__rtentry2.o)
    0x0800027c   0x00000002   Code   RO         2678    .ARM.Collect$$rtexit$$00000000  c_w.l(rtexit.o)
    0x0800027e   0x00000000   Code   RO         2687    .ARM.Collect$$rtexit$$00000002  c_w.l(rtexit2.o)
    0x0800027e   0x00000004   Code   RO         2688    .ARM.Collect$$rtexit$$00000003  c_w.l(rtexit2.o)
    0x08000282   0x00000006   Code   RO         2689    .ARM.Collect$$rtexit$$00000004  c_w.l(rtexit2.o)
    0x08000288   0x00000220   Code   RO            3    .text               main.o
    0x080004a8   0x00000058   Code   RO          272    .text               stm32f4xx_it.o
    0x08000500   0x00000210   Code   RO          322    .text               system_stm32f4xx.o
    0x08000710   0x00000e88   Code   RO          348    .text               ge_pm.o
    0x08001598   0x00000070   Code   RO          376    .text               timer.o
    0x08001608   0x000003a4   Code   RO          400    .text               lan8720.o
    0x080019ac   0x000002a4   Code   RO          431    .text               sram.o
    0x08001c50   0x00000020   Code   RO          451    .text               bsp.o
    0x08001c70   0x00000154   Code   RO          471    .text               bsp_can.o
    0x08001dc4   0x000000bc   Code   RO          495    .text               bsp_key.o
    0x08001e80   0x00000e98   Code   RO          515    .text               bsp_lcd.o
    0x08002d18   0x000000b4   Code   RO          539    .text               bsp_lcd_tim.o
    0x08002dcc   0x000000b4   Code   RO          562    .text               bsp_led.o
    0x08002e80   0x0000050c   Code   RO          582    .text               bsp_mb.o
    0x0800338c   0x00000038   Code   RO          606    .text               bsp_mb_crc.o
    0x080033c4   0x000001ec   Code   RO          628    .text               bsp_mb_timer.o
    0x080035b0   0x00000310   Code   RO          649    .text               bsp_mb_usart.o
    0x080038c0   0x00000320   Code   RO          674    .text               bsp_mem.o
    0x08003be0   0x00000040   Code   RO          755    .text               startup_stm32f40_41xxx.o
    0x08003c20   0x000000e0   Code   RO          761    .text               misc.o
    0x08003d00   0x00000294   Code   RO          781    .text               stm32f4xx_gpio.o
    0x08003f94   0x0000065c   Code   RO          801    .text               stm32f4xx_rcc.o
    0x080045f0   0x00000094   Code   RO          823    .text               stm32f4xx_syscfg.o
    0x08004684   0x00000ca2   Code   RO          843    .text               stm32f4xx_tim.o
    0x08005326   0x00000002   PAD
    0x08005328   0x00000454   Code   RO          863    .text               stm32f4xx_usart.o
    0x0800577c   0x00000e4c   Code   RO          883    .text               stm32f4x7_eth.o
    0x080065c8   0x000005c8   Code   RO          910    .text               stm32f4xx_fsmc.o
    0x08006b90   0x0000016c   Code   RO          953    .text               stm32f4xx_pwr.o
    0x08006cfc   0x000009f0   Code   RO         1013    .text               stm32f4xx_can.o
    0x080076ec   0x00000128   Code   RO         1033    .text               delay.o
    0x08007814   0x0000015c   Code   RO         1073    .text               usart.o
    0x08007970   0x0000051c   Code   RO         1104    .text               lwip_comm.o
    0x08007e8c   0x00000108   Code   RO         1207    .text               fs.o
    0x08007f94   0x000012a0   Code   RO         1240    .text               httpd.o
    0x08009234   0x00001e98   Code   RO         1298    .text               httpd_cgi_ssi.o
    0x0800b0cc   0x00000e84   Code   RO         1337    .text               etharp.o
    0x0800bf50   0x00000228   Code   RO         1372    .text               ethernetif.o
    0x0800c178   0x00000424   Code   RO         1428    .text               icmp.o
    0x0800c59c   0x000002b4   Code   RO         1489    .text               inet_chksum.o
    0x0800c850   0x00000430   Code   RO         1509    .text               ip.o
    0x0800cc80   0x0000032c   Code   RO         1544    .text               ip_addr.o
    0x0800cfac   0x00000a28   Code   RO         1581    .text               ip_frag.o
    0x0800d9d4   0x0000003e   Code   RO         1606    .text               def.o
    0x0800da12   0x00000002   PAD
    0x0800da14   0x00001a6c   Code   RO         1626    .text               dhcp.o
    0x0800f480   0x00000024   Code   RO         1668    .text               init.o
    0x0800f4a4   0x000001d4   Code   RO         1703    .text               memp.o
    0x0800f678   0x00000340   Code   RO         1744    .text               netif.o
    0x0800f9b8   0x000010a0   Code   RO         1774    .text               pbuf.o
    0x08010a58   0x0000024c   Code   RO         1794    .text               raw.o
    0x08010ca4   0x0000148c   Code   RO         1830    .text               tcp.o
    0x08012130   0x00001878   Code   RO         1862    .text               tcp_in.o
    0x080139a8   0x00001346   Code   RO         1893    .text               tcp_out.o
    0x08014cee   0x00000002   PAD
    0x08014cf0   0x00000330   Code   RO         1914    .text               timers.o
    0x08015020   0x000005e8   Code   RO         1963    .text               udp.o
    0x08015608   0x00000744   Code   RO         2000    .text               mem.o
    0x08015d4c   0x000003d4   Code   RO         2023    .text               sys_arch.o
    0x08016120   0x00000bfc   Code   RO         2050    .text               api_lib.o
    0x08016d1c   0x000017c0   Code   RO         2089    .text               api_msg.o
    0x080184dc   0x000003b0   Code   RO         2132    .text               netbuf.o
    0x0801888c   0x00001c58   Code   RO         2186    .text               sockets.o
    0x0801a4e4   0x000003b8   Code   RO         2210    .text               tcpip.o
    0x0801a89c   0x00000970   Code   RO         2241    .text               os_core.o
    0x0801b20c   0x0000080c   Code   RO         2269    .text               os_flag.o
    0x0801ba18   0x000001e4   Code   RO         2309    .text               os_mem.o
    0x0801bbfc   0x000005f8   Code   RO         2349    .text               os_q.o
    0x0801c1f4   0x000003dc   Code   RO         2369    .text               os_sem.o
    0x0801c5d0   0x000007c4   Code   RO         2389    .text               os_task.o
    0x0801cd94   0x000001b0   Code   RO         2409    .text               os_time.o
    0x0801cf44   0x00000670   Code   RO         2429    .text               os_tmr.o
    0x0801d5b4   0x000001e8   Code   RO         2449    .text               os_cpu_c.o
    0x0801d79c   0x000000c8   Code   RO         2477    .text               os_cpu_a.o
    0x0801d864   0x00000234   Code   RO         2482    .text               malloc.o
    0x0801da98   0x00000002   Code   RO         2514    .text               c_w.l(use_no_semi_2.o)
    0x0801da9a   0x00000002   PAD
    0x0801da9c   0x00000010   Code   RO         2516    .text               c_w.l(rt_ctype_table.o)
    0x0801daac   0x00000018   Code   RO         2520    .text               c_w.l(noretval__2printf.o)
    0x0801dac4   0x00000068   Code   RO         2522    .text               c_w.l(__printf.o)
    0x0801db2c   0x00000052   Code   RO         2524    .text               c_w.l(_printf_str.o)
    0x0801db7e   0x00000002   PAD
    0x0801db80   0x00000078   Code   RO         2526    .text               c_w.l(_printf_dec.o)
    0x0801dbf8   0x00000014   Code   RO         2551    .text               c_w.l(strchr.o)
    0x0801dc0c   0x00000024   Code   RO         2553    .text               c_w.l(strstr.o)
    0x0801dc30   0x00000058   Code   RO         2555    .text               c_w.l(memcmp.o)
    0x0801dc88   0x0000003e   Code   RO         2557    .text               c_w.l(strlen.o)
    0x0801dcc6   0x00000096   Code   RO         2559    .text               c_w.l(strncmp.o)
    0x0801dd5c   0x0000008a   Code   RO         2561    .text               c_w.l(rt_memcpy_v6.o)
    0x0801dde6   0x00000064   Code   RO         2563    .text               c_w.l(rt_memcpy_w.o)
    0x0801de4a   0x00000044   Code   RO         2565    .text               c_w.l(rt_memclr.o)
    0x0801de8e   0x0000004e   Code   RO         2567    .text               c_w.l(rt_memclr_w.o)
    0x0801dedc   0x00000080   Code   RO         2569    .text               c_w.l(strcmpv7m.o)
    0x0801df5c   0x00000006   Code   RO         2571    .text               c_w.l(heapauxi.o)
    0x0801df62   0x00000002   Code   RO         2575    .text               c_w.l(use_no_semi.o)
    0x0801df64   0x00000008   Code   RO         2581    .text               c_w.l(rt_locale_intlibspace.o)
    0x0801df6c   0x000000b2   Code   RO         2583    .text               c_w.l(_printf_intcommon.o)
    0x0801e01e   0x0000002c   Code   RO         2585    .text               c_w.l(_printf_char.o)
    0x0801e04a   0x00000002   PAD
    0x0801e04c   0x00000024   Code   RO         2587    .text               c_w.l(_printf_char_file.o)
    0x0801e070   0x00000008   Code   RO         2593    .text               c_w.l(libspace.o)
    0x0801e078   0x00000030   Code   RO         2611    .text               c_w.l(_printf_char_common.o)
    0x0801e0a8   0x00000008   Code   RO         2613    .text               c_w.l(ferror.o)
    0x0801e0b0   0x0000004a   Code   RO         2662    .text               c_w.l(sys_stackheap_outer.o)
    0x0801e0fa   0x0000000c   Code   RO         2666    .text               c_w.l(exit.o)
    0x0801e106   0x00000002   PAD
    0x0801e108   0x0000002c   Code   RO         2591    locale$$code        c_w.l(lc_ctype_c.o)
    0x0801e134   0x0000000a   Code   RO         2676    x$fpl$fpinit        fz_wm.l(fpinit.o)
    0x0801e13e   0x00000200   Data   RO          607    .constdata          bsp_mb_crc.o
    0x0801e33e   0x00000002   PAD
    0x0801e340   0x0000001c   Data   RO          911    .constdata          stm32f4xx_fsmc.o
    0x0801e35c   0x00042394   Data   RO         1209    .constdata          fs.o
    0x080606f0   0x00000030   Data   RO         1242    .constdata          httpd.o
    0x08060720   0x00000010   Data   RO         1299    .constdata          httpd_cgi_ssi.o
    0x08060730   0x0000000c   Data   RO         1339    .constdata          etharp.o
    0x0806073c   0x00000008   Data   RO         1546    .constdata          ip_addr.o
    0x08060744   0x00000038   Data   RO         1705    .constdata          memp.o
    0x0806077c   0x00000050   Data   RO         1831    .constdata          tcp.o
    0x080607cc   0x00000004   Data   RO         2024    .constdata          sys_arch.o
    0x080607d0   0x00000040   Data   RO         2188    .constdata          sockets.o
    0x08060810   0x00000100   Data   RO         2243    .constdata          os_core.o
    0x08060910   0x00000024   Data   RO         2488    .constdata          malloc.o
    0x08060934   0x0000006a   Data   RO         1243    .conststring        httpd.o
    0x0806099e   0x00000002   PAD
    0x080609a0   0x00000026   Data   RO         1300    .conststring        httpd_cgi_ssi.o
    0x080609c6   0x00000002   PAD
    0x080609c8   0x00000044   Data   RO         1340    .conststring        etharp.o
    0x08060a0c   0x0000008c   Data   RO         1628    .conststring        dhcp.o
    0x08060a98   0x000000a0   Data   RO         1706    .conststring        memp.o
    0x08060b38   0x0000006d   Data   RO         1832    .conststring        tcp.o
    0x08060ba5   0x00000003   PAD
    0x08060ba8   0x00000055   Data   RO         1894    .conststring        tcp_out.o
    0x08060bfd   0x00000003   PAD
    0x08060c00   0x00000020   Data   RO         2748    Region$$Table       anon$$obj.o
    0x08060c20   0x00000110   Data   RO         2590    locale$$data        c_w.l(lc_ctype_c.o)


    Execution Region RW_IRAM1 (Base: 0x20000000, Size: 0x000126d0, Max: 0x00020000, ABSOLUTE, COMPRESSED[0x000000d0])

    Base Addr    Size         Type   Attr      Idx    E Section Name        Object

    0x20000000   0x00000014   Data   RW          323    .data               system_stm32f4xx.o
    0x20000014   0x0000001a   Data   RW          350    .data               ge_pm.o
    0x2000002e   0x00000002   PAD
    0x20000030   0x00000010   Data   RW          401    .data               lan8720.o
    0x20000040   0x00000001   Data   RW          473    .data               bsp_can.o
    0x20000041   0x00000003   PAD
    0x20000044   0x0000012c   Data   RW          516    .data               bsp_lcd.o
    0x20000170   0x00000001   Data   RW          540    .data               bsp_lcd_tim.o
    0x20000171   0x00000003   PAD
    0x20000174   0x0000000d   Data   RW          584    .data               bsp_mb.o
    0x20000181   0x00000001   Data   RW          651    .data               bsp_mb_usart.o
    0x20000182   0x00000001   Data   RW          729    .data               bsp_mem.o
    0x20000183   0x00000010   Data   RW          802    .data               stm32f4xx_rcc.o
    0x20000193   0x00000001   PAD
    0x20000194   0x00000010   Data   RW          885    .data               stm32f4x7_eth.o
    0x200001a4   0x00000004   Data   RW         1034    .data               delay.o
    0x200001a8   0x00000006   Data   RW         1075    .data               usart.o
    0x200001ae   0x00000002   PAD
    0x200001b0   0x00000008   Data   RW         1106    .data               lwip_comm.o
    0x200001b8   0x00000024   Data   RW         1244    .data               httpd.o
    0x200001dc   0x00000014   Data   RW         1301    .data               httpd_cgi_ssi.o
    0x200001f0   0x00000001   Data   RW         1341    .data               etharp.o
    0x200001f1   0x00000003   PAD
    0x200001f4   0x00000012   Data   RW         1510    .data               ip.o
    0x20000206   0x00000002   PAD
    0x20000208   0x00000006   Data   RW         1582    .data               ip_frag.o
    0x2000020e   0x00000002   PAD
    0x20000210   0x00000004   Data   RW         1629    .data               dhcp.o
    0x20000214   0x0000003c   Data   RW         1707    .data               memp.o
    0x20000250   0x00000009   Data   RW         1745    .data               netif.o
    0x20000259   0x00000003   PAD
    0x2000025c   0x00000004   Data   RW         1795    .data               raw.o
    0x20000260   0x00000024   Data   RW         1833    .data               tcp.o
    0x20000284   0x00000020   Data   RW         1864    .data               tcp_in.o
    0x200002a4   0x00000008   Data   RW         1915    .data               timers.o
    0x200002ac   0x00000008   Data   RW         1964    .data               udp.o
    0x200002b4   0x00000014   Data   RW         2001    .data               mem.o
    0x200002c8   0x00000008   Data   RW         2189    .data               sockets.o
    0x200002d0   0x0000000c   Data   RW         2211    .data               tcpip.o
    0x200002dc   0x00000060   Data   RW         2244    .data               os_core.o
    0x2000033c   0x00000006   Data   RW         2450    .data               os_cpu_c.o
    0x20000342   0x00000002   PAD
    0x20000344   0x00000024   Data   RW         2489    .data               malloc.o
    0x20000368   0x00000150   Zero   RW          349    .bss                ge_pm.o
    0x200004b8   0x00000028   Zero   RW          472    .bss                bsp_can.o
    0x200004e0   0x00000190   Zero   RW          583    .bss                bsp_mb.o
    0x20000670   0x0000012c   Zero   RW          650    .bss                bsp_mb_usart.o
    0x2000079c   0x0000000c   Zero   RW          884    .bss                stm32f4x7_eth.o
    0x200007a8   0x000000c8   Zero   RW         1074    .bss                usart.o
    0x20000870   0x0000004c   Zero   RW         1105    .bss                lwip_comm.o
    0x200008bc   0x000000f0   Zero   RW         1208    .bss                fs.o
    0x200009ac   0x00000400   Zero   RW         1241    .bss                httpd.o
    0x20000dac   0x000000c8   Zero   RW         1338    .bss                etharp.o
    0x20000e74   0x00000010   Zero   RW         1545    .bss                ip_addr.o
    0x20000e84   0x00000032   Zero   RW         1627    .bss                dhcp.o
    0x20000eb6   0x00000002   PAD
    0x20000eb8   0x00000038   Zero   RW         1704    .bss                memp.o
    0x20000ef0   0x00000014   Zero   RW         1863    .bss                tcp_in.o
    0x20000f04   0x00000060   Zero   RW         2187    .bss                sockets.o
    0x20000f64   0x00000060   Zero   RW         2594    .bss                c_w.l(libspace.o)
    0x20000fc4   0x0000003c   PAD
    0x20001000   0x00000300   Zero   RW          675    .ARM.__AT_0x20001000  bsp_mem.o
    0x20001300   0x00000004   Zero   RW          676    .ARM.__AT_0x20001300  bsp_mem.o
    0x20001304   0x00000004   Zero   RW          677    .ARM.__AT_0x20001304  bsp_mem.o
    0x20001308   0x00000004   Zero   RW          678    .ARM.__AT_0x20001308  bsp_mem.o
    0x2000130c   0x00000004   Zero   RW          679    .ARM.__AT_0x2000130C  bsp_mem.o
    0x20001310   0x00000004   Zero   RW          680    .ARM.__AT_0x20001310  bsp_mem.o
    0x20001314   0x00000004   Zero   RW          681    .ARM.__AT_0x20001314  bsp_mem.o
    0x20001318   0x00000004   Zero   RW          682    .ARM.__AT_0x20001318  bsp_mem.o
    0x2000131c   0x00000004   Zero   RW          683    .ARM.__AT_0x2000131C  bsp_mem.o
    0x20001320   0x00000004   Zero   RW          684    .ARM.__AT_0x20001320  bsp_mem.o
    0x20001324   0x00000004   Zero   RW          685    .ARM.__AT_0x20001324  bsp_mem.o
    0x20001328   0x00000004   Zero   RW          686    .ARM.__AT_0x20001328  bsp_mem.o
    0x2000132c   0x00000004   Zero   RW          687    .ARM.__AT_0x2000132C  bsp_mem.o
    0x20001330   0x000000d0   PAD
    0x20001400   0x00000300   Zero   RW          688    .ARM.__AT_0x20001400  bsp_mem.o
    0x20001700   0x00000004   Zero   RW          689    .ARM.__AT_0x20001700  bsp_mem.o
    0x20001704   0x00000004   Zero   RW          690    .ARM.__AT_0x20001704  bsp_mem.o
    0x20001708   0x00000004   Zero   RW          691    .ARM.__AT_0x20001708  bsp_mem.o
    0x2000170c   0x00000004   Zero   RW          692    .ARM.__AT_0x2000170C  bsp_mem.o
    0x20001710   0x00000004   Zero   RW          693    .ARM.__AT_0x20001710  bsp_mem.o
    0x20001714   0x00000004   Zero   RW          694    .ARM.__AT_0x20001714  bsp_mem.o
    0x20001718   0x00000004   Zero   RW          695    .ARM.__AT_0x20001718  bsp_mem.o
    0x2000171c   0x00000004   Zero   RW          696    .ARM.__AT_0x2000171C  bsp_mem.o
    0x20001720   0x00000004   Zero   RW          697    .ARM.__AT_0x20001720  bsp_mem.o
    0x20001724   0x00000004   Zero   RW          698    .ARM.__AT_0x20001724  bsp_mem.o
    0x20001728   0x00000004   Zero   RW          699    .ARM.__AT_0x20001728  bsp_mem.o
    0x2000172c   0x00000004   Zero   RW          700    .ARM.__AT_0x2000172C  bsp_mem.o
    0x20001730   0x000000d0   PAD
    0x20001800   0x00000004   Zero   RW          701    .ARM.__AT_0x20001800  bsp_mem.o
    0x20001804   0x00000004   Zero   RW          702    .ARM.__AT_0x20001804  bsp_mem.o
    0x20001808   0x00000004   Zero   RW          703    .ARM.__AT_0x20001808  bsp_mem.o
    0x2000180c   0x00000004   Zero   RW          704    .ARM.__AT_0x2000180C  bsp_mem.o
    0x20001810   0x00000004   Zero   RW          705    .ARM.__AT_0x20001810  bsp_mem.o
    0x20001814   0x00000004   Zero   RW          706    .ARM.__AT_0x20001814  bsp_mem.o
    0x20001818   0x00000004   Zero   RW          707    .ARM.__AT_0x20001818  bsp_mem.o
    0x2000181c   0x00000004   Zero   RW          708    .ARM.__AT_0x2000181C  bsp_mem.o
    0x20001820   0x00000004   Zero   RW          709    .ARM.__AT_0x20001820  bsp_mem.o
    0x20001824   0x00000004   Zero   RW          710    .ARM.__AT_0x20001824  bsp_mem.o
    0x20001828   0x00000004   Zero   RW          711    .ARM.__AT_0x20001828  bsp_mem.o
    0x2000182c   0x00000004   Zero   RW          712    .ARM.__AT_0x2000182C  bsp_mem.o
    0x20001830   0x00000004   Zero   RW          713    .ARM.__AT_0x20001830  bsp_mem.o
    0x20001834   0x00000004   Zero   RW          714    .ARM.__AT_0x20001834  bsp_mem.o
    0x20001838   0x00000004   Zero   RW          715    .ARM.__AT_0x20001838  bsp_mem.o
    0x2000183c   0x00000004   Zero   RW          716    .ARM.__AT_0x2000183C  bsp_mem.o
    0x20001840   0x00000004   Zero   RW          717    .ARM.__AT_0x20001840  bsp_mem.o
    0x20001844   0x00000004   Zero   RW          718    .ARM.__AT_0x20001844  bsp_mem.o
    0x20001848   0x00000004   Zero   RW          719    .ARM.__AT_0x20001848  bsp_mem.o
    0x2000184c   0x00000004   Zero   RW          720    .ARM.__AT_0x2000184C  bsp_mem.o
    0x20001850   0x00000004   Zero   RW          721    .ARM.__AT_0x20001850  bsp_mem.o
    0x20001854   0x00000004   Zero   RW          722    .ARM.__AT_0x20001854  bsp_mem.o
    0x20001858   0x00000004   Zero   RW          723    .ARM.__AT_0x20001858  bsp_mem.o
    0x2000185c   0x00000004   Zero   RW          724    .ARM.__AT_0x2000185C  bsp_mem.o
    0x20001860   0x00000004   Zero   RW          725    .ARM.__AT_0x20001860  bsp_mem.o
    0x20001864   0x00000004   Zero   RW          726    .ARM.__AT_0x20001864  bsp_mem.o
    0x20001868   0x00000004   Zero   RW          727    .ARM.__AT_0x20001868  bsp_mem.o
    0x2000186c   0x00000004   Zero   RW          728    .ARM.__AT_0x2000186C  bsp_mem.o
    0x20001870   0x00002400   Zero   RW            4    .bss                main.o
    0x20003c70   0x00000fe0   Zero   RW         2242    .bss                os_core.o
    0x20004c50   0x0000d480   Zero   RW         2487    .bss                malloc.o
    0x200120d0   0x00000200   Zero   RW          753    HEAP                startup_stm32f40_41xxx.o
    0x200122d0   0x00000400   Zero   RW          752    STACK               startup_stm32f40_41xxx.o



  Load Region LR$$.ARM.__AT_0x10000000 (Base: 0x10000000, Size: 0x00000000, Max: 0x0000f000, ABSOLUTE)

    Execution Region ER$$.ARM.__AT_0x10000000 (Base: 0x10000000, Size: 0x0000f000, Max: 0x0000f000, ABSOLUTE, UNINIT)

    Base Addr    Size         Type   Attr      Idx    E Section Name        Object

    0x10000000   0x0000f000   Zero   RW         2483    .ARM.__AT_0x10000000  malloc.o



  Load Region LR$$.ARM.__AT_0x1000F000 (Base: 0x1000f000, Size: 0x00000000, Max: 0x00000f00, ABSOLUTE)

    Execution Region ER$$.ARM.__AT_0x1000F000 (Base: 0x1000f000, Size: 0x00000f00, Max: 0x00000f00, ABSOLUTE, UNINIT)

    Base Addr    Size         Type   Attr      Idx    E Section Name        Object

    0x1000f000   0x00000f00   Zero   RW         2484    .ARM.__AT_0x1000F000  malloc.o



  Load Region LR$$.ARM.__AT_0x68000000 (Base: 0x68000000, Size: 0x00000000, Max: 0x00032000, ABSOLUTE)

    Execution Region ER$$.ARM.__AT_0x68000000 (Base: 0x68000000, Size: 0x00032000, Max: 0x00032000, ABSOLUTE, UNINIT)

    Base Addr    Size         Type   Attr      Idx    E Section Name        Object

    0x68000000   0x00032000   Zero   RW         2485    .ARM.__AT_0x68000000  malloc.o



  Load Region LR$$.ARM.__AT_0x68032000 (Base: 0x68032000, Size: 0x00000000, Max: 0x00003200, ABSOLUTE)

    Execution Region ER$$.ARM.__AT_0x68032000 (Base: 0x68032000, Size: 0x00003200, Max: 0x00003200, ABSOLUTE, UNINIT)

    Base Addr    Size         Type   Attr      Idx    E Section Name        Object

    0x68032000   0x00003200   Zero   RW         2486    .ARM.__AT_0x68032000  malloc.o


==============================================================================

Image component sizes


      Code (inc. data)   RO Data    RW Data    ZI Data      Debug   Object Name

      3068        818          0          0          0      17549   api_lib.o
      6080       1222          0          0          0      10195   api_msg.o
        32          0          0          0          0        483   bsp.o
       340         12          0          1         40       1958   bsp_can.o
       188          6          0          0          0       1276   bsp_key.o
      3736        290          0        300          0       7081   bsp_lcd.o
       180          8          0          1          0       1393   bsp_lcd_tim.o
       180          6          0          0          0        631   bsp_led.o
      1292         80          0         13        400       3597   bsp_mb.o
        56          8        512          0          0       1192   bsp_mb_crc.o
       492         14          0          0          0       2465   bsp_mb_timer.o
       784         46          0          1        300       3368   bsp_mb_usart.o
       800        224          0          1       1744       5697   bsp_mem.o
        62          0          0          0          0       1222   def.o
       296         16          0          4          0       1781   delay.o
      6764       1090        140          4         50      13178   dhcp.o
      3716        604         80          1        200       9819   etharp.o
       552        134          0          0          0       4754   ethernetif.o
       264          8     271252          0        240       5922   fs.o
      3720        330          0         26        336       6387   ge_pm.o
      4768        788        154         36       1024      20501   httpd.o
      7832        206         54         20          0       6433   httpd_cgi_ssi.o
      1060        372          0          0          0       2650   icmp.o
         0          0          0          0          0       5676   inet.o
       692        104          0          0          0       2993   inet_chksum.o
        36          0          0          0          0       4576   init.o
      1072        172          0         18          0       7115   ip.o
       812        112          8          0         16       9515   ip_addr.o
      2600        486          0          6          0       7328   ip_frag.o
       932         58          0         16          0       3870   lan8720.o
      1308        472          0          8         76      28040   lwip_comm.o
       544         78          0          0       9216     350235   main.o
       564         18         36         36     337280       4811   malloc.o
      1860        568          0         20          0       4118   mem.o
       468        196        216         60         56       3120   memp.o
       224         20          0          0          0       1949   misc.o
       944        340          0          0          0       3969   netbuf.o
       832        124          0          9          0       6389   netif.o
      2416        248        256         96       4064      17000   os_core.o
       200         32          0          0          0        324   os_cpu_a.o
       488          8          0          6          0      12198   os_cpu_c.o
      2060         42          0          0          0       6896   os_flag.o
       484         16          0          0          0       3116   os_mem.o
      1528         34          0          0          0       5533   os_q.o
       988         64          0          0          0       3898   os_sem.o
      1988         70          0          0          0       7553   os_task.o
       432         30          0          0          0       1798   os_time.o
      1648        134          0          0          0       5513   os_tmr.o
      4256       1236          0          0          0       9253   pbuf.o
       588        134          0          4          0       3357   raw.o
      7256        666         64          8         96      17494   sockets.o
       676         18          0          0          0       2225   sram.o
        64         26        392          0       1536        832   startup_stm32f40_41xxx.o
      3660         96          0         16         12      19690   stm32f4x7_eth.o
      2544         38          0          0          0       8096   stm32f4xx_can.o
      1480         18         28          0          0       5766   stm32f4xx_fsmc.o
       660         44          0          0          0       4221   stm32f4xx_gpio.o
        88         14          0          0          0       1203   stm32f4xx_it.o
       364         12          0          0          0       3783   stm32f4xx_pwr.o
      1628         52          0         16          0      13032   stm32f4xx_rcc.o
       148         12          0          0          0       1897   stm32f4xx_syscfg.o
      3234         60          0          0          0      22424   stm32f4xx_tim.o
      1108         34          0          0          0       7924   stm32f4xx_usart.o
       980        166          4          0          0       6314   sys_arch.o
       528         46          0         20          0       1767   system_stm32f4xx.o
      5260       1092        189         36          0      21671   tcp.o
      6264        964          0         32         20      15071   tcp_in.o
      4934        954         85          0          0       9699   tcp_out.o
       952        194          0         12          0       9848   tcpip.o
       112          4          0          0          0        792   timer.o
       816        186          0          8          0       3527   timers.o
      1512        202          0          8          0      14201   udp.o
       348         18          0          6        200       3318   usart.o

    ----------------------------------------------------------------------
    120848      15994     273514        872     357324     844470   Object Totals
         0          0         32          0          0          0   (incl. Generated)
         6          0         12         23        418          0   (incl. Padding)

    ----------------------------------------------------------------------

      Code (inc. data)   RO Data    RW Data    ZI Data      Debug   Library Member Name

        90          0          0          0          0          0   __dczerorl2.o
         8          0          0          0          0         68   __main.o
       104          0          0          0          0         84   __printf.o
         0          0          0          0          0          0   __rtentry.o
        12          0          0          0          0          0   __rtentry2.o
         6          0          0          0          0          0   __rtentry4.o
        52          8          0          0          0          0   __scatter.o
        28          0          0          0          0          0   __scatter_zi.o
        44          0          0          0          0        108   _printf_char.o
        48          6          0          0          0         96   _printf_char_common.o
        36          4          0          0          0         80   _printf_char_file.o
         6          0          0          0          0          0   _printf_d.o
       120         16          0          0          0         92   _printf_dec.o
       178          0          0          0          0         88   _printf_intcommon.o
         0          0          0          0          0          0   _printf_percent.o
         4          0          0          0          0          0   _printf_percent_end.o
         6          0          0          0          0          0   _printf_s.o
        82          0          0          0          0         80   _printf_str.o
        12          0          0          0          0         72   exit.o
         8          0          0          0          0         68   ferror.o
         6          0          0          0          0        152   heapauxi.o
        44         10        272          0          0         76   lc_ctype_c.o
         2          0          0          0          0          0   libinit.o
        24          0          0          0          0          0   libinit2.o
         2          0          0          0          0          0   libshutdown.o
         2          0          0          0          0          0   libshutdown2.o
         8          4          0          0         96         68   libspace.o
        88          0          0          0          0         76   memcmp.o
        24          4          0          0          0         84   noretval__2printf.o
        16          4          0          0          0         76   rt_ctype_table.o
         8          4          0          0          0         68   rt_locale_intlibspace.o
        68          0          0          0          0         68   rt_memclr.o
        78          0          0          0          0         80   rt_memclr_w.o
       138          0          0          0          0         68   rt_memcpy_v6.o
       100          0          0          0          0         80   rt_memcpy_w.o
         2          0          0          0          0          0   rtexit.o
        10          0          0          0          0          0   rtexit2.o
        20          0          0          0          0         68   strchr.o
       128          0          0          0          0         68   strcmpv7m.o
        62          0          0          0          0         76   strlen.o
       150          0          0          0          0         80   strncmp.o
        36          0          0          0          0         80   strstr.o
        74          0          0          0          0         80   sys_stackheap_outer.o
         2          0          0          0          0         68   use_no_semi.o
         2          0          0          0          0         68   use_no_semi_2.o
        10          0          0          0          0        116   fpinit.o

    ----------------------------------------------------------------------
      1958         60        272          0        156       2436   Library Totals
        10          0          0          0         60          0   (incl. Padding)

    ----------------------------------------------------------------------

      Code (inc. data)   RO Data    RW Data    ZI Data      Debug   Library Name

      1938         60        272          0         96       2320   c_w.l
        10          0          0          0          0        116   fz_wm.l

    ----------------------------------------------------------------------
      1958         60        272          0        156       2436   Library Totals

    ----------------------------------------------------------------------

==============================================================================


      Code (inc. data)   RO Data    RW Data    ZI Data      Debug   

    122806      16054     273786        872     357480     831806   Grand Totals
    122806      16054     273786        208     357480     831806   ELF Image Totals (compressed)
    122806      16054     273786        208          0          0   ROM Totals

==============================================================================

    Total RO  Size (Code + RO Data)               396592 ( 387.30kB)
    Total RW  Size (RW Data + ZI Data)            358352 ( 349.95kB)
    Total ROM Size (Code + RO Data + RW Data)     396800 ( 387.50kB)

==============================================================================

